###############################################################################
#
# IAR ELF Linker V7.70.2.11706/W32 for ARM                06/Jan/2017  20:25:14
# Copyright 2007-2016 IAR Systems AB.
#
#    Output file  =  
#        C:\Users\smachin\projects\personal\FSL_Thread_Stack_0.6.0\Thread\app\thread\thread_end_device\iar\usbkw24d512\mqxlite_debug\Exe\thread_end_device_usbkw24d512_mqxlite_debug.out.tmp
#    Map file     =  
#        C:\Users\smachin\projects\personal\FSL_Thread_Stack_0.6.0\Thread\app\thread\thread_end_device\iar\usbkw24d512\mqxlite_debug\List\thread_end_device_usbkw24d512_mqxlite_debug.map
#    Command line =  
#        C:\Users\smachin\projects\personal\FSL_Thread_Stack_0.6.0\Thread\app\thread\thread_end_device\iar\usbkw24d512\mqxlite_debug\Obj\app_init.o
#        C:\Users\smachin\projects\personal\FSL_Thread_Stack_0.6.0\Thread\app\thread\thread_end_device\iar\usbkw24d512\mqxlite_debug\Obj\app_temp_sensor.o
#        C:\Users\smachin\projects\personal\FSL_Thread_Stack_0.6.0\Thread\app\thread\thread_end_device\iar\usbkw24d512\mqxlite_debug\Obj\ASP.o
#        C:\Users\smachin\projects\personal\FSL_Thread_Stack_0.6.0\Thread\app\thread\thread_end_device\iar\usbkw24d512\mqxlite_debug\Obj\coap_globals.o
#        C:\Users\smachin\projects\personal\FSL_Thread_Stack_0.6.0\Thread\app\thread\thread_end_device\iar\usbkw24d512\mqxlite_debug\Obj\CopyToRam.o
#        C:\Users\smachin\projects\personal\FSL_Thread_Stack_0.6.0\Thread\app\thread\thread_end_device\iar\usbkw24d512\mqxlite_debug\Obj\debug_log.o
#        C:\Users\smachin\projects\personal\FSL_Thread_Stack_0.6.0\Thread\app\thread\thread_end_device\iar\usbkw24d512\mqxlite_debug\Obj\dhcp_globals.o
#        C:\Users\smachin\projects\personal\FSL_Thread_Stack_0.6.0\Thread\app\thread\thread_end_device\iar\usbkw24d512\mqxlite_debug\Obj\Eeprom_AT45DB161E.o
#        C:\Users\smachin\projects\personal\FSL_Thread_Stack_0.6.0\Thread\app\thread\thread_end_device\iar\usbkw24d512\mqxlite_debug\Obj\Eeprom_InternalFlash.o
#        C:\Users\smachin\projects\personal\FSL_Thread_Stack_0.6.0\Thread\app\thread\thread_end_device\iar\usbkw24d512\mqxlite_debug\Obj\end_device_app.o
#        C:\Users\smachin\projects\personal\FSL_Thread_Stack_0.6.0\Thread\app\thread\thread_end_device\iar\usbkw24d512\mqxlite_debug\Obj\event_manager_globals.o
#        C:\Users\smachin\projects\personal\FSL_Thread_Stack_0.6.0\Thread\app\thread\thread_end_device\iar\usbkw24d512\mqxlite_debug\Obj\Flash_Adapter.o
#        C:\Users\smachin\projects\personal\FSL_Thread_Stack_0.6.0\Thread\app\thread\thread_end_device\iar\usbkw24d512\mqxlite_debug\Obj\FlashCommandSequence.o
#        C:\Users\smachin\projects\personal\FSL_Thread_Stack_0.6.0\Thread\app\thread\thread_end_device\iar\usbkw24d512\mqxlite_debug\Obj\FlashEraseSector.o
#        C:\Users\smachin\projects\personal\FSL_Thread_Stack_0.6.0\Thread\app\thread\thread_end_device\iar\usbkw24d512\mqxlite_debug\Obj\FlashInit.o
#        C:\Users\smachin\projects\personal\FSL_Thread_Stack_0.6.0\Thread\app\thread\thread_end_device\iar\usbkw24d512\mqxlite_debug\Obj\FlashProgram.o
#        C:\Users\smachin\projects\personal\FSL_Thread_Stack_0.6.0\Thread\app\thread\thread_end_device\iar\usbkw24d512\mqxlite_debug\Obj\FlashVerifySection.o
#        C:\Users\smachin\projects\personal\FSL_Thread_Stack_0.6.0\Thread\ieee_802_15_4\Lib\Freescale_802.15.4_MAC_06_M4_IAR.a
#        C:\Users\smachin\projects\personal\FSL_Thread_Stack_0.6.0\Thread\app\thread\thread_end_device\iar\usbkw24d512\mqxlite_debug\Obj\fsci_commands.o
#        C:\Users\smachin\projects\personal\FSL_Thread_Stack_0.6.0\Thread\app\thread\thread_end_device\iar\usbkw24d512\mqxlite_debug\Obj\FsciCommands.o
#        C:\Users\smachin\projects\personal\FSL_Thread_Stack_0.6.0\Thread\app\thread\thread_end_device\iar\usbkw24d512\mqxlite_debug\Obj\FsciCommunication.o
#        C:\Users\smachin\projects\personal\FSL_Thread_Stack_0.6.0\Thread\app\thread\thread_end_device\iar\usbkw24d512\mqxlite_debug\Obj\FsciLogging.o
#        C:\Users\smachin\projects\personal\FSL_Thread_Stack_0.6.0\Thread\app\thread\thread_end_device\iar\usbkw24d512\mqxlite_debug\Obj\FsciMacCommands.o
#        C:\Users\smachin\projects\personal\FSL_Thread_Stack_0.6.0\Thread\app\thread\thread_end_device\iar\usbkw24d512\mqxlite_debug\Obj\FsciMain.o
#        C:\Users\smachin\projects\personal\FSL_Thread_Stack_0.6.0\Thread\app\thread\thread_end_device\iar\usbkw24d512\mqxlite_debug\Obj\fsl_osa_ext_mqxlite.o
#        C:\Users\smachin\projects\personal\FSL_Thread_Stack_0.6.0\Thread\app\thread\thread_end_device\iar\usbkw24d512\mqxlite_debug\Obj\FunctionLib.o
#        C:\Users\smachin\projects\personal\FSL_Thread_Stack_0.6.0\Thread\app\thread\thread_end_device\iar\usbkw24d512\mqxlite_debug\Obj\GenericList.o
#        C:\Users\smachin\projects\personal\FSL_Thread_Stack_0.6.0\Thread\app\thread\thread_end_device\iar\usbkw24d512\mqxlite_debug\Obj\gpio_pins.o
#        C:\Users\smachin\projects\personal\FSL_Thread_Stack_0.6.0\Thread\app\thread\thread_end_device\iar\usbkw24d512\mqxlite_debug\Obj\hardware_init.o
#        C:\Users\smachin\projects\personal\FSL_Thread_Stack_0.6.0\Thread\app\thread\thread_end_device\iar\usbkw24d512\mqxlite_debug\Obj\init_bsp.o
#        C:\Users\smachin\projects\personal\FSL_Thread_Stack_0.6.0\Thread\app\thread\thread_end_device\iar\usbkw24d512\mqxlite_debug\Obj\ip_globals.o
#        C:\Users\smachin\projects\personal\FSL_Thread_Stack_0.6.0\Thread\app\thread\thread_end_device\iar\usbkw24d512\mqxlite_debug\Obj\ip_if_6LowPan.o
#        C:\Users\smachin\projects\personal\FSL_Thread_Stack_0.6.0\Thread\app\thread\thread_end_device\iar\usbkw24d512\mqxlite_debug\Obj\Keyboard.o
#        C:\Users\smachin\projects\personal\FSL_Thread_Stack_0.6.0\Thread\app\thread\thread_end_device\iar\usbkw24d512\mqxlite_debug\Obj\LED.o
#        C:\Users\smachin\projects\personal\FSL_Thread_Stack_0.6.0\Thread\framework\Utils\SecLib\lib_crypto_IAR_M4.a
#        C:\Users\smachin\projects\personal\FSL_Thread_Stack_0.6.0\Thread\framework\Utils\SecLib\lib_mmcau.a
#        C:\Users\smachin\projects\personal\FSL_Thread_Stack_0.6.0\Thread\app\thread\thread_end_device\iar\usbkw24d512\mqxlite_debug\Obj\mac_abs_802154.o
#        C:\Users\smachin\projects\personal\FSL_Thread_Stack_0.6.0\Thread\app\thread\thread_end_device\iar\usbkw24d512\mqxlite_debug\Obj\mac_filtering.o
#        C:\Users\smachin\projects\personal\FSL_Thread_Stack_0.6.0\Thread\app\thread\thread_end_device\iar\usbkw24d512\mqxlite_debug\Obj\MacGlobals.o
#        C:\Users\smachin\projects\personal\FSL_Thread_Stack_0.6.0\Thread\app\thread\thread_end_device\iar\usbkw24d512\mqxlite_debug\Obj\MCR20Drv.o
#        C:\Users\smachin\projects\personal\FSL_Thread_Stack_0.6.0\Thread\app\thread\thread_end_device\iar\usbkw24d512\mqxlite_debug\Obj\MemManager.o
#        C:\Users\smachin\projects\personal\FSL_Thread_Stack_0.6.0\Thread\app\thread\thread_end_device\iar\usbkw24d512\mqxlite_debug\Obj\Messaging.o
#        C:\Users\smachin\projects\personal\FSL_Thread_Stack_0.6.0\Thread\app\thread\thread_end_device\iar\usbkw24d512\mqxlite_debug\Obj\mle_globals.o
#        C:\Users\smachin\projects\personal\FSL_Thread_Stack_0.6.0\Thread\app\thread\thread_end_device\iar\usbkw24d512\mqxlite_debug\Obj\mpl_globals.o
#        C:\Users\smachin\projects\personal\FSL_Thread_Stack_0.6.0\Thread\app\thread\thread_end_device\iar\usbkw24d512\mqxlite_debug\Obj\MPM.o
#        C:\Users\smachin\projects\personal\FSL_Thread_Stack_0.6.0\Thread\app\thread\thread_end_device\iar\usbkw24d512\mqxlite_debug\Obj\mqx_main.o
#        C:\Users\smachin\projects\personal\FSL_Thread_Stack_0.6.0\Thread\app\thread\thread_end_device\iar\usbkw24d512\mqxlite_debug\Obj\nd_globals.o
#        C:\Users\smachin\projects\personal\FSL_Thread_Stack_0.6.0\Thread\app\thread\thread_end_device\iar\usbkw24d512\mqxlite_debug\Obj\nv_data.o
#        C:\Users\smachin\projects\personal\FSL_Thread_Stack_0.6.0\Thread\app\thread\thread_end_device\iar\usbkw24d512\mqxlite_debug\Obj\NV_Flash.o
#        C:\Users\smachin\projects\personal\FSL_Thread_Stack_0.6.0\Thread\app\thread\thread_end_device\iar\usbkw24d512\mqxlite_debug\Obj\NV_FsciCommands.o
#        C:\Users\smachin\projects\personal\FSL_Thread_Stack_0.6.0\Thread\app\thread\thread_end_device\iar\usbkw24d512\mqxlite_debug\Obj\nvm_adapter.o
#        C:\Users\smachin\projects\personal\FSL_Thread_Stack_0.6.0\Thread\app\thread\thread_end_device\iar\usbkw24d512\mqxlite_debug\Obj\OtaSupport.o
#        C:\Users\smachin\projects\personal\FSL_Thread_Stack_0.6.0\Thread\app\thread\thread_end_device\iar\usbkw24d512\mqxlite_debug\Obj\Panic.o
#        C:\Users\smachin\projects\personal\FSL_Thread_Stack_0.6.0\Thread\app\thread\thread_end_device\iar\usbkw24d512\mqxlite_debug\Obj\PhyDebug.o
#        C:\Users\smachin\projects\personal\FSL_Thread_Stack_0.6.0\Thread\app\thread\thread_end_device\iar\usbkw24d512\mqxlite_debug\Obj\PhyISR.o
#        C:\Users\smachin\projects\personal\FSL_Thread_Stack_0.6.0\Thread\app\thread\thread_end_device\iar\usbkw24d512\mqxlite_debug\Obj\PhyPacketProcessor.o
#        C:\Users\smachin\projects\personal\FSL_Thread_Stack_0.6.0\Thread\app\thread\thread_end_device\iar\usbkw24d512\mqxlite_debug\Obj\PhyPlmeData.o
#        C:\Users\smachin\projects\personal\FSL_Thread_Stack_0.6.0\Thread\app\thread\thread_end_device\iar\usbkw24d512\mqxlite_debug\Obj\PhyStateMachine.o
#        C:\Users\smachin\projects\personal\FSL_Thread_Stack_0.6.0\Thread\app\thread\thread_end_device\iar\usbkw24d512\mqxlite_debug\Obj\PhyTime.o
#        C:\Users\smachin\projects\personal\FSL_Thread_Stack_0.6.0\Thread\app\thread\thread_end_device\iar\usbkw24d512\mqxlite_debug\Obj\pin_mux.o
#        C:\Users\smachin\projects\personal\FSL_Thread_Stack_0.6.0\Thread\app\thread\thread_end_device\iar\usbkw24d512\mqxlite_debug\Obj\PWR.o
#        C:\Users\smachin\projects\personal\FSL_Thread_Stack_0.6.0\Thread\app\thread\thread_end_device\iar\usbkw24d512\mqxlite_debug\Obj\PWRLib.o
#        C:\Users\smachin\projects\personal\FSL_Thread_Stack_0.6.0\Thread\app\thread\thread_end_device\iar\usbkw24d512\mqxlite_debug\Obj\Reset.o
#        C:\Users\smachin\projects\personal\FSL_Thread_Stack_0.6.0\Thread\app\thread\thread_end_device\iar\usbkw24d512\mqxlite_debug\Obj\ripng_globals.o
#        C:\Users\smachin\projects\personal\FSL_Thread_Stack_0.6.0\Thread\app\thread\thread_end_device\iar\usbkw24d512\mqxlite_debug\Obj\RNG.o
#        C:\Users\smachin\projects\personal\FSL_Thread_Stack_0.6.0\Thread\app\thread\thread_end_device\iar\usbkw24d512\mqxlite_debug\Obj\SecLib.o
#        C:\Users\smachin\projects\personal\FSL_Thread_Stack_0.6.0\Thread\app\thread\thread_end_device\iar\usbkw24d512\mqxlite_debug\Obj\SerialManager.o
#        C:\Users\smachin\projects\personal\FSL_Thread_Stack_0.6.0\Thread\app\thread\thread_end_device\iar\usbkw24d512\mqxlite_debug\Obj\shell.o
#        C:\Users\smachin\projects\personal\FSL_Thread_Stack_0.6.0\Thread\app\thread\thread_end_device\iar\usbkw24d512\mqxlite_debug\Obj\shell_autocomplete.o
#        C:\Users\smachin\projects\personal\FSL_Thread_Stack_0.6.0\Thread\app\thread\thread_end_device\iar\usbkw24d512\mqxlite_debug\Obj\shell_cmdhelp.o
#        C:\Users\smachin\projects\personal\FSL_Thread_Stack_0.6.0\Thread\app\thread\thread_end_device\iar\usbkw24d512\mqxlite_debug\Obj\shell_cmdhist.o
#        C:\Users\smachin\projects\personal\FSL_Thread_Stack_0.6.0\Thread\app\thread\thread_end_device\iar\usbkw24d512\mqxlite_debug\Obj\shell_commands.o
#        C:\Users\smachin\projects\personal\FSL_Thread_Stack_0.6.0\Thread\app\thread\thread_end_device\iar\usbkw24d512\mqxlite_debug\Obj\sixlowpan_globals.o
#        C:\Users\smachin\projects\personal\FSL_Thread_Stack_0.6.0\Thread\app\thread\thread_end_device\iar\usbkw24d512\mqxlite_debug\Obj\socket_app_utils.o
#        C:\Users\smachin\projects\personal\FSL_Thread_Stack_0.6.0\Thread\app\thread\thread_end_device\iar\usbkw24d512\mqxlite_debug\Obj\sockets_globals.o
#        C:\Users\smachin\projects\personal\FSL_Thread_Stack_0.6.0\Thread\app\thread\thread_end_device\iar\usbkw24d512\mqxlite_debug\Obj\SPI.o
#        C:\Users\smachin\projects\personal\FSL_Thread_Stack_0.6.0\Thread\app\thread\thread_end_device\iar\usbkw24d512\mqxlite_debug\Obj\SPI_Adapter.o
#        C:\Users\smachin\projects\personal\FSL_Thread_Stack_0.6.0\Thread\app\thread\thread_end_device\iar\usbkw24d512\mqxlite_debug\Obj\stack_start.o
#        C:\Users\smachin\projects\personal\FSL_Thread_Stack_0.6.0\Thread\app\thread\thread_end_device\iar\usbkw24d512\mqxlite_debug\Obj\tcp_globals.o
#        C:\Users\smachin\projects\personal\FSL_Thread_Stack_0.6.0\Thread\nwk_ip\core\lib\thread\thread_m4.a
#        C:\Users\smachin\projects\personal\FSL_Thread_Stack_0.6.0\Thread\app\thread\thread_end_device\iar\usbkw24d512\mqxlite_debug\Obj\thread_manager_config.o
#        C:\Users\smachin\projects\personal\FSL_Thread_Stack_0.6.0\Thread\app\thread\thread_end_device\iar\usbkw24d512\mqxlite_debug\Obj\thread_nwk_data_globals.o
#        C:\Users\smachin\projects\personal\FSL_Thread_Stack_0.6.0\Thread\app\thread\thread_end_device\iar\usbkw24d512\mqxlite_debug\Obj\thread_routing_globals.o
#        C:\Users\smachin\projects\personal\FSL_Thread_Stack_0.6.0\Thread\app\thread\thread_end_device\iar\usbkw24d512\mqxlite_debug\Obj\TimersManager.o
#        C:\Users\smachin\projects\personal\FSL_Thread_Stack_0.6.0\Thread\app\thread\thread_end_device\iar\usbkw24d512\mqxlite_debug\Obj\TMR_Adapter.o
#        C:\Users\smachin\projects\personal\FSL_Thread_Stack_0.6.0\Thread\app\thread\thread_end_device\iar\usbkw24d512\mqxlite_debug\Obj\trickle_globals.o
#        C:\Users\smachin\projects\personal\FSL_Thread_Stack_0.6.0\Thread\app\thread\thread_end_device\iar\usbkw24d512\mqxlite_debug\Obj\UART_Adapter.o
#        C:\Users\smachin\projects\personal\FSL_Thread_Stack_0.6.0\Thread\app\thread\thread_end_device\iar\usbkw24d512\mqxlite_debug\Obj\udp_globals.o
#        C:\Users\smachin\projects\personal\FSL_Thread_Stack_0.6.0\Thread\app\thread\thread_end_device\iar\usbkw24d512\mqxlite_debug\Obj\usb_descriptor.o
#        C:\Users\smachin\projects\personal\FSL_Thread_Stack_0.6.0\Thread\app\thread\thread_end_device\iar\usbkw24d512\mqxlite_debug\Obj\virtual_com.o
#        -o
#        C:\Users\smachin\projects\personal\FSL_Thread_Stack_0.6.0\Thread\app\thread\thread_end_device\iar\usbkw24d512\mqxlite_debug\Exe\thread_end_device_usbkw24d512_mqxlite_debug.out.tmp
#        --config_def gUseNVMLink_d=1 --config_def __heap_size__=5000 --map
#        C:\Users\smachin\projects\personal\FSL_Thread_Stack_0.6.0\Thread\app\thread\thread_end_device\iar\usbkw24d512\mqxlite_debug\List\thread_end_device_usbkw24d512_mqxlite_debug.map
#        --config
#        C:\Users\smachin\projects\personal\FSL_Thread_Stack_0.6.0\Thread\app\thread\thread_end_device\iar\usbkw24d512\..\..\..\..\..\..\KSDK\platform\linker\MKW24D5\iar\MKW24DN512Axxx5_connectivity.icf
#        --semihosting
#        C:\Users\smachin\projects\personal\FSL_Thread_Stack_0.6.0\Thread\app\thread\thread_end_device\iar\usbkw24d512\..\..\..\..\..\..\KSDK\rtos\mqx\lib\usbkw24d512.iar\debug\mqx\lib_mqx.a
#        C:\Users\smachin\projects\personal\FSL_Thread_Stack_0.6.0\Thread\app\thread\thread_end_device\iar\usbkw24d512\..\..\..\..\..\..\KSDK\lib\ksdk_mqx_lib\iar\KW24D5\debug\libksdk_platform_mqx.a
#        C:\Users\smachin\projects\personal\FSL_Thread_Stack_0.6.0\Thread\app\thread\thread_end_device\iar\usbkw24d512\..\..\..\..\..\..\KSDK\usb\usb_core\device\build\iar\usbd_sdk_twrkw24d512_mqx\debug\libusbd_mqx.a
#        --entry Reset_Handler --vfe
#
###############################################################################

*******************************************************************************
*** RUNTIME MODEL ATTRIBUTES
***

CppFlavor                   = *
__SystemLibrary             = DLib
__dlib_jmp_buf_num_elements = 8


*******************************************************************************
*** PLACEMENT SUMMARY
***

"A0":  place at 0x00000000 { ro section .intvec };
"P1":  place in [from 0x00000000 to 0x000003ff] |
                [from 0x00000410 to 0x0006f7ff] { ro };
"P2":  place in [from 0x1fff8000 to 0x1fffffff] |
                [from 0x20000000 to 0x20007dff] { rw, block HEAP, block CSTACK };
"P4":  place in [from 0x00000400 to 0x0000040f] { section FlashConfig };
do not initialize { section .noinit };
initialize by copy { rw, section .textrw };

  Section               Kind        Address     Size  Object
  -------               ----        -------     ----  ------
"A0":                                          0x400
  .intvec               ro code  0x00000000    0x400  startup_MKW24D5.o [7]
                               - 0x00000400    0x400

"P4":                                           0x10
  FlashConfig           ro code  0x00000400     0x10  startup_MKW24D5.o [7]
                               - 0x00000410     0x10

"P1":                                        0x2cf9e
  .text                 ro code  0x00000410   0x2f28  NV_Flash.o [1]
  .text                 ro code  0x00003338    0x188  Flash_Adapter.o [1]
  .text                 ro code  0x000034c0     0xa0  FlashVerifySection.o [1]
  .text                 ro code  0x00003560    0x122  FunctionLib.o [1]
  .text                 ro code  0x00003682     0x3a  FlashCommandSequence.o [1]
  .text                 ro code  0x000036bc    0x854  TimersManager.o [1]
  .text                 ro code  0x00003f10    0x124  MemManager.o [1]
  .text                 ro code  0x00004034    0x4d4  fsl_os_abstraction_mqx.o [8]
  .text                 ro code  0x00004508     0x76  ABImemcpy_unaligned.o [11]
  .text                 ro code  0x0000457e     0x1e  xsscin.o [4]
  .text                 ro code  0x0000459c     0x3c  RNG.o [1]
  .text                 ro code  0x000045d8      0xe  FlashInit.o [1]
  .text                 ro code  0x000045e6     0x34  CopyToRam.o [1]
  .text                 ro code  0x0000461a     0xbe  FlashProgram.o [1]
  .text                 ro code  0x000046d8     0x9c  FlashEraseSector.o [1]
  .text                 ro code  0x00004774     0x24  ABIassert.o [12]
  .text                 ro code  0x00004798    0x378  fsl_clock_MKW24D5.o [8]
  .text                 ro code  0x00004b10     0xee  I64DivMod.o [11]
  .text                 ro code  0x00004bfe     0x1a  xsnprout.o [4]
  .text                 ro code  0x00004c18    0x3b4  TMR_Adapter.o [1]
  .text                 ro code  0x00004fcc     0x48  Panic.o [1]
  .text                 ro code  0x00005014     0xc0  fsl_pit_driver.o [8]
  .text                 ro code  0x000050d4    0x1c4  GenericList.o [1]
  .text                 ro code  0x00005298      0x6  ABImemclr4.o [11]
  .text                 ro code  0x0000529e      0xa  xsprout.o [4]
  .text                 ro code  0x000052a8    0x818  task.o [7]
  .text                 ro code  0x00005ac0    0x218  time.o [7]
  .text                 ro code  0x00005cd8    0x320  lwsem.o [7]
  .text                 ro code  0x00005ff8    0x144  int.o [7]
  .text                 ro code  0x0000613c    0x2dc  lwevent.o [7]
  .text                 ro code  0x00006418    0x370  lwmsgq.o [7]
  .text                 ro code  0x00006788    0x50c  mem.o [7]
  .text                 ro code  0x00006c94    0x2b0  mqx.o [7]
  .text                 ro code  0x00006f44      0x6  abort.o [4]
  .rodata               const    0x00006f4a      0x2  fsl_clock_MKW24D5.o [8]
  .text                 ro code  0x00006f4c    0x2fc  fsl_mcg_hal.o [8]
  .text                 ro code  0x00007248     0x1c  fsl_osc_hal.o [8]
  .text                 ro code  0x00007264      0x2  I64DivZer.o [11]
  .text                 ro code  0x00007266      0x2  startup_MKW24D5.o [7]
  .text                 ro code  0x00007268     0x66  fsl_ftm_hal.o [8]
  .text                 ro code  0x000072ce      0x2  startup_MKW24D5.o [7]
  .text                 ro code  0x000072d0     0x32  ABImemset48.o [11]
  .text                 ro code  0x00007302      0x2  stack_de.o [7]
  .text                 ro code  0x00007310    0x1b8  dispatch.o [7]
  .text                 ro code  0x000074c8     0xb8  sched.o [7]
  .text                 ro code  0x00007580     0x88  stack_bu.o [7]
  .text                 ro code  0x00007608     0x66  ABImemset.o [11]
  .text                 ro code  0x0000766e     0xc2  queue.o [7]
  .text                 ro code  0x00007730     0x54  psp_tiad.o [7]
  .text                 ro code  0x00007784     0x38  psp_tinm.o [7]
  .text                 ro code  0x000077bc     0xcc  sc_irdyq.o [7]
  .text                 ro code  0x00007888     0xd8  init_bsp.o [1]
  .text                 ro code  0x00007960     0x14  exit.o [12]
  .text                 ro code  0x00007974     0x62  hardware_init.o [1]
  .text                 ro code  0x000079d6      0x2  startup_MKW24D5.o [7]
  .text                 ro code  0x000079d8    0x196  pin_mux.o [1]
  .text                 ro code  0x00007b6e     0x1c  psp_iinit.o [7]
  .text                 ro code  0x00007b8a      0x2  startup_MKW24D5.o [7]
  .text                 ro code  0x00007b8c    0x228  fsl_hwtimer.o [8]
  .text                 ro code  0x00007db4     0x14  int_inst.o [7]
  .text                 ro code  0x00007dc8   0x16f0  thread_network_data.o [13]
  .text                 ro code  0x000094b8    0xa78  network_utils.o [13]
  .text                 ro code  0x00009f30    0x324  mle.o [13]
  .text                 ro code  0x0000a254     0xac  event_manager.o [13]
  .text                 ro code  0x0000a300     0xc4  thread_end_device.o [13]
  .text                 ro code  0x0000a3c4    0x98c  ip6.o [13]
  .text                 ro code  0x0000ad50    0x1c0  thread_utils.o [13]
  .text                 ro code  0x0000af10   0x112c  dhcp6_client.o [13]
  .text                 ro code  0x0000c03c    0x2c0  sixlowpan_tbl.o [13]
  .text                 ro code  0x0000c2fc    0xa8c  thread_routing.o [13]
  .text                 ro code  0x0000cd88     0xb6  Messaging.o [1]
  .text                 ro code  0x0000ce3e      0x2  startup_MKW24D5.o [7]
  .text                 ro code  0x0000ce40    0x644  coap.o [13]
  .rodata               const    0x0000d484     0x74  shell_commands.o [1]
  .text                 ro code  0x0000d4f8    0xe64  dhcp6_server.o [13]
  .rodata               const    0x0000e35c     0x6c  mac_abs_802154.o [1]
  .text                 ro code  0x0000e3c8    0x6e8  ip_if_management.o [13]
  .text                 ro code  0x0000eab0    0x2ea  fsl_osa_ext_mqxlite.o [1]
  .text                 ro code  0x0000ed9a      0x2  startup_MKW24D5.o [7]
  .text                 ro code  0x0000ed9c     0x36  strlen.o [11]
  .rodata               const    0x0000edd2      0x1  fsl_osa_ext_mqxlite.o [1]
  .rodata               const    0x0000edd3      0x1  MacGlobals.o [1]
  .text                 ro code  0x0000edd4     0x24  sscanf.o [4]
  .text                 ro code  0x0000edf8     0x34  sprintf.o [4]
  .text                 ro code  0x0000ee2c    0x89c  sockets.o [13]
  .text                 ro code  0x0000f6c8     0xdc  session.o [13]
  .text                 ro code  0x0000f7a4    0x41c  mle_security.o [13]
  .text                 ro code  0x0000fbc0    0xbb8  thread_router.o [13]
  .text                 ro code  0x00010778    0xef0  thread_manager.o [13]
  .text                 ro code  0x00011668    0x330  icmp.o [13]
  .text                 ro code  0x00011998    0x484  ip.o [13]
  .text                 ro code  0x00011e1c      0x6  pmtu_discovery.o [13]
  .rodata               const    0x00011e22      0x1  MacGlobals.o [1]
  .rodata               const    0x00011e23      0x1  PhyPacketProcessor.o [1]
  .text                 ro code  0x00011e24    0x304  trickle.o [13]
  .text                 ro code  0x00012128     0xa0  nvm_adapter.o [1]
  .text                 ro code  0x000121c8    0x278  dhcp6_lq_client.o [13]
  .text                 ro code  0x00012440    0x678  sixlowpan.o [13]
  .text                 ro code  0x00012ab8    0x112  sixlowpan_fwd_thread.o [13]
  .rodata               const    0x00012bca      0x1  shell_commands.o [1]
  .rodata               const    0x00012bcb      0x1  fsl_clock_MKW24D5.o [8]
  .text                 ro code  0x00012bcc     0x2c  Reset.o [1]
  .text                 ro code  0x00012bf8    0x1ca  dhcp6_lq_server.o [13]
  .rodata               const    0x00012dc2      0x1  fsl_adc16_common.o [8]
  .text                 ro code  0x00012dc4     0xa4  app_init.o [1]
  .text                 ro code  0x00012e68    0xb7c  xscanffull_nomb.o [4]
  .text                 ro code  0x000139e4    0xdca  xprintffull_nomb.o [4]
  .text                 ro code  0x000147b0    0x4ec  udp.o [13]
  .text                 ro code  0x00014c9c    0x386  SecLib.o [1]
  .text                 ro code  0x00015022      0xa  mac_filtering.o [1]
  .rodata               const    0x0001502c     0x6c  shell_cmdhelp.o [1]
  .text                 ro code  0x00015098    0x800  thread_attach.o [13]
  .text                 ro code  0x00015898    0x1ae  sixlowpan_interface.o [13]
  .text                 ro code  0x00015a48    0x424  MacMain.o [3]
  .text                 ro code  0x00015e6c    0xb02  mac_abs_802154.o [1]
  .text                 ro code  0x00016970     0x94  thread_security.o [13]
  .text                 ro code  0x00016a04    0x5a4  mpl.o [13]
  .text                 ro code  0x00016fa8     0xf2  icmp6.o [13]
  .text                 ro code  0x0001709a      0xa  nd.o [13]
  .text                 ro code  0x000170a4    0x86c  rfc4944_6lowpan.o [13]
  .text                 ro code  0x00017910    0xf98  rfc6282_header_comp.o [13]
  .text                 ro code  0x000188a8    0x25c  LED.o [1]
  .text                 ro code  0x00018b04    0x868  PhyStateMachine.o [1]
  .text                 ro code  0x0001936c     0x78  MacGlobals.o [1]
  .text                 ro code  0x000193e4    0x3f8  Keyboard.o [1]
  .text                 ro code  0x000197dc   0x15dc  shell_commands.o [1]
  .text                 ro code  0x0001adb8     0x16  strchr.o [11]
  .text                 ro code  0x0001add0     0x58  memchr.o [11]
  .text                 ro code  0x0001ae28     0xa4  xstoll.o [4]
  .text                 ro code  0x0001aecc    0x1b4  xstoull.o [4]
  .text                 ro code  0x0001b080    0x14c  xstold.o [10]
  .text                 ro code  0x0001b1cc    0x10c  xdscale.o [10]
  .text                 ro code  0x0001b2d8     0x90  DblToFlt.o [10]
  .text                 ro code  0x0001b368     0x44  xdnorm.o [10]
  .text                 ro code  0x0001b3ac     0x2e  DblCmpLe.o [10]
  .text                 ro code  0x0001b3dc     0x2e  DblCmpGe.o [10]
  .text                 ro code  0x0001b40c     0x58  DblToI32.o [10]
  .text                 ro code  0x0001b464     0x30  I32ToDbl.o [10]
  .text                 ro code  0x0001b494    0x180  DblSub.o [10]
  .text                 ro code  0x0001b614    0x1a2  DblMul.o [10]
  .text                 ro code  0x0001b7b8    0x256  DblDiv.o [10]
  .text                 ro code  0x0001ba0e      0xe  div.o [4]
  .text                 ro code  0x0001ba20    0x9c0  mmcau_aes_functions.o [6]
  .text                 ro code  0x0001c3e0    0x1a8  SW_AES128.o [5]
  .text                 ro code  0x0001c590    0x310  mmcau_sha256_functions.o [6]
  .text                 ro code  0x0001c8a0    0x5f4  MacStateMachine.o [3]
  .text                 ro code  0x0001ce94    0x4d6  DataTx.o [3]
  .text                 ro code  0x0001d36c    0x510  PhyTime.o [1]
  .text                 ro code  0x0001d87c    0xa28  MacPib.o [3]
  .text                 ro code  0x0001e2a4      0x2  FsciMacCommands.o [1]
  .text                 ro code  0x0001e2a6     0xac  Reset.o [3]
  .text                 ro code  0x0001e354    0x32c  Association.o [3]
  .text                 ro code  0x0001e680    0x100  Disassociation.o [3]
  .text                 ro code  0x0001e780     0xc4  Orphan.o [3]
  .text                 ro code  0x0001e844    0x1a6  Start.o [3]
  .text                 ro code  0x0001e9ec    0x178  Poll.o [3]
  .text                 ro code  0x0001eb64    0xb10  MacFrames.o [3]
  .text                 ro code  0x0001f674    0x440  fsl_gpio_driver.o [8]
  .text                 ro code  0x0001fab4    0x51c  PhyPacketProcessor.o [1]
  .text                 ro code  0x0001ffd0      0x2  ASP.o [1]
  .text                 ro code  0x0001ffd4    0x5f8  PhyISR.o [1]
  .text                 ro code  0x000205cc    0x500  MCR20Drv.o [1]
  .text                 ro code  0x00020acc    0x63a  PhyPlmeData.o [1]
  .text                 ro code  0x00021108    0xb64  shell.o [1]
  .text                 ro code  0x00021c6c    0x3b0  socket_app_utils.o [1]
  .text                 ro code  0x0002201c      0x8  atoi.o [4]
  .text                 ro code  0x00022024     0x42  strcmp_unaligned.o [11]
  .text                 ro code  0x00022068     0xec  nwk_params.o [13]
  .text                 ro code  0x00022154      0xc  errno.o [4]
  .text                 ro code  0x00022160    0x11e  xstopfx.o [4]
  .text                 ro code  0x00022280    0x1ac  xstoflt.o [4]
  .text                 ro code  0x0002242c     0xe8  DblAdd.o [10]
  .rodata               const    0x00022514     0x5c  fsl_adc16_driver.o [8]
  .text                 ro code  0x00022570    0x200  xdtento.o [10]
  .text                 ro code  0x00022770    0x200  xstoxflt.o [4]
  .text                 ro code  0x00022970    0x64a  DataRx.o [3]
  .text                 ro code  0x00022fbc    0x4d4  Scan.o [3]
  .text                 ro code  0x00023490     0xd2  RxEnable.o [3]
  .text                 ro code  0x00023564    0x112  MacSequenceMngr.o [3]
  .text                 ro code  0x00023676      0xc  MPM.o [1]
  .text                 ro code  0x00023684    0x8c0  MacSec.o [3]
  .text                 ro code  0x00023f44     0x70  fsl_gpio_hal.o [8]
  .text                 ro code  0x00023fb4    0x17c  SPI.o [1]
  .text                 ro code  0x00024130    0x8f8  SerialManager.o [1]
  .text                 ro code  0x00024a28    0x184  shell_cmdhist.o [1]
  .text                 ro code  0x00024bac     0x3c  vsnprint.o [4]
  .text                 ro code  0x00024be8     0x44  strcpy_unaligned.o [11]
  .text                 ro code  0x00024c2c    0x454  shell_autocomplete.o [1]
  .text                 ro code  0x00025080    0x1c4  app_temp_sensor.o [1]
  .text                 ro code  0x00025244    0x19c  xstoul.o [4]
  .text                 ro code  0x000253e0      0x2  xtls.o [4]
  .text                 ro code  0x000253e4     0x20  DblCmpEq.o [10]
  .text                 ro code  0x00025404     0x56  xdunscal.o [10]
  .text                 ro code  0x0002545c     0x22  I64Shl.o [11]
  .text                 ro code  0x0002547e     0x18  MacMem.o [3]
  .text                 ro code  0x00025498     0x1e  U64Shr.o [11]
  .text                 ro code  0x000254b6     0x9a  SecurityLib.o [3]
  .text                 ro code  0x00025550    0x370  fsl_dspi_hal.o [8]
  .text                 ro code  0x000258c0    0x308  virtual_com.o [1]
  .text                 ro code  0x00025bc8    0x6bc  fsl_adc16_driver.o [8]
  .text                 ro code  0x00026284      0x8  abs.o [4]
  .text                 ro code  0x0002628c    0x5dc  usb_cdc.o [9]
  .text                 ro code  0x00026868     0x9a  fsl_adc16_hal.o [8]
  .text                 ro code  0x00026904    0x6e6  usb_dev.o [9]
  .text                 ro code  0x00026fec    0x2ac  usb_cdc_pstn.o [9]
  .text                 ro code  0x00027298     0xb6  usb_class.o [9]
  .text                 ro code  0x00027350    0x5b4  usb_framework.o [9]
  .text                 ro code  0x00027904    0x1a0  adapter_sdk.o [9]
  .text                 ro code  0x00027aa4    0x190  usb_dev_bsp.o [9]
  .text                 ro code  0x00027c34     0x30  fsl_sim_hal_MKW24D5.o [8]
  .text                 ro code  0x00027c64   0x11f0  khci_dev.o [9]
  .text                 ro code  0x00028e54    0x39c  end_device_app.o [1]
  .text                 ro code  0x000291f0     0x6c  stack_start.o [1]
  .rodata               const    0x0002925c    0x2fc  shell.o [1]
  .text                 ro code  0x00029558    0x280  shell_cmdhelp.o [1]
  .text                 ro code  0x000297d8     0x2c  strncmp.o [4]
  .text                 ro code  0x00029804    0x254  fsl_hwtimer_systick.o [8]
  .text                 ro code  0x00029a58    0x244  system_MKW24D5.o [7]
  .text                 ro code  0x00029c9c    0x228  ip_if_6LowPan.o [1]
  .text                 ro code  0x00029ec4    0x1d6  lz77_init.o [11]
  .text                 ro code  0x0002a09a    0x1a2  mle_basic.o [13]
  .text                 ro code  0x0002a23c    0x160  usb_descriptor.o [1]
  .rodata               const    0x0002a39c    0x150  shell_commands.o [1]
  .rodata               const    0x0002a4ec    0x144  shell_commands.o [1]
  SHELL_COMMANDS                 0x0002a630    0x120  <Block>
    SHELL_COMMANDS      const    0x0002a630     0x18  shell_commands.o [1]
    SHELL_COMMANDS      const    0x0002a648     0x18  shell_commands.o [1]
    SHELL_COMMANDS      const    0x0002a660     0x18  shell_commands.o [1]
    SHELL_COMMANDS      const    0x0002a678     0x18  shell_commands.o [1]
    SHELL_COMMANDS      const    0x0002a690     0x18  shell_commands.o [1]
    SHELL_COMMANDS      const    0x0002a6a8     0x18  shell_commands.o [1]
    SHELL_COMMANDS      const    0x0002a6c0     0x18  shell_commands.o [1]
    SHELL_COMMANDS      const    0x0002a6d8     0x18  shell_commands.o [1]
    SHELL_COMMANDS      const    0x0002a6f0     0x18  shell_commands.o [1]
    SHELL_COMMANDS      const    0x0002a708     0x18  shell_commands.o [1]
    SHELL_COMMANDS      const    0x0002a720     0x18  shell_commands.o [1]
    SHELL_COMMANDS      const    0x0002a738     0x18  shell_commands.o [1]
  .rodata               const    0x0002a750    0x110  shell_commands.o [1]
  .rodata               const    0x0002a860     0xdc  shell_commands.o [1]
  .rodata               const    0x0002a93c     0xd0  shell_commands.o [1]
  MLE_HANDLERS                   0x0002aa0c     0xcc  <Block>
    MLE_HANDLERS        const    0x0002aa0c      0xc  thread_routing.o [13]
    MLE_HANDLERS        const    0x0002aa18      0xc  thread_network_data.o [13]
    MLE_HANDLERS        const    0x0002aa24      0xc  thread_network_data.o [13]
    MLE_HANDLERS        const    0x0002aa30      0xc  mle.o [13]
    MLE_HANDLERS        const    0x0002aa3c      0xc  mle.o [13]
    MLE_HANDLERS        const    0x0002aa48      0xc  mle.o [13]
    MLE_HANDLERS        const    0x0002aa54      0xc  mle.o [13]
    MLE_HANDLERS        const    0x0002aa60      0xc  mle.o [13]
    MLE_HANDLERS        const    0x0002aa6c      0xc  mle.o [13]
    MLE_HANDLERS        const    0x0002aa78      0xc  mle.o [13]
    MLE_HANDLERS        const    0x0002aa84      0xc  mle.o [13]
    MLE_HANDLERS        const    0x0002aa90      0xc  mle.o [13]
    MLE_HANDLERS        const    0x0002aa9c      0xc  mle.o [13]
    MLE_HANDLERS        const    0x0002aaa8      0xc  mle.o [13]
    MLE_HANDLERS        const    0x0002aab4      0xc  mle.o [13]
    MLE_HANDLERS        const    0x0002aac0      0xc  mle.o [13]
    MLE_HANDLERS        const    0x0002aacc      0xc  mle.o [13]
  .text                 ro code  0x0002aad8     0xaa  mle_extended.o [13]
  .rodata               const    0x0002ab84     0xa8  Keyboard.o [1]
  .rodata               const    0x0002ac2c     0xa8  LED.o [1]
  .rodata               const    0x0002acd4     0xa8  MCR20Drv.o [1]
  .rodata               const    0x0002ad7c     0xa8  pin_mux.o [1]
  .rodata               const    0x0002ae24     0xa8  shell_commands.o [1]
  .rodata               const    0x0002aecc     0xa4  TimersManager.o [1]
  .rodata               const    0x0002af70     0xa4  TMR_Adapter.o [1]
  .text                 ro code  0x0002b014     0xa4  thread_state_machine.o [13]
  .rodata               const    0x0002b0b8     0xa0  network_utils.o [13]
  .rodata               const    0x0002b158     0x78  nv_data.o [1]
  .rodata               const    0x0002b1d0     0x78  shell_commands.o [1]
  .text                 ro code  0x0002b248     0x68  inittask.o [7]
  .rodata               const    0x0002b2b0     0x5c  fsl_gpio_driver.o [8]
  .text                 ro code  0x0002b310     0x5c  boot.o [7]
  .text                 ro code  0x0002b36c     0x44  startup.o [7]
  .text                 ro code  0x0002b3b0      0x8  comp.o [7]
  .text                 ro code  0x0002b3b8      0xc  cstartup_M.o [11]
  .text                 ro code  0x0002b3c4     0x1a  cmain.o [11]
  .text                 ro code  0x0002b3de      0x4  low_level_init.o [4]
  .text                 ro code  0x0002b3e4     0x28  data_init.o [11]
  .text                 ro code  0x0002b40c      0x4  exit.o [4]
  .text                 ro code  0x0002b410      0xa  cexit.o [11]
  .text                 ro code  0x0002b41c     0x58  idletask.o [7]
  .rodata               const    0x0002b474     0x54  fsl_adc16_driver.o [8]
  .rodata               const    0x0002b4c8     0x50  end_device_app.o [1]
  .rodata               const    0x0002b518     0x50  fsl_gpio_driver.o [8]
  .rodata               const    0x0002b568     0x50  fsl_gpio_driver.o [8]
  .rodata               const    0x0002b5b8     0x4c  khci_interface.o [9]
  .isr_handler          ro code  0x0002b604     0x40  Keyboard.o [1]
  .rodata               const    0x0002b644     0x40  end_device_app.o [1]
  .rodata               const    0x0002b684     0x40  fsl_clock_MKW24D5.o [8]
  .rodata               const    0x0002b6c4     0x40  fsl_dspi_hal.o [8]
  .text                 ro code  0x0002b704     0x40  zero_init3.o [11]
  .rodata               const    0x0002b744     0x3c  shell_commands.o [1]
  .rodata               const    0x0002b780     0x3c  fsl_clock_MKW24D5.o [8]
  .rodata               const    0x0002b7bc     0x3c  fsl_hwtimer_systick.o [8]
  .rodata               const    0x0002b7f8     0x38  mac_abs_802154.o [1]
  .rodata               const    0x0002b830     0x38  mac_abs_802154.o [1]
  .rodata               const    0x0002b868     0x38  mac_abs_802154.o [1]
  .rodata               const    0x0002b8a0     0x38  mac_abs_802154.o [1]
  .rodata               const    0x0002b8d8     0x38  shell_commands.o [1]
  .rodata               const    0x0002b910     0x38  fsl_adc16_driver.o [8]
  .rodata               const    0x0002b948     0x38  fsl_adc16_driver.o [8]
  .rodata               const    0x0002b980     0x38  fsl_clock_MKW24D5.o [8]
  .rodata               const    0x0002b9b8     0x38  fsl_clock_MKW24D5.o [8]
  .rodata               const    0x0002b9f0     0x38  fsl_clock_MKW24D5.o [8]
  .rodata               const    0x0002ba28     0x34  mqx_main.o [1]
  .rodata               const    0x0002ba5c     0x34  PhyPacketProcessor.o [1]
  .rodata               const    0x0002ba90     0x34  shell_commands.o [1]
  .rodata               const    0x0002bac4     0x34  shell_commands.o [1]
  .rodata               const    0x0002baf8     0x34  fsl_os_abstraction_mqx.o [8]
  .rodata               const    0x0002bb2c     0x34  fsl_hwtimer.o [8]
  .rodata               const    0x0002bb60     0x34  fsl_pit_driver.o [8]
  .rodata               const    0x0002bb94     0x30  end_device_app.o [1]
  .rodata               const    0x0002bbc4     0x30  shell_commands.o [1]
  .rodata               const    0x0002bbf4     0x30  socket_app_utils.o [1]
  .rodata               const    0x0002bc24     0x30  fsl_gpio_hal.o [8]
  .rodata               const    0x0002bc54     0x30  inittask.o [7]
  ICMP_PROT_HANDLERS             0x0002bc84     0x30  <Block>
    ICMP_PROT_HANDLERS  const    0x0002bc84      0xc  shell_commands.o [1]
    ICMP_PROT_HANDLERS  const    0x0002bc90      0xc  shell_commands.o [1]
    ICMP_PROT_HANDLERS  const    0x0002bc9c      0xc  icmp.o [13]
    ICMP_PROT_HANDLERS  const    0x0002bca8      0xc  udp.o [13]
  .rodata               const    0x0002bcb4     0x2c  end_device_app.o [1]
  .rodata               const    0x0002bce0     0x2c  shell_cmdhelp.o [1]
  .rodata               const    0x0002bd0c     0x2c  fsl_adc16_driver.o [8]
  .rodata               const    0x0002bd38     0x2c  fsl_gpio_driver.o [8]
  .rodata               const    0x0002bd64     0x2c  mqx.o [7]
  .rodata               const    0x0002bd90     0x2c  task.o [7]
  .rodata               const    0x0002bdbc     0x28  end_device_app.o [1]
  .rodata               const    0x0002bde4     0x28  end_device_app.o [1]
  .rodata               const    0x0002be0c     0x28  end_device_app.o [1]
  .rodata               const    0x0002be34     0x28  shell_commands.o [1]
  .rodata               const    0x0002be5c     0x28  shell_commands.o [1]
  .rodata               const    0x0002be84     0x28  shell_commands.o [1]
  .rodata               const    0x0002beac     0x28  TimersManager.o [1]
  .rodata               const    0x0002bed4     0x28  TMR_Adapter.o [1]
  .rodata               const    0x0002befc     0x24  end_device_app.o [1]
  .rodata               const    0x0002bf20     0x24  end_device_app.o [1]
  .rodata               const    0x0002bf44     0x24  end_device_app.o [1]
  .rodata               const    0x0002bf68     0x24  gpio_pins.o [1]
  .rodata               const    0x0002bf8c     0x24  shell.o [1]
  .rodata               const    0x0002bfb0     0x24  shell.o [1]
  .rodata               const    0x0002bfd4     0x24  shell_cmdhelp.o [1]
  .rodata               const    0x0002bff8     0x24  shell_cmdhelp.o [1]
  .rodata               const    0x0002c01c     0x24  shell_commands.o [1]
  .rodata               const    0x0002c040     0x24  shell_commands.o [1]
  .rodata               const    0x0002c064     0x24  shell_commands.o [1]
  .rodata               const    0x0002c088     0x24  shell_commands.o [1]
  .rodata               const    0x0002c0ac     0x24  shell_commands.o [1]
  .rodata               const    0x0002c0d0     0x24  shell_commands.o [1]
  .rodata               const    0x0002c0f4     0x24  socket_app_utils.o [1]
  .rodata               const    0x0002c118     0x24  fsl_adc16_driver.o [8]
  .rodata               const    0x0002c13c     0x24  fsl_pit_driver.o [8]
  .iar.init_table       const    0x0002c160     0x34  - Linker created -
  .rodata               const    0x0002c194     0x20  end_device_app.o [1]
  .rodata               const    0x0002c1b4     0x20  end_device_app.o [1]
  .rodata               const    0x0002c1d4     0x20  ip_if_6LowPan.o [1]
  .rodata               const    0x0002c1f4     0x20  PhyPlmeData.o [1]
  .rodata               const    0x0002c214     0x20  shell_cmdhelp.o [1]
  .rodata               const    0x0002c234     0x20  shell_commands.o [1]
  .rodata               const    0x0002c254     0x20  shell_commands.o [1]
  .rodata               const    0x0002c274     0x20  shell_commands.o [1]
  .rodata               const    0x0002c294     0x20  shell_commands.o [1]
  .rodata               const    0x0002c2b4     0x20  shell_commands.o [1]
  .rodata               const    0x0002c2d4     0x20  shell_commands.o [1]
  .rodata               const    0x0002c2f4     0x20  socket_app_utils.o [1]
  .rodata               const    0x0002c314     0x20  TMR_Adapter.o [1]
  .rodata               const    0x0002c334     0x20  fsl_hwtimer.o [8]
  .rodata               const    0x0002c354     0x20  fsl_hwtimer.o [8]
  .rodata               const    0x0002c374     0x20  fsl_hwtimer.o [8]
  .rodata               const    0x0002c394     0x20  fsl_hwtimer.o [8]
  .rodata               const    0x0002c3b4     0x20  fsl_hwtimer.o [8]
  .rodata               const    0x0002c3d4     0x1c  end_device_app.o [1]
  .rodata               const    0x0002c3f0     0x1c  end_device_app.o [1]
  .rodata               const    0x0002c40c     0x1c  shell.o [1]
  .rodata               const    0x0002c428     0x1c  shell_cmdhelp.o [1]
  .rodata               const    0x0002c444     0x1c  shell_commands.o [1]
  .rodata               const    0x0002c460     0x1c  shell_commands.o [1]
  .rodata               const    0x0002c47c     0x1c  shell_commands.o [1]
  .rodata               const    0x0002c498     0x1c  shell_commands.o [1]
  .rodata               const    0x0002c4b4     0x1c  shell_commands.o [1]
  .rodata               const    0x0002c4d0     0x1c  shell_commands.o [1]
  .rodata               const    0x0002c4ec     0x1c  shell_commands.o [1]
  .rodata               const    0x0002c508     0x1c  shell_commands.o [1]
  .rodata               const    0x0002c524     0x1c  socket_app_utils.o [1]
  .rodata               const    0x0002c540     0x1a  MacMain.o [3]
  .rodata               const    0x0002c55c     0x18  end_device_app.o [1]
  .rodata               const    0x0002c574     0x18  shell.o [1]
  .rodata               const    0x0002c58c     0x18  shell_cmdhelp.o [1]
  .rodata               const    0x0002c5a4     0x18  shell_cmdhelp.o [1]
  .rodata               const    0x0002c5bc     0x18  shell_cmdhist.o [1]
  .rodata               const    0x0002c5d4     0x18  shell_commands.o [1]
  .rodata               const    0x0002c5ec     0x18  shell_commands.o [1]
  .rodata               const    0x0002c604     0x18  shell_commands.o [1]
  .rodata               const    0x0002c61c     0x18  shell_commands.o [1]
  .rodata               const    0x0002c634     0x18  shell_commands.o [1]
  .rodata               const    0x0002c64c     0x18  shell_commands.o [1]
  .rodata               const    0x0002c664     0x18  shell_commands.o [1]
  .rodata               const    0x0002c67c     0x18  shell_commands.o [1]
  .rodata               const    0x0002c694     0x18  shell_commands.o [1]
  .rodata               const    0x0002c6ac     0x18  shell_commands.o [1]
  .rodata               const    0x0002c6c4     0x18  shell_commands.o [1]
  .rodata               const    0x0002c6dc     0x18  shell_commands.o [1]
  .rodata               const    0x0002c6f4     0x18  shell_commands.o [1]
  .rodata               const    0x0002c70c     0x18  shell_commands.o [1]
  .rodata               const    0x0002c724     0x18  shell_commands.o [1]
  .rodata               const    0x0002c73c     0x18  shell_commands.o [1]
  .rodata               const    0x0002c754     0x18  shell_commands.o [1]
  .rodata               const    0x0002c76c     0x18  socket_app_utils.o [1]
  .rodata               const    0x0002c784     0x18  socket_app_utils.o [1]
  .rodata               const    0x0002c79c     0x18  fsl_hwtimer.o [8]
  .rodata               const    0x0002c7b4     0x18  mqx.o [7]
  .rodata               const    0x0002c7cc     0x18  fsl_hwtimer_systick.o [8]
  VERSION_TAGS                   0x0002c7e4     0x18  <Block>
    VERSION_TAGS        const    0x0002c7e4      0xc  MacGlobals.o [1]
    VERSION_TAGS        const    0x0002c7f0      0xc  network_utils.o [13]
  .rodata               const    0x0002c7fc     0x14  shell.o [1]
  .rodata               const    0x0002c810     0x14  shell.o [1]
  .rodata               const    0x0002c824     0x14  shell_commands.o [1]
  .rodata               const    0x0002c838     0x14  shell_commands.o [1]
  .rodata               const    0x0002c84c     0x14  shell_commands.o [1]
  .rodata               const    0x0002c860     0x14  shell_commands.o [1]
  .rodata               const    0x0002c874     0x14  shell_commands.o [1]
  .rodata               const    0x0002c888     0x14  shell_commands.o [1]
  .rodata               const    0x0002c89c     0x14  shell_commands.o [1]
  .rodata               const    0x0002c8b0     0x14  shell_commands.o [1]
  .rodata               const    0x0002c8c4     0x14  shell_commands.o [1]
  .rodata               const    0x0002c8d8     0x14  socket_app_utils.o [1]
  .rodata               const    0x0002c8ec     0x14  socket_app_utils.o [1]
  .rodata               const    0x0002c900     0x14  fsl_gpio_common.o [8]
  .rodata               const    0x0002c914     0x14  fsl_gpio_common.o [8]
  .rodata               const    0x0002c928     0x14  mqx.o [7]
  .rodata               const    0x0002c93c     0x14  mqx.o [7]
  .rodata               const    0x0002c950     0x14  mqx.o [7]
  .rodata               const    0x0002c964     0x10  app_temp_sensor.o [1]
  .rodata               const    0x0002c974     0x10  PhyPlmeData.o [1]
  .rodata               const    0x0002c988     0x10  PhyPlmeData.o [1]
  .rodata               const    0x0002c998     0x10  shell.o [1]
  .rodata               const    0x0002c9a8     0x10  shell.o [1]
  .rodata               const    0x0002c9b8     0x10  shell_cmdhist.o [1]
  .rodata               const    0x0002c9c8     0x10  shell_commands.o [1]
  .rodata               const    0x0002c9d8     0x10  shell_commands.o [1]
  .rodata               const    0x0002c9e8     0x10  shell_commands.o [1]
  .rodata               const    0x0002c9f8     0x10  shell_commands.o [1]
  .rodata               const    0x0002ca08     0x10  shell_commands.o [1]
  .rodata               const    0x0002ca18     0x10  shell_commands.o [1]
  .rodata               const    0x0002ca28     0x10  shell_commands.o [1]
  .rodata               const    0x0002ca38     0x10  shell_commands.o [1]
  .rodata               const    0x0002ca48     0x10  shell_commands.o [1]
  .rodata               const    0x0002ca58     0x10  shell_commands.o [1]
  .rodata               const    0x0002ca68     0x10  shell_commands.o [1]
  .rodata               const    0x0002ca78     0x10  socket_app_utils.o [1]
  .rodata               const    0x0002ca88     0x10  socket_app_utils.o [1]
  .rodata               const    0x0002ca98     0x10  fsl_adc16_driver.o [8]
  .rodata               const    0x0002caa8     0x10  fsl_gpio_driver.o [8]
  .rodata               const    0x0002cab8     0x10  fsl_os_abstraction_mqx.o [8]
  .rodata               const    0x0002cac8     0x10  fsl_mcg_hal.o [8]
  .rodata               const    0x0002cad8     0x10  mqx.o [7]
  .rodata               const    0x0002cae8     0x10  mqx.o [7]
  .rodata               const    0x0002caf8     0x10  fsl_hwtimer_systick.o [8]
  .rodata               const    0x0002cb08     0x10  fsl_hwtimer_systick.o [8]
  .rodata               const    0x0002cb18     0x10  fsl_hwtimer_systick.o [8]
  .rodata               const    0x0002cb28     0x10  fsl_dspi_hal.o [8]
  .rodata               const    0x0002cb38     0x10  inittask.o [7]
  .rodata               const    0x0002cb48     0x10  session.o [13]
  EVM_CODES                      0x0002cb58     0x10  <Block>
    EVM_CODES           const    0x0002cb58     0x10  dhcp6_client.o [13]
  .rodata               const    0x0002cb68      0xc  app_init.o [1]
  .rodata               const    0x0002cb74      0xc  fsl_osa_ext_mqxlite.o [1]
  .rodata               const    0x0002cb80      0xc  Keyboard.o [1]
  .rodata               const    0x0002cb8c      0xc  LED.o [1]
  .rodata               const    0x0002cb98      0xc  mac_abs_802154.o [1]
  .rodata               const    0x0002cba4      0xc  MacGlobals.o [1]
  .rodata               const    0x0002cbb0      0xc  MCR20Drv.o [1]
  .rodata               const    0x0002cbbc      0xc  MCR20Drv.o [1]
  .rodata               const    0x0002cbc8      0xc  MCR20Drv.o [1]
  .rodata               const    0x0002cbd4      0xc  mqx_main.o [1]
  .rodata               const    0x0002cbe0      0xc  pin_mux.o [1]
  .rodata               const    0x0002cbec      0xc  SerialManager.o [1]
  .rodata               const    0x0002cbf8      0xc  shell.o [1]
  .rodata               const    0x0002cc04      0xc  shell.o [1]
  .rodata               const    0x0002cc10      0xc  shell_commands.o [1]
  .rodata               const    0x0002cc1c      0xc  shell_commands.o [1]
  .rodata               const    0x0002cc28      0xc  shell_commands.o [1]
  .rodata               const    0x0002cc34      0xc  shell_commands.o [1]
  .rodata               const    0x0002cc40      0xc  shell_commands.o [1]
  .rodata               const    0x0002cc4c      0xc  shell_commands.o [1]
  .rodata               const    0x0002cc58      0xc  shell_commands.o [1]
  .rodata               const    0x0002cc64      0xc  shell_commands.o [1]
  .rodata               const    0x0002cc70      0xc  shell_commands.o [1]
  .rodata               const    0x0002cc7c      0xc  shell_commands.o [1]
  .rodata               const    0x0002cc88      0xc  shell_commands.o [1]
  .rodata               const    0x0002cc94      0xc  shell_commands.o [1]
  .rodata               const    0x0002cca0      0xc  shell_commands.o [1]
  .rodata               const    0x0002ccac      0xc  shell_commands.o [1]
  .rodata               const    0x0002ccb8      0xc  shell_commands.o [1]
  .rodata               const    0x0002ccc4      0xc  socket_app_utils.o [1]
  .rodata               const    0x0002ccd0      0xc  TimersManager.o [1]
  .rodata               const    0x0002ccdc      0xc  fsl_gpio_driver.o [8]
  .rodata               const    0x0002cce8      0xc  fsl_gpio_driver.o [8]
  .rodata               const    0x0002ccf4      0xc  fsl_os_abstraction_mqx.o [8]
  .rodata               const    0x0002cd00      0xc  mqx.o [7]
  .rodata               const    0x0002cd0c      0xc  sixlowpan_interface.o [13]
  .rodata               const    0x0002cd18      0xc  thread_manager.o [13]
  .rodata               const    0x0002cd24      0xc  fsl_ftm_common.o [8]
  .rodata               const    0x0002cd30      0xc  fsl_gpio_hal.o [8]
  .rodata               const    0x0002cd3c      0xc  usb_dev.o [9]
  .rodata               const    0x0002cd48      0x8  fsl_osa_ext_mqxlite.o [1]
  .rodata               const    0x0002cd50      0x8  ip_if_6LowPan.o [1]
  .rodata               const    0x0002cd58      0x8  ip_if_6LowPan.o [1]
  .rodata               const    0x0002cd60      0x8  mac_abs_802154.o [1]
  .rodata               const    0x0002cd68      0x8  shell.o [1]
  .rodata               const    0x0002cd70      0x8  shell_cmdhelp.o [1]
  .rodata               const    0x0002cd78      0x8  shell_cmdhelp.o [1]
  .rodata               const    0x0002cd80      0x8  shell_cmdhist.o [1]
  .rodata               const    0x0002cd88      0x8  shell_cmdhist.o [1]
  .rodata               const    0x0002cd90      0x8  shell_commands.o [1]
  .rodata               const    0x0002cd98      0x8  shell_commands.o [1]
  .rodata               const    0x0002cda0      0x8  shell_commands.o [1]
  .rodata               const    0x0002cda8      0x8  shell_commands.o [1]
  .rodata               const    0x0002cdb0      0x8  shell_commands.o [1]
  .rodata               const    0x0002cdb8      0x8  shell_commands.o [1]
  .rodata               const    0x0002cdc0      0x8  shell_commands.o [1]
  .rodata               const    0x0002cdc8      0x8  shell_commands.o [1]
  .rodata               const    0x0002cdd0      0x8  shell_commands.o [1]
  .rodata               const    0x0002cdd8      0x8  shell_commands.o [1]
  .rodata               const    0x0002cde0      0x8  shell_commands.o [1]
  .rodata               const    0x0002cde8      0x8  shell_commands.o [1]
  .rodata               const    0x0002cdf0      0x8  shell_commands.o [1]
  .rodata               const    0x0002cdf8      0x8  shell_commands.o [1]
  .rodata               const    0x0002ce00      0x8  shell_commands.o [1]
  .rodata               const    0x0002ce08      0x8  shell_commands.o [1]
  .rodata               const    0x0002ce10      0x8  shell_commands.o [1]
  .rodata               const    0x0002ce18      0x8  shell_commands.o [1]
  .rodata               const    0x0002ce20      0x8  shell_commands.o [1]
  .rodata               const    0x0002ce28      0x8  shell_commands.o [1]
  .rodata               const    0x0002ce30      0x8  shell_commands.o [1]
  .rodata               const    0x0002ce38      0x8  shell_commands.o [1]
  .rodata               const    0x0002ce40      0x8  shell_commands.o [1]
  .rodata               const    0x0002ce48      0x8  socket_app_utils.o [1]
  .rodata               const    0x0002ce50      0x8  SPI.o [1]
  .rodata               const    0x0002ce58      0x8  fsl_gpio_common.o [8]
  .rodata               const    0x0002ce60      0x8  fsl_clock_MKW24D5.o [8]
  .rodata               const    0x0002ce68      0x8  ip.o [13]
  .rodata               const    0x0002ce70      0x8  icmp.o [13]
  .rodata               const    0x0002ce78      0x8  fsl_dspi_common.o [8]
  .rodata               const    0x0002ce80      0x8  udp.o [13]
  .rodata               const    0x0002ce88      0x8  task.o [7]
  STACK_START_CFG                0x0002ce90      0x8  <Block>
    STACK_START_CFG     const    0x0002ce90      0x8  thread_manager_config.o [1]
  .rodata               const    0x0002ce98      0x4  coap_globals.o [1]
  .rodata               const    0x0002ce9c      0x4  dhcp_globals.o [1]
  .rodata               const    0x0002cea0      0x4  dhcp_globals.o [1]
  .rodata               const    0x0002cea4      0x4  dhcp_globals.o [1]
  .rodata               const    0x0002cea8      0x4  event_manager_globals.o [1]
  .rodata               const    0x0002ceac      0x4  ip_globals.o [1]
  .rodata               const    0x0002ceb0      0x4  ip_globals.o [1]
  .rodata               const    0x0002ceb4      0x4  ip_globals.o [1]
  .rodata               const    0x0002ceb8      0x4  ip_globals.o [1]
  .rodata               const    0x0002cebc      0x4  ip_globals.o [1]
  .rodata               const    0x0002cec0      0x4  ip_globals.o [1]
  .rodata               const    0x0002cec4      0x4  Keyboard.o [1]
  .rodata               const    0x0002cec8      0x4  mle_globals.o [1]
  .rodata               const    0x0002cecc      0x4  mpl_globals.o [1]
  .rodata               const    0x0002ced0      0x4  mpl_globals.o [1]
  .rodata               const    0x0002ced4      0x4  mpl_globals.o [1]
  .rodata               const    0x0002ced8      0x4  PhyPacketProcessor.o [1]
  .rodata               const    0x0002cedc      0x4  sixlowpan_globals.o [1]
  .rodata               const    0x0002cee0      0x4  sixlowpan_globals.o [1]
  .rodata               const    0x0002cee4      0x4  sockets_globals.o [1]
  .rodata               const    0x0002cee8      0x4  thread_nwk_data_globals.o [1]
  .rodata               const    0x0002ceec      0x4  thread_nwk_data_globals.o [1]
  .rodata               const    0x0002cef0      0x4  thread_nwk_data_globals.o [1]
  .rodata               const    0x0002cef4      0x4  thread_nwk_data_globals.o [1]
  .rodata               const    0x0002cef8      0x4  thread_routing_globals.o [1]
  .rodata               const    0x0002cefc      0x4  thread_routing_globals.o [1]
  .rodata               const    0x0002cf00      0x4  trickle_globals.o [1]
  .rodata               const    0x0002cf04      0x4  trickle_globals.o [1]
  .rodata               const    0x0002cf08      0x4  udp_globals.o [1]
  .rodata               const    0x0002cf0c      0x4  fsl_clock_MKW24D5.o [8]
  .rodata               const    0x0002cf10      0x4  mqx.o [7]
  .rodata               const    0x0002cf14      0x4  mqx.o [7]
  .rodata               const    0x0002cf18      0x4  fsl_pit_common.o [8]
  .rodata               const    0x0002cf1c      0x4  fsl_ftm_common.o [8]
  .rodata               const    0x0002cf20      0x4  fsl_adc16_common.o [8]
  .rodata               const    0x0002cf24      0x4  fsl_clock_manager_common.o [8]
  .text                 ro code  0x0002cf28      0x4  startup_MKW24D5.o [7]
  .rodata               const    0x0002cf2c      0x0  zero_init3.o [11]
  .rodata               const    0x0002cf2c      0x0  lz77_init.o [11]
  Initializer bytes     const    0x0002cf2c    0x482  <for P2 s0>
                               - 0x0002d3ae  0x2cf9e

"P2", part 1 of 4:                            0x7a58
  .bss                  zero     0x1fff8000   0x5100  MemManager.o [1]
  .bss                  zero     0x1fffd100    0xb40  MacGlobals.o [1]
  .bss                  zero     0x1fffdc40    0x800  thread_manager.o [13]
  .bss                  zero     0x1fffe440    0x190  dhcp_globals.o [1]
  .bss                  zero     0x1fffe5d0    0x190  fsl_osa_ext_mqxlite.o [1]
  .bss                  zero     0x1fffe760    0x184  mqx.o [7]
  .bss                  zero     0x1fffe8e4    0x17c  TimersManager.o [1]
  .bss                  zero     0x1fffea60    0x170  MacGlobals.o [1]
  .bss                  zero     0x1fffebd0    0x168  MacGlobals.o [1]
  .bss                  zero     0x1fffed38    0x144  shell_cmdhist.o [1]
  .bss                  zero     0x1fffee7c    0x130  sc_irdyq.o [7]
  .bss                  zero     0x1fffefac     0xf0  thread_nwk_data_globals.o [1]
  .bss                  zero     0x1ffff09c     0xc4  NV_Flash.o [1]
  .bss                  zero     0x1ffff160     0xc0  NV_Flash.o [1]
  .bss                  zero     0x1ffff220     0xc0  SerialManager.o [1]
  .bss                  zero     0x1ffff2e0     0xb0  khci_dev.o [9]
  .bss                  zero     0x1ffff390     0xac  usb_dev.o [9]
  .bss                  zero     0x1ffff43c     0x54  shell.o [1]
  .bss                  zero     0x1ffff490     0xa0  mpl_globals.o [1]
  .bss                  zero     0x1ffff530     0xa0  PhyTime.o [1]
  .bss                  zero     0x1ffff5d0     0x98  thread_nwk_data_globals.o [1]
  .bss                  zero     0x1ffff668     0x80  NV_Flash.o [1]
  .bss                  zero     0x1ffff6e8     0x78  sockets_globals.o [1]
  .bss                  zero     0x1ffff760     0x78  udp_globals.o [1]
  .bss                  zero     0x1ffff7d8     0x70  MemManager.o [1]
  .bss                  zero     0x1ffff848     0x60  usb_cdc.o [9]
  .bss                  zero     0x1ffff8a8     0x50  MacGlobals.o [1]
  .bss                  zero     0x1ffff8f8     0x50  PhyStateMachine.o [1]
  .bss                  zero     0x1ffff948     0x50  socket_app_utils.o [1]
  .bss                  zero     0x1ffff998     0x40  Flash_Adapter.o [1]
  .bss                  zero     0x1ffff9d8     0x40  init_bsp.o [1]
  .bss                  zero     0x1ffffa18     0x40  shell.o [1]
                               - 0x1ffffa58   0x7a58

"P2", part 2 of 4:                             0x7ca
  P2 s0                          0x20000000    0x7ca  <Init block>
    .data               inited   0x20000000    0x140  mmcau_sha256_functions.o [6]
    .data               inited   0x20000140     0x98  thread_manager_config.o [1]
    .data               inited   0x200001d8     0x94  thread_manager.o [13]
    .data               inited   0x20000270     0x80  mmcau_aes_functions.o [6]
    .data               inited   0x200002f0     0x44  usb_descriptor.o [1]
    .data               inited   0x20000334     0x40  fsl_osa_ext_mqxlite.o [1]
    .data               inited   0x20000374     0x3c  usb_descriptor.o [1]
    .data               inited   0x200003b0     0x38  ip.o [13]
    .data               inited   0x200003e8     0x34  sixlowpan_interface.o [13]
    .data               inited   0x2000041c     0x34  session.o [13]
    .data               inited   0x20000450     0x34  dhcp6_client.o [13]
    .data               inited   0x20000484     0x34  usb_framework.o [9]
    .data               inited   0x200004b8     0x30  thread_manager_config.o [1]
    .data               inited   0x200004e8     0x2c  thread_manager_config.o [1]
    .data               inited   0x20000514     0x28  coap.o [13]
    .data               inited   0x2000053c     0x28  usb_framework.o [9]
    .data               inited   0x20000564     0x24  Flash_Adapter.o [1]
    .data               inited   0x20000588     0x24  usb_descriptor.o [1]
    .data               inited   0x200005ac     0x20  app_init.o [1]
    .data               inited   0x200005cc     0x20  MemManager.o [1]
    .data               inited   0x200005ec     0x20  usb_descriptor.o [1]
    .data               inited   0x2000060c     0x20  usb_descriptor.o [1]
    .data               inited   0x2000062c     0x18  gpio_pins.o [1]
    .data               inited   0x20000644     0x14  thread_manager_config.o [1]
    .data               inited   0x20000658     0x18  thread_manager_config.o [1]
    .data               inited   0x20000670     0x18  usb_descriptor.o [1]
    .data               inited   0x20000688     0x18  usb_descriptor.o [1]
    .data               inited   0x200006a0     0x14  usb_descriptor.o [1]
    .data               inited   0x200006b4     0x14  usb_descriptor.o [1]
    .data               inited   0x200006c8     0x14  usb_descriptor.o [1]
    .data               inited   0x200006dc     0x14  usb_descriptor.o [1]
    .data               inited   0x200006f0     0x14  trickle.o [13]
    .data               inited   0x20000704     0x10  usb_descriptor.o [1]
    .data               inited   0x20000714      0xc  thread_manager_config.o [1]
    .data               inited   0x20000720      0xc  usb_descriptor.o [1]
    .data               inited   0x2000072c      0xc  usb_descriptor.o [1]
    .data               inited   0x20000738      0xc  usb_cdc_pstn.o [9]
    .data               inited   0x20000744      0x8  SPI.o [1]
    .data               inited   0x2000074c      0x8  thread_manager_config.o [1]
    .data               inited   0x20000754      0x8  usb_descriptor.o [1]
    .data               inited   0x2000075c      0x8  usb_descriptor.o [1]
    .data               inited   0x20000764      0x8  usb_descriptor.o [1]
    .data               inited   0x2000076c      0x8  usb_descriptor.o [1]
    .data               inited   0x20000774      0x8  virtual_com.o [1]
    .data               inited   0x2000077c      0x8  dhcp6_server.o [13]
    .data               inited   0x20000784      0x4  end_device_app.o [1]
    .data               inited   0x20000788      0x4  ip_if_6LowPan.o [1]
    .data               inited   0x2000078c      0x4  ip_if_6LowPan.o [1]
    .data               inited   0x20000790      0x4  MCR20Drv.o [1]
    .data               inited   0x20000794      0x4  nv_data.o [1]
    .data               inited   0x20000798      0x4  usb_descriptor.o [1]
    .data               inited   0x2000079c      0x4  network_utils.o [13]
    .data               inited   0x200007a0      0x4  fsl_mcg_hal.o [8]
    .data               inited   0x200007a4      0x4  fsl_mcg_hal.o [8]
    .data               inited   0x200007a8      0x4  mqx.o [7]
    .data               inited   0x200007ac      0x4  MacMain.o [3]
    __DLIB_PERTHREAD    inited   0x200007b0      0x4  errno.o [4]
    .data               inited   0x200007b4      0x2  NV_Flash.o [1]
    .data               inited   0x200007b6      0x2  shell_commands.o [1]
    .data               inited   0x200007b8      0x2  udp.o [13]
    .data               inited   0x200007ba      0x1  Keyboard.o [1]
    .data               inited   0x200007bb      0x1  LED.o [1]
    .data               inited   0x200007bc      0x1  LED.o [1]
    .data               inited   0x200007bd      0x1  MacGlobals.o [1]
    .data               inited   0x200007be      0x1  MacGlobals.o [1]
    .data               inited   0x200007bf      0x1  MacGlobals.o [1]
    .data               inited   0x200007c0      0x1  MacGlobals.o [1]
    .data               inited   0x200007c1      0x1  MacGlobals.o [1]
    .data               inited   0x200007c2      0x1  MacGlobals.o [1]
    .data               inited   0x200007c3      0x1  PhyPacketProcessor.o [1]
    .data               inited   0x200007c4      0x1  PhyPlmeData.o [1]
    .data               inited   0x200007c5      0x1  PhyPlmeData.o [1]
    .data               inited   0x200007c6      0x1  shell.o [1]
    .data               inited   0x200007c7      0x1  shell_commands.o [1]
    .data               inited   0x200007c8      0x1  shell_commands.o [1]
    .data               inited   0x200007c9      0x1  shell_commands.o [1]
                               - 0x200007ca    0x7ca

"P2", part 3 of 4:                            0x3b38
  .bss                  zero     0x200007cc    0x7d0  session.o [13]
  .bss                  zero     0x20000f9c    0x5dc  SerialManager.o [1]
  .bss                  zero     0x20001578    0x500  fsl_osa_ext_mqxlite.o [1]
  .bss                  zero     0x20001a78    0x4b0  app_init.o [1]
  .bss                  zero     0x20001f28    0x410  mqx.o [7]
  .bss                  zero     0x20002338    0x400  MacGlobals.o [1]
  .bss                  zero     0x20002738    0x400  TimersManager.o [1]
  .bss                  zero     0x20002b38    0x400  ip.o [13]
  .bss                  zero     0x20002f38    0x354  mqx.o [7]
  .bss                  zero     0x2000328c    0x300  sixlowpan_interface.o [13]
  .bss                  zero     0x2000358c    0x290  int.o [7]
  .bss                  zero     0x2000381c    0x27c  mqx.o [7]
  .bss                  zero     0x20003a98     0x7c  session.o [13]
  .bss                  zero     0x20003b18    0x210  thread_network_data.o [13]
  .bss                  zero     0x20003d28     0x40  sixlowpan_globals.o [1]
  .bss                  zero     0x20003d68     0x3c  coap_globals.o [1]
  .bss                  zero     0x20003da4     0x3c  event_manager_globals.o [1]
  .bss                  zero     0x20003de0     0x30  mle_globals.o [1]
  .bss                  zero     0x20003e10     0x30  NV_Flash.o [1]
  .bss                  zero     0x20003e40     0x30  shell_commands.o [1]
  .bss                  zero     0x20003e70     0x28  ip_globals.o [1]
  .bss                  zero     0x20003e98     0x24  ip_globals.o [1]
  .bss                  zero     0x20003ebc     0x24  SerialManager.o [1]
  .bss                  zero     0x20003ee0     0x24  TimersManager.o [1]
  .bss                  zero     0x20003f04     0x20  fsl_osa_ext_mqxlite.o [1]
  .bss                  zero     0x20003f24     0x20  NV_Flash.o [1]
  .bss                  zero     0x20003f44     0x1c  ip_globals.o [1]
  .bss                  zero     0x20003f60     0x20  socket_app_utils.o [1]
  .bss                  zero     0x20003f80     0x1c  Panic.o [1]
  .bss                  zero     0x20003f9c     0x1c  usb_cdc_pstn.o [9]
  .bss                  zero     0x20003fb8     0x18  app_init.o [1]
  .bss                  zero     0x20003fd0     0x18  fsl_osa_ext_mqxlite.o [1]
  .bss                  zero     0x20003fe8     0x18  ip.o [13]
  .bss                  zero     0x20004000     0x18  sixlowpan_interface.o [13]
  .bss                  zero     0x20004018     0x18  thread_manager.o [13]
  .bss                  zero     0x20004030     0x18  sixlowpan_tbl.o [13]
  .bss                  zero     0x20004048     0x18  session.o [13]
  .bss                  zero     0x20004060     0x18  thread_router.o [13]
  .bss                  zero     0x20004078     0x14  app_init.o [1]
  .bss                  zero     0x2000408c     0x14  dhcp_globals.o [1]
  .bss                  zero     0x200040a0     0x14  mac_abs_802154.o [1]
  .bss                  zero     0x200040b4     0x14  MacGlobals.o [1]
  .bss                  zero     0x200040c8     0x14  TimersManager.o [1]
  .bss                  zero     0x200040dc     0x10  app_init.o [1]
  .bss                  zero     0x200040ec      0xc  fsl_osa_ext_mqxlite.o [1]
  .bss                  zero     0x200040f8     0x10  end_device_app.o [1]
  .bss                  zero     0x20004108     0x10  shell_commands.o [1]
  .bss                  zero     0x20004118     0x10  thread_manager_config.o [1]
  .bss                  zero     0x20004128     0x10  virtual_com.o [1]
  .bss                  zero     0x20004138     0x10  ip6.o [13]
  .bss                  zero     0x20004148     0x10  mpl.o [13]
  .bss                  zero     0x20004158     0x10  usb_class.o [9]
  .bss                  zero     0x20004168     0x10  usb_dev.o [9]
  .bss                  zero     0x20004178      0xc  ip_globals.o [1]
  .bss                  zero     0x20004184      0xc  mle.o [13]
  .bss                  zero     0x20004190      0xc  mle_security.o [13]
  .bss                  zero     0x2000419c      0x8  dhcp_globals.o [1]
  .bss                  zero     0x200041a4      0x8  ip_globals.o [1]
  .bss                  zero     0x200041ac      0x8  MacGlobals.o [1]
  .bss                  zero     0x200041b4      0x8  MacGlobals.o [1]
  .bss                  zero     0x200041bc      0x8  mpl_globals.o [1]
  .bss                  zero     0x200041c4      0x8  NV_Flash.o [1]
  .bss                  zero     0x200041cc      0x8  PhyISR.o [1]
  .bss                  zero     0x200041d4      0x4  app_temp_sensor.o [1]
  .bss                  zero     0x200041d8      0x8  PhyTime.o [1]
  .bss                  zero     0x200041e0      0x8  shell_commands.o [1]
  .bss                  zero     0x200041e8      0x8  trickle_globals.o [1]
  .bss                  zero     0x200041f0      0x8  MacMain.o [3]
  .bss                  zero     0x200041f8      0x8  fsl_pit_driver.o [8]
  .bss                  zero     0x20004200      0x8  dhcp6_server.o [13]
  .bss                  zero     0x20004208      0x8  mle_security.o [13]
  .bss                  zero     0x20004210      0x4  app_temp_sensor.o [1]
  .bss                  zero     0x20004214      0x4  end_device_app.o [1]
  .bss                  zero     0x20004218      0x4  Flash_Adapter.o [1]
  .bss                  zero     0x2000421c      0x4  ip_if_6LowPan.o [1]
  .bss                  zero     0x20004220      0x4  Keyboard.o [1]
  .bss                  zero     0x20004224      0x4  Keyboard.o [1]
  .bss                  zero     0x20004228      0x4  Keyboard.o [1]
  .bss                  zero     0x2000422c      0x4  MacGlobals.o [1]
  .bss                  zero     0x20004230      0x4  NV_Flash.o [1]
  .bss                  zero     0x20004234      0x4  NV_Flash.o [1]
  .bss                  zero     0x20004238      0x4  NV_Flash.o [1]
  .bss                  zero     0x2000423c      0x4  PhyISR.o [1]
  .bss                  zero     0x20004240      0x4  PhyISR.o [1]
  .bss                  zero     0x20004244      0x4  PhyISR.o [1]
  .bss                  zero     0x20004248      0x4  PhyTime.o [1]
  .bss                  zero     0x2000424c      0x4  PhyTime.o [1]
  .bss                  zero     0x20004250      0x4  PhyTime.o [1]
  .bss                  zero     0x20004254      0x4  RNG.o [1]
  .bss                  zero     0x20004258      0x4  SerialManager.o [1]
  .bss                  zero     0x2000425c      0x4  SerialManager.o [1]
  .bss                  zero     0x20004260      0x4  shell.o [1]
  .bss                  zero     0x20004264      0x4  shell.o [1]
  .bss                  zero     0x20004268      0x4  shell_commands.o [1]
  .bss                  zero     0x2000426c      0x4  shell_commands.o [1]
  .bss                  zero     0x20004270      0x4  shell_commands.o [1]
  .bss                  zero     0x20004274      0x4  shell_commands.o [1]
  .bss                  zero     0x20004278      0x4  sixlowpan_globals.o [1]
  .bss                  zero     0x2000427c      0x4  sixlowpan_globals.o [1]
  .bss                  zero     0x20004280      0x4  socket_app_utils.o [1]
  .bss                  zero     0x20004284      0x4  thread_nwk_data_globals.o [1]
  .bss                  zero     0x20004288      0x4  thread_nwk_data_globals.o [1]
  .bss                  zero     0x2000428c      0x4  thread_routing_globals.o [1]
  .bss                  zero     0x20004290      0x4  TimersManager.o [1]
  .bss                  zero     0x20004294      0x4  TimersManager.o [1]
  .bss                  zero     0x20004298      0x4  virtual_com.o [1]
  .bss                  zero     0x2000429c      0x4  sockets.o [13]
  .bss                  zero     0x200042a0      0x4  fsl_mcg_hal.o [8]
  .bss                  zero     0x200042a4      0x4  fsl_mcg_hal.o [8]
  .bss                  zero     0x200042a8      0x4  fsl_hwtimer_systick.o [8]
  .bss                  zero     0x200042ac      0x4  dhcp6_lq_client.o [13]
  .bss                  zero     0x200042b0      0x4  icmp.o [13]
  .bss                  zero     0x200042b4      0x4  thread_routing.o [13]
  .bss                  zero     0x200042b8      0x4  udp.o [13]
  .bss                  zero     0x200042bc      0x4  khci_dev.o [9]
  .bss                  zero     0x200042c0      0x4  khci_dev.o [9]
  .bss                  zero     0x200042c4      0x2  end_device_app.o [1]
  .bss                  zero     0x200042c6      0x2  LED.o [1]
  .bss                  zero     0x200042c8      0x2  MemManager.o [1]
  .bss                  zero     0x200042ca      0x2  NV_Flash.o [1]
  .bss                  zero     0x200042cc      0x2  shell.o [1]
  .bss                  zero     0x200042ce      0x2  shell.o [1]
  .bss                  zero     0x200042d0      0x2  shell_cmdhist.o [1]
  .bss                  zero     0x200042d2      0x2  shell_cmdhist.o [1]
  .bss                  zero     0x200042d4      0x2  shell_commands.o [1]
  .bss                  zero     0x200042d6      0x2  shell_commands.o [1]
  .bss                  zero     0x200042d8      0x2  TimersManager.o [1]
  .bss                  zero     0x200042da      0x2  TimersManager.o [1]
  .bss                  zero     0x200042dc      0x2  usb_descriptor.o [1]
  .bss                  zero     0x200042de      0x2  virtual_com.o [1]
  .bss                  zero     0x200042e0      0x2  virtual_com.o [1]
  .bss                  zero     0x200042e2      0x1  end_device_app.o [1]
  .bss                  zero     0x200042e3      0x1  Keyboard.o [1]
  .bss                  zero     0x200042e4      0x1  Keyboard.o [1]
  .bss                  zero     0x200042e5      0x1  Keyboard.o [1]
  .bss                  zero     0x200042e6      0x1  LED.o [1]
  .bss                  zero     0x200042e7      0x1  LED.o [1]
  .bss                  zero     0x200042e8      0x1  mac_abs_802154.o [1]
  .bss                  zero     0x200042e9      0x1  MacGlobals.o [1]
  .bss                  zero     0x200042ea      0x1  NV_Flash.o [1]
  .bss                  zero     0x200042eb      0x1  NV_Flash.o [1]
  .bss                  zero     0x200042ec      0x1  NV_Flash.o [1]
  .bss                  zero     0x200042ed      0x1  NV_Flash.o [1]
  .bss                  zero     0x200042ee      0x1  NV_Flash.o [1]
  .bss                  zero     0x200042ef      0x1  NV_Flash.o [1]
  .bss                  zero     0x200042f0      0x1  NV_Flash.o [1]
  .bss                  zero     0x200042f1      0x1  PhyISR.o [1]
  .bss                  zero     0x200042f2      0x1  PhyISR.o [1]
  .bss                  zero     0x200042f3      0x1  PhyPacketProcessor.o [1]
  .bss                  zero     0x200042f4      0x1  SerialManager.o [1]
  .bss                  zero     0x200042f5      0x1  shell.o [1]
  .bss                  zero     0x200042f6      0x1  shell.o [1]
  .bss                  zero     0x200042f7      0x1  shell.o [1]
[...]
maNwkDataPrefixTbl      0x20003be8    0xa0  Data  Lc  thread_network_data.o [13]
maNwkDataPrefixTblLen   0x20003ba0     0xc  Data  Lc  thread_network_data.o [13]
maOldIsr                0x20004228     0x4  Data  Lc  Keyboard.o [1]
maServerDataDhcpServerTbl
                        0x20003bc4    0x18  Data  Lc  thread_network_data.o [13]
maServerDataExtRouteTbl
                        0x20003bac    0x18  Data  Lc  thread_network_data.o [13]
maServerDataPrefixTbl   0x20003c88    0xa0  Data  Lc  thread_network_data.o [13]
maServerDataPrefixTblLen
                        0x20003bdc     0xc  Data  Lc  thread_network_data.o [13]
maThrIfTbl              0x2000428c     0x4  Data  Gb  thread_routing_globals.o [1]
maThreadInstances       0x20004284     0x4  Data  Gb  thread_nwk_data_globals.o [1]
maTmrTimerStatusTable   0x200040c8    0x14  Data  Lc  TimersManager.o [1]
maTmrTimerTable         0x1fffe8e4   0x17c  Data  Lc  TimersManager.o [1]
macAbsReq               0x0000e35c    0x6c  Data  Lc  mac_abs_802154.o [1]
macInitPIBs             0x0001d87d   0x25a  Code  Gb  MacPib.o [3]
macVerifySetReq         0x0001dad7    0xda  Code  Gb  MacPib.o [3]
main                    0x0000eccb    0x3c  Code  Gb  fsl_osa_ext_mqxlite.o [1]
main_task               0x00012dc5    0x62  Code  Gb  app_init.o [1]
main_taskStack          0x20001578   0x500  Data  Gb  fsl_osa_ext_mqxlite.o [1]
make_argv               0x0002140d    0x64  Code  Gb  shell.o [1]
memHeap                 0x1fff8000  0x5100  Data  Gb  MemManager.o [1]
memPools                0x1ffff7d8    0x70  Data  Gb  MemManager.o [1]
memchr                  0x0001add1          Code  Gb  memchr.o [11]
mfLedInSerialMode       0x200042e6     0x1  Data  Lc  LED.o [1]
mlmeGetSetReq           0x0001dbc1   0x3b8  Code  Gb  MacPib.o [3]
mlmeGetSizeOfPIB        0x0001e001    0xa8  Code  Gb  MacPib.o [3]
mlmeResetReq            0x0001e2a7    0xac  Code  Gb  Reset.o [3]
mmcau_aes_decrypt       0x0001c261          Code  Gb  mmcau_aes_functions.o [6]
mmcau_aes_encrypt       0x0001c131          Code  Gb  mmcau_aes_functions.o [6]
mmcau_aes_set_key       0x0001ba21          Code  Gb  mmcau_aes_functions.o [6]
mmcau_sha256_hash       0x0001c891          Code  Gb  mmcau_sha256_functions.o [6]
mmcau_sha256_hash_n     0x0001c5b1          Code  Gb  mmcau_sha256_functions.o [6]
mmcau_sha256_initialize_output
                        0x0001c591          Code  Gb  mmcau_sha256_functions.o [6]
mmcau_sha256_update     0x0001c871          Code  Gb  mmcau_sha256_functions.o [6]
mpAppThreadMsgQueue     0x20004214     0x4  Data  Lc  end_device_app.o [1]
mpCoapTaskMsgQueue      0x20000524     0x4  Data  Lc  coap.o [13]
mpIpPktInfoBuffer       0x20004070     0x4  Data  Lc  thread_router.o [13]
mpIpTaskMsgQueue        0x20000248     0x4  Data  Gb  thread_manager.o [13]
mpMleActiveKeyDescriptor
                        0x20004208     0x4  Data  Lc  mle_security.o [13]
mpMleNewestKeyDescriptor
                        0x2000420c     0x4  Data  Lc  mle_security.o [13]
mpMleTaskMsgQueue       0x20004188     0x4  Data  Lc  mle.o [13]
mpMplTaskMsgQueue       0x20004148     0x4  Data  Lc  mpl.o [13]
mpRxParams              0x2000423c     0x4  Data  Lc  PhyISR.o [1]
mpThreadTaskMsgQueue    0x20000244     0x4  Data  Gb  thread_manager.o [13]
mpTrickleTaskMsgQueue   0x200006f4     0x4  Data  Lc  trickle.o [13]
mpfDhcp6ClientSetAddr   0x20000480     0x4  Data  Lc  dhcp6_client.o [13]
mpfDhcp6LqCb            0x200042ac     0x4  Data  Lc  dhcp6_lq_client.o [13]
mpfKeyFunction          0x20004224     0x4  Data  Lc  Keyboard.o [1]
mpfMleReceiveCb         0x2000418c     0x4  Data  Lc  mle.o [13]
mpfShellBreak           0x20004264     0x4  Data  Gb  shell.o [1]
mqx_idle_task_stack     0x1fffe760   0x184  Data  Lc  mqx.o [7]
mqx_init                0x00006c95    0x9c  Code  Gb  mqx.o [7]
mqx_init_task_stack     0x2000381c   0x27c  Data  Lc  mqx.o [7]
mqx_interrupt_stack     0x20001f28   0x410  Data  Gb  mqx.o [7]
mqx_start               0x00006e49    0xa4  Code  Gb  mqx.o [7]
mqx_static_isr_table    0x2000358c   0x290  Data  Lc  int.o [7]
mqx_static_ready_queue  0x1fffee7c   0x130  Data  Lc  sc_irdyq.o [7]
multicastAddrTableSize  0x0002ceb8     0x4  Data  Gb  ip_globals.o [1]
ndigs                   0x000253b8    0x28  Data  Lc  xstoul.o [4]
ndigs                   0x0001b058    0x28  Data  Lc  xstoull.o [4]
ntop                    0x00009c25   0x1a8  Code  Gb  network_utils.o [13]
numberOfActiveTimers    0x200042fa     0x1  Data  Lc  TimersManager.o [1]
numberOfLowPowerActiveTimers
                        0x200042fb     0x1  Data  Lc  TimersManager.o [1]
nwkDeviceStatus         0x200042e2     0x1  Data  Lc  end_device_app.o [1]
osEventHeap             0x1fffe5d0   0x190  Data  Gb  fsl_osa_ext_mqxlite.o [1]
osEventInfo             0x0002cb74     0xc  Data  Gb  fsl_osa_ext_mqxlite.o [1]
osObjectAlloc           0x0000ed21    0x28  Code  Lc  fsl_osa_ext_mqxlite.o [1]
osObjectFree            0x0000ed77    0x24  Code  Lc  fsl_osa_ext_mqxlite.o [1]
osObjectIsAllocated     0x0000ed49    0x2e  Code  Lc  fsl_osa_ext_mqxlite.o [1]
osThreadLink_App_Task   0x20003fb8    0x18  Data  Gb  app_init.o [1]
osThreadLink_IP_Task    0x20003fe8    0x18  Data  Gb  ip.o [13]
osThreadLink_SLWP_Task  0x20004000    0x18  Data  Gb  sixlowpan_interface.o [13]
osThreadLink_Session_Task
                        0x20004048    0x18  Data  Gb  session.o [13]
osThreadLink_Thread_Task
                        0x20004018    0x18  Data  Gb  thread_manager.o [13]
osThread_App_Task_stack
                        0x20001a78   0x4b0  Data  Gb  app_init.o [1]
osThread_IP_Task_stack  0x20002b38   0x400  Data  Gb  ip.o [13]
osThread_SLWP_Task_stack
                        0x2000328c   0x300  Data  Gb  sixlowpan_interface.o [13]
osThread_Session_Task_stack
                        0x200007cc   0x7d0  Data  Gb  session.o [13]
osThread_Thread_Task_stack
                        0x1fffdc40   0x800  Data  Gb  thread_manager.o [13]
os_thread_def_App_Task  0x200005ac    0x20  Data  Gb  app_init.o [1]
os_thread_def_IP_Task   0x200003c8    0x20  Data  Gb  ip.o [13]
os_thread_def_SLWP_Task
                        0x200003fc    0x20  Data  Gb  sixlowpan_interface.o [13]
os_thread_def_Session_Task
                        0x20000430    0x20  Data  Gb  session.o [13]
os_thread_def_Thread_Task
                        0x2000024c    0x20  Data  Gb  thread_manager.o [13]
overwrites_direct       0x0002ced8     0x4  Data  Gb  PhyPacketProcessor.o [1]
overwrites_indirect     0x0002ba5c    0x34  Data  Gb  PhyPacketProcessor.o [1]
pNVM_DataTable          0x20000794     0x4  Data  Gb  nv_data.o [1]
pNextEvent              0x2000424c     0x4  Data  Lc  PhyTime.o [1]
pPrompt                 0x20004260     0x4  Data  Lc  shell.o [1]
pSrcIpAddr              0x20004274     0x4  Data  Gb  shell_commands.o [1]
pStackCfg               0x2000074c     0x8  Data  Gb  thread_manager_config.o [1]
panic                   0x00004fcd    0x48  Code  Gb  Panic.o [1]
panic_data              0x20003f80    0x1c  Data  Gb  Panic.o [1]
pfOldIsr                0x20004244     0x4  Data  Lc  PhyISR.o [1]
phyLocal                0x1ffff8f8    0x50  Data  Gb  PhyStateMachine.o [1]
pingCounter             0x200042d6     0x2  Data  Lc  shell_commands.o [1]
pingSize                0x200042d4     0x2  Data  Lc  shell_commands.o [1]
pingTimeStamp           0x200041e0     0x8  Data  Gb  shell_commands.o [1]
pingTimerID             0x200007c7     0x1  Data  Gb  shell_commands.o [1]
pll_frac                0x0002c1f4    0x20  Data  Lc  PhyPlmeData.o [1]
pll_int                 0x0002c974    0x10  Data  Lc  PhyPlmeData.o [1]
pmAppSockThreadMsgQueue
                        0x20004280     0x4  Data  Lc  socket_app_utils.o [1]
pmMainThreadMsgQueue    0x20004270     0x4  Data  Lc  shell_commands.o [1]
pmTaskMsgQueue          0x20000478     0x4  Data  Lc  dhcp6_client.o [13]
pmTaskMsgQueue          0x200042b0     0x4  Data  Lc  icmp.o [13]
pmTaskMsgQueue          0x20000780     0x4  Data  Lc  dhcp6_server.o [13]
pmThreadRoutingTaskMsgQueue
                        0x200042b4     0x4  Data  Lc  thread_routing.o [13]
poolInfo                0x200005cc    0x20  Data  Gb  MemManager.o [1]
portGateTable           0x0002ce60     0x8  Data  Lc  fsl_clock_MKW24D5.o [8]
pows                    0x00022728    0x48  Data  Lc  xdtento.o [10]
pressedKey              0x200042e5     0x1  Data  Lc  Keyboard.o [1]
previousTimeInTicks     0x200042d8     0x2  Data  Lc  TimersManager.o [1]
print_argv              0x00024d41    0xd2  Code  Lc  shell_autocomplete.o [1]
protocolLut             0x00011e04    0x18  Data  Lc  ip.o [13]
pton                    0x00009a67   0x188  Code  Gb  network_utils.o [13]
recvfrom                0x0000eeed    0x20  Code  Gb  sockets.o [13]
s_baudratePrescaler     0x0002cb28    0x10  Data  Lc  fsl_dspi_hal.o [8]
s_baudrateScaler        0x0002b6c4    0x40  Data  Lc  fsl_dspi_hal.o [8]
select                  0x0000f125    0xe6  Code  Gb  sockets.o [13]
send                    0x0000ee83    0x24  Code  Gb  sockets.o [13]
sendto                  0x0000eea7    0x22  Code  Gb  sockets.o [13]
setsockopt              0x0000efaf    0xd4  Code  Gb  sockets.o [13]
shellCommandsEnabled    0x200042f9     0x1  Data  Lc  shell_commands.o [1]
shell_ProcessChr        0x0002161d   0x568  Code  Lc  shell.o [1]
shell_ProcessChr::esc_len
                        0x200042f7     0x1  Data  Lc  shell.o [1]
shell_erase_to_eol      0x00021b85    0x84  Code  Lc  shell.o [1]
shell_find_command      0x000213bb    0x4e  Code  Gb  shell.o [1]
shell_get_opt           0x00021319    0xa2  Code  Gb  shell.o [1]
shell_init              0x00021109    0x9a  Code  Gb  shell.o [1]
shell_main              0x00021471   0x1a0  Code  Lc  shell.o [1]
shell_printf            0x0002122f    0x48  Code  Gb  shell.o [1]
shell_putc              0x0002120b    0x12  Code  Gb  shell.o [1]
shell_refresh           0x000211a3    0x2e  Code  Gb  shell.o [1]
shell_register_function
                        0x00021277    0x86  Code  Gb  shell.o [1]
shell_register_function_array
                        0x000212fd    0x1c  Code  Gb  shell.o [1]
shell_write             0x000211f5    0x16  Code  Gb  shell.o [1]
shell_writeDec          0x0002121d    0x12  Code  Gb  shell.o [1]
shell_writeN            0x000211d1    0x24  Code  Gb  shell.o [1]
shutdown                0x0000ee65     0x2  Code  Gb  sockets.o [13]
sixlowpanInstancesNb    0x0002cedc     0x4  Data  Gb  sixlowpan_globals.o [1]
slwpContextTableSize    0x0002cee0     0x4  Data  Gb  sixlowpan_globals.o [1]
soc_get_usb_base_address
                        0x00027a91    0x10  Code  Gb  adapter_sdk.o [9]
soc_get_usb_vector_number
                        0x00027905    0x10  Code  Gb  adapter_sdk.o [9]
sockDgramCallback       0x0000f6a8    0x20  Data  Gb  sockets.o [13]
socket                  0x0000ee2d    0x38  Code  Gb  sockets.o [13]
socketsSize             0x0002cee4     0x4  Data  Gb  sockets_globals.o [1]
spiGateTable            0x00006f4a     0x2  Data  Lc  fsl_clock_MKW24D5.o [8]
spi_master_configure_speed
                        0x0002408d    0x16  Code  Gb  SPI.o [1]
spi_master_init         0x00023ffb    0x92  Code  Gb  SPI.o [1]
spi_master_transfer     0x000240a3    0x74  Code  Gb  SPI.o [1]
sprintf                 0x0000edf9    0x34  Code  Gb  sprintf.o [4]
ssTx                    0x20003f60    0x20  Data  Gb  socket_app_utils.o [1]
sscanf                  0x0000edd5    0x24  Code  Gb  sscanf.o [4]
startup_task            0x0000eab1    0x8a  Code  Gb  fsl_osa_ext_mqxlite.o [1]
startup_task::osMainTaskDef
                        0x20003f04    0x20  Data  Lc  fsl_osa_ext_mqxlite.o [1]
startup_task::osMainTaskLink
                        0x20003fd0    0x18  Data  Lc  fsl_osa_ext_mqxlite.o [1]
strchr                  0x0001adb9          Code  Gb  strchr.o [11]
strlen                  0x0000ed9d          Code  Gb  strlen.o [11]
strncmp                 0x000297d9    0x2c  Code  Gb  strncmp.o [4]
sw_AES128_CCM           0x0001c3e1   0x19e  Code  Gb  SW_AES128.o [5]
switchPins              0x2000062c    0x18  Data  Gb  gpio_pins.o [1]
systimer                0x1ffff9d8    0x40  Data  Gb  init_bsp.o [1]
thrLinkMargintoLinkQTbl
                        0x0000cd78    0x10  Data  Gb  thread_routing.o [13]
threadInstance          0x200001d8    0x58  Data  Gb  thread_manager.o [13]
threadList              0x200040ec     0xc  Data  Gb  fsl_osa_ext_mqxlite.o [1]
timerHardwareIsRunning  0x200042fc     0x1  Data  Lc  TimersManager.o [1]
timerIDSelect           0x200007c9     0x1  Data  Lc  shell_commands.o [1]
toolchain_startup       0x0002b3b1     0x8  Code  Gb  comp.o [7]
transportServiceListSize
                        0x0002cebc     0x4  Data  Gb  ip_globals.o [1]
udpConnectionsSize      0x0002cf08     0x4  Data  Gb  udp_globals.o [1]
udpTranspSrvStr         0x00014c94     0x8  Data  Lc  udp.o [13]
usb_class_object        0x20004158    0x10  Data  Lc  usb_class.o [9]
usb_configuration       0x2000075c     0x8  Data  Lc  usb_descriptor.o [1]
usb_dci_khci_cancel     0x00028bdd    0x92  Code  Gb  khci_dev.o [9]
usb_dci_khci_deinit_endpoint
                        0x00028829    0x8e  Code  Gb  khci_dev.o [9]
usb_dci_khci_free_xd    0x00027e05    0x30  Code  Gb  khci_dev.o [9]
usb_dci_khci_get_endpoint_status
                        0x00028ccd    0x1c  Code  Gb  khci_dev.o [9]
usb_dci_khci_get_status
                        0x00028dbd    0x5a  Code  Gb  khci_dev.o [9]
usb_dci_khci_get_xd     0x00027e35    0x48  Code  Gb  khci_dev.o [9]
usb_dci_khci_init       0x0002869f    0x62  Code  Gb  khci_dev.o [9]
usb_dci_khci_init_endpoint
                        0x00028727   0x102  Code  Gb  khci_dev.o [9]
usb_dci_khci_init_xd    0x00027e7d    0x3e  Code  Gb  khci_dev.o [9]
usb_dci_khci_postinit   0x00028701    0x26  Code  Gb  khci_dev.o [9]
usb_dci_khci_preinit    0x00028675    0x2a  Code  Gb  khci_dev.o [9]
usb_dci_khci_recv       0x0002890d    0xc2  Code  Gb  khci_dev.o [9]
usb_dci_khci_reset      0x00028e17    0x3e  Code  Gb  khci_dev.o [9]
usb_dci_khci_send       0x000288b7    0x56  Code  Gb  khci_dev.o [9]
usb_dci_khci_set_addr   0x00028c6f    0x1e  Code  Gb  khci_dev.o [9]
usb_dci_khci_set_endpoint_status
                        0x00028ce9    0x7e  Code  Gb  khci_dev.o [9]
usb_dci_khci_set_status
                        0x00028d67    0x56  Code  Gb  khci_dev.o [9]
usb_dci_khci_shutdown   0x00028c8d    0x40  Code  Gb  khci_dev.o [9]
usb_dci_khci_stall_endpoint
                        0x000289cf    0xc4  Code  Gb  khci_dev.o [9]
usb_dci_khci_unstall_endpoint
                        0x00028a93   0x124  Code  Gb  khci_dev.o [9]
usb_dec_class           0x20000688    0x18  Data  Lc  usb_descriptor.o [1]
usb_device_get_status   0x00026a9d    0x6a  Code  Gb  usb_dev.o [9]
usb_device_init         0x00026b55   0x116  Code  Gb  usb_dev.o [9]
usb_device_init_endpoint
                        0x00026ca9    0x62  Code  Gb  usb_dev.o [9]
usb_device_postinit     0x00026c85    0x24  Code  Gb  usb_dev.o [9]
usb_device_recv_data    0x00026da1    0xa2  Code  Gb  usb_dev.o [9]
usb_device_register_application_notify
                        0x00026f73    0x1a  Code  Gb  usb_dev.o [9]
usb_device_register_desc_request_notify
                        0x00026fa7    0x1a  Code  Gb  usb_dev.o [9]
usb_device_register_service
                        0x00026d0b    0x96  Code  Gb  usb_dev.o [9]
usb_device_register_vendor_class_request_notify
                        0x00026f8d    0x1a  Code  Gb  usb_dev.o [9]
usb_device_reset        0x00026fc1    0x2a  Code  Gb  usb_dev.o [9]
usb_device_send_data    0x00026e43    0x9e  Code  Gb  usb_dev.o [9]
usb_device_set_status   0x00026b07    0x4e  Code  Gb  usb_dev.o [9]
usb_device_stall_endpoint
                        0x00026f31    0x42  Code  Gb  usb_dev.o [9]
usb_device_unstall_endpoint
                        0x00026ee1    0x50  Code  Gb  usb_dev.o [9]
usb_hal_khci_clear_control_register
                        0x00027cfb     0xc  Code  Lc  khci_dev.o [9]
usb_hal_khci_clr_all_error_interrupts
                        0x00027cbb     0x8  Code  Lc  khci_dev.o [9]
usb_hal_khci_clr_all_interrupts
                        0x00027c97     0x8  Code  Lc  khci_dev.o [9]
usb_hal_khci_clr_interrupt
                        0x00027c91     0x6  Code  Lc  khci_dev.o [9]
usb_hal_khci_clr_oddrst
                        0x00027cdf     0xe  Code  Lc  khci_dev.o [9]
usb_hal_khci_clr_suspend
                        0x00027df3    0x12  Code  Lc  khci_dev.o [9]
usb_hal_khci_clr_token_busy
                        0x00027cc3     0xe  Code  Lc  khci_dev.o [9]
usb_hal_khci_disable_dp_pull_up
                        0x00027dd7     0xa  Code  Lc  khci_dev.o [9]
usb_hal_khci_disable_interrupts
                        0x00027c85     0xc  Code  Lc  khci_dev.o [9]
usb_hal_khci_enable_all_error_interrupts
                        0x00027cb3     0x8  Code  Lc  khci_dev.o [9]
usb_hal_khci_enable_dp_pull_up
                        0x00027dcd     0xa  Code  Lc  khci_dev.o [9]
usb_hal_khci_enable_interrupts
                        0x00027c79     0xc  Code  Lc  khci_dev.o [9]
usb_hal_khci_enable_pull_down
                        0x00027dbb    0x12  Code  Lc  khci_dev.o [9]
usb_hal_khci_enable_sof
                        0x00027ced     0xe  Code  Lc  khci_dev.o [9]
usb_hal_khci_endpoint_clr_stall
                        0x00027da5    0x16  Code  Lc  khci_dev.o [9]
usb_hal_khci_endpoint_enable_handshake
                        0x00027d5f    0x22  Code  Lc  khci_dev.o [9]
usb_hal_khci_endpoint_set_direction
                        0x00027d81    0x24  Code  Lc  khci_dev.o [9]
usb_hal_khci_endpoint_shut_down
                        0x00027d53     0xc  Code  Lc  khci_dev.o [9]
usb_hal_khci_get_frame_number
                        0x00027d2f    0x10  Code  Lc  khci_dev.o [9]
usb_hal_khci_get_transfer_done_direction
                        0x00027d17     0xc  Code  Lc  khci_dev.o [9]
usb_hal_khci_get_transfer_done_ep_number
                        0x00027d0d     0xa  Code  Lc  khci_dev.o [9]
usb_hal_khci_get_transfer_done_odd
                        0x00027d23     0xc  Code  Lc  khci_dev.o [9]
usb_hal_khci_get_transfer_status
                        0x00027d07     0x6  Code  Lc  khci_dev.o [9]
usb_hal_khci_is_interrupt_issued
                        0x00027c9f    0x14  Code  Lc  khci_dev.o [9]
usb_hal_khci_set_buffer_descriptor_table_addr
                        0x00027c65    0x14  Code  Lc  khci_dev.o [9]
usb_hal_khci_set_device_addr
                        0x00027d3f    0x14  Code  Lc  khci_dev.o [9]
usb_hal_khci_set_oddrst
                        0x00027cd1     0xe  Code  Lc  khci_dev.o [9]
usb_hal_khci_set_suspend
                        0x00027de1    0x12  Code  Lc  khci_dev.o [9]
usb_if                  0x20000670    0x18  Data  Lc  usb_descriptor.o [1]
usb_lang                0x20000720     0xc  Data  Gb  usb_descriptor.o [1]
vsnprintf               0x00024bad    0x3c  Code  Gb  vsnprint.o [4]
wait_timeout_msec_to_tick
                        0x000040d3    0x2c  Code  Lc  fsl_os_abstraction_mqx.o [8]


[1] = C:\Users\smachin\projects\personal\FSL_Thread_Stack_0.6.0\Thread\app\thread\thread_end_device\iar\usbkw24d512\mqxlite_debug\Obj
[2] = command line
[3] = Freescale_802.15.4_MAC_06_M4_IAR.a
[4] = dl7M_tln.a
[5] = lib_crypto_IAR_M4.a
[6] = lib_mmcau.a
[7] = lib_mqx.a
[8] = libksdk_platform_mqx.a
[9] = libusbd_mqx.a
[10] = m7M_tl.a
[11] = rt7M_tl.a
[12] = shb_l.a
[13] = thread_m4.a

  172 689 bytes of readonly  code memory
   12 573 bytes of readonly  data memory
   55 010 bytes of readwrite data memory

Errors: none
Warnings: none
