###############################################################################
#
# IAR ELF Linker V7.70.2.11706/W32 for ARM                19/Jan/2017  12:12:01
# Copyright 2007-2016 IAR Systems AB.
#
#    Output file  =  
#        C:\FSL_Thread_Stack_0.6.0\Thread\app\thread\thread_end_device\iar\twrkw24d512\mqxlite_debug\Exe\thread_end_device_twrkw24d512_mqxlite_debug.out.tmp
#    Map file     =  
#        C:\FSL_Thread_Stack_0.6.0\Thread\app\thread\thread_end_device\iar\twrkw24d512\mqxlite_debug\List\thread_end_device_twrkw24d512_mqxlite_debug.map
#    Command line =  
#        C:\FSL_Thread_Stack_0.6.0\Thread\app\thread\thread_end_device\iar\twrkw24d512\mqxlite_debug\Obj\app_init.o
#        C:\FSL_Thread_Stack_0.6.0\Thread\app\thread\thread_end_device\iar\twrkw24d512\mqxlite_debug\Obj\app_temp_sensor.o
#        C:\FSL_Thread_Stack_0.6.0\Thread\app\thread\thread_end_device\iar\twrkw24d512\mqxlite_debug\Obj\ASP.o
#        C:\FSL_Thread_Stack_0.6.0\Thread\app\thread\thread_end_device\iar\twrkw24d512\mqxlite_debug\Obj\coap_globals.o
#        C:\FSL_Thread_Stack_0.6.0\Thread\app\thread\thread_end_device\iar\twrkw24d512\mqxlite_debug\Obj\CopyToRam.o
#        C:\FSL_Thread_Stack_0.6.0\Thread\app\thread\thread_end_device\iar\twrkw24d512\mqxlite_debug\Obj\debug_log.o
#        C:\FSL_Thread_Stack_0.6.0\Thread\app\thread\thread_end_device\iar\twrkw24d512\mqxlite_debug\Obj\dhcp_globals.o
#        C:\FSL_Thread_Stack_0.6.0\Thread\app\thread\thread_end_device\iar\twrkw24d512\mqxlite_debug\Obj\Eeprom_AT45DB161E.o
#        C:\FSL_Thread_Stack_0.6.0\Thread\app\thread\thread_end_device\iar\twrkw24d512\mqxlite_debug\Obj\Eeprom_InternalFlash.o
#        C:\FSL_Thread_Stack_0.6.0\Thread\app\thread\thread_end_device\iar\twrkw24d512\mqxlite_debug\Obj\end_device_app.o
#        C:\FSL_Thread_Stack_0.6.0\Thread\app\thread\thread_end_device\iar\twrkw24d512\mqxlite_debug\Obj\event_manager_globals.o
#        C:\FSL_Thread_Stack_0.6.0\Thread\app\thread\thread_end_device\iar\twrkw24d512\mqxlite_debug\Obj\Flash_Adapter.o
#        C:\FSL_Thread_Stack_0.6.0\Thread\app\thread\thread_end_device\iar\twrkw24d512\mqxlite_debug\Obj\FlashCommandSequence.o
#        C:\FSL_Thread_Stack_0.6.0\Thread\app\thread\thread_end_device\iar\twrkw24d512\mqxlite_debug\Obj\FlashEraseSector.o
#        C:\FSL_Thread_Stack_0.6.0\Thread\app\thread\thread_end_device\iar\twrkw24d512\mqxlite_debug\Obj\FlashInit.o
#        C:\FSL_Thread_Stack_0.6.0\Thread\app\thread\thread_end_device\iar\twrkw24d512\mqxlite_debug\Obj\FlashProgram.o
#        C:\FSL_Thread_Stack_0.6.0\Thread\app\thread\thread_end_device\iar\twrkw24d512\mqxlite_debug\Obj\FlashVerifySection.o
#        C:\FSL_Thread_Stack_0.6.0\Thread\ieee_802_15_4\Lib\Freescale_802.15.4_MAC_06_M4_IAR.a
#        C:\FSL_Thread_Stack_0.6.0\Thread\app\thread\thread_end_device\iar\twrkw24d512\mqxlite_debug\Obj\fsci_commands.o
#        C:\FSL_Thread_Stack_0.6.0\Thread\app\thread\thread_end_device\iar\twrkw24d512\mqxlite_debug\Obj\FsciCommands.o
#        C:\FSL_Thread_Stack_0.6.0\Thread\app\thread\thread_end_device\iar\twrkw24d512\mqxlite_debug\Obj\FsciCommunication.o
#        C:\FSL_Thread_Stack_0.6.0\Thread\app\thread\thread_end_device\iar\twrkw24d512\mqxlite_debug\Obj\FsciLogging.o
#        C:\FSL_Thread_Stack_0.6.0\Thread\app\thread\thread_end_device\iar\twrkw24d512\mqxlite_debug\Obj\FsciMacCommands.o
#        C:\FSL_Thread_Stack_0.6.0\Thread\app\thread\thread_end_device\iar\twrkw24d512\mqxlite_debug\Obj\FsciMain.o
#        C:\FSL_Thread_Stack_0.6.0\Thread\app\thread\thread_end_device\iar\twrkw24d512\mqxlite_debug\Obj\fsl_osa_ext_mqxlite.o
#        C:\FSL_Thread_Stack_0.6.0\Thread\app\thread\thread_end_device\iar\twrkw24d512\mqxlite_debug\Obj\FunctionLib.o
#        C:\FSL_Thread_Stack_0.6.0\Thread\app\thread\thread_end_device\iar\twrkw24d512\mqxlite_debug\Obj\GenericList.o
#        C:\FSL_Thread_Stack_0.6.0\Thread\app\thread\thread_end_device\iar\twrkw24d512\mqxlite_debug\Obj\gpio_pins.o
#        C:\FSL_Thread_Stack_0.6.0\Thread\app\thread\thread_end_device\iar\twrkw24d512\mqxlite_debug\Obj\hardware_init.o
#        C:\FSL_Thread_Stack_0.6.0\Thread\app\thread\thread_end_device\iar\twrkw24d512\mqxlite_debug\Obj\init_bsp.o
#        C:\FSL_Thread_Stack_0.6.0\Thread\app\thread\thread_end_device\iar\twrkw24d512\mqxlite_debug\Obj\ip_globals.o
#        C:\FSL_Thread_Stack_0.6.0\Thread\app\thread\thread_end_device\iar\twrkw24d512\mqxlite_debug\Obj\ip_if_6LowPan.o
#        C:\FSL_Thread_Stack_0.6.0\Thread\app\thread\thread_end_device\iar\twrkw24d512\mqxlite_debug\Obj\Keyboard.o
#        C:\FSL_Thread_Stack_0.6.0\Thread\app\thread\thread_end_device\iar\twrkw24d512\mqxlite_debug\Obj\LED.o
#        C:\FSL_Thread_Stack_0.6.0\Thread\framework\Utils\SecLib\lib_crypto_IAR_M4.a
#        C:\FSL_Thread_Stack_0.6.0\Thread\framework\Utils\SecLib\lib_mmcau.a
#        C:\FSL_Thread_Stack_0.6.0\Thread\app\thread\thread_end_device\iar\twrkw24d512\mqxlite_debug\Obj\mac_abs_802154.o
#        C:\FSL_Thread_Stack_0.6.0\Thread\app\thread\thread_end_device\iar\twrkw24d512\mqxlite_debug\Obj\mac_filtering.o
#        C:\FSL_Thread_Stack_0.6.0\Thread\app\thread\thread_end_device\iar\twrkw24d512\mqxlite_debug\Obj\MacGlobals.o
#        C:\FSL_Thread_Stack_0.6.0\Thread\app\thread\thread_end_device\iar\twrkw24d512\mqxlite_debug\Obj\MCR20Drv.o
#        C:\FSL_Thread_Stack_0.6.0\Thread\app\thread\thread_end_device\iar\twrkw24d512\mqxlite_debug\Obj\MemManager.o
#        C:\FSL_Thread_Stack_0.6.0\Thread\app\thread\thread_end_device\iar\twrkw24d512\mqxlite_debug\Obj\Messaging.o
#        C:\FSL_Thread_Stack_0.6.0\Thread\app\thread\thread_end_device\iar\twrkw24d512\mqxlite_debug\Obj\mle_globals.o
#        C:\FSL_Thread_Stack_0.6.0\Thread\app\thread\thread_end_device\iar\twrkw24d512\mqxlite_debug\Obj\mpl_globals.o
#        C:\FSL_Thread_Stack_0.6.0\Thread\app\thread\thread_end_device\iar\twrkw24d512\mqxlite_debug\Obj\MPM.o
#        C:\FSL_Thread_Stack_0.6.0\Thread\app\thread\thread_end_device\iar\twrkw24d512\mqxlite_debug\Obj\mqx_main.o
#        C:\FSL_Thread_Stack_0.6.0\Thread\app\thread\thread_end_device\iar\twrkw24d512\mqxlite_debug\Obj\nd_globals.o
#        C:\FSL_Thread_Stack_0.6.0\Thread\app\thread\thread_end_device\iar\twrkw24d512\mqxlite_debug\Obj\nv_data.o
#        C:\FSL_Thread_Stack_0.6.0\Thread\app\thread\thread_end_device\iar\twrkw24d512\mqxlite_debug\Obj\NV_Flash.o
#        C:\FSL_Thread_Stack_0.6.0\Thread\app\thread\thread_end_device\iar\twrkw24d512\mqxlite_debug\Obj\NV_FsciCommands.o
#        C:\FSL_Thread_Stack_0.6.0\Thread\app\thread\thread_end_device\iar\twrkw24d512\mqxlite_debug\Obj\nvm_adapter.o
#        C:\FSL_Thread_Stack_0.6.0\Thread\app\thread\thread_end_device\iar\twrkw24d512\mqxlite_debug\Obj\OtaSupport.o
#        C:\FSL_Thread_Stack_0.6.0\Thread\app\thread\thread_end_device\iar\twrkw24d512\mqxlite_debug\Obj\Panic.o
#        C:\FSL_Thread_Stack_0.6.0\Thread\app\thread\thread_end_device\iar\twrkw24d512\mqxlite_debug\Obj\PhyDebug.o
#        C:\FSL_Thread_Stack_0.6.0\Thread\app\thread\thread_end_device\iar\twrkw24d512\mqxlite_debug\Obj\PhyISR.o
#        C:\FSL_Thread_Stack_0.6.0\Thread\app\thread\thread_end_device\iar\twrkw24d512\mqxlite_debug\Obj\PhyPacketProcessor.o
#        C:\FSL_Thread_Stack_0.6.0\Thread\app\thread\thread_end_device\iar\twrkw24d512\mqxlite_debug\Obj\PhyPlmeData.o
#        C:\FSL_Thread_Stack_0.6.0\Thread\app\thread\thread_end_device\iar\twrkw24d512\mqxlite_debug\Obj\PhyStateMachine.o
#        C:\FSL_Thread_Stack_0.6.0\Thread\app\thread\thread_end_device\iar\twrkw24d512\mqxlite_debug\Obj\PhyTime.o
#        C:\FSL_Thread_Stack_0.6.0\Thread\app\thread\thread_end_device\iar\twrkw24d512\mqxlite_debug\Obj\pin_mux.o
#        C:\FSL_Thread_Stack_0.6.0\Thread\app\thread\thread_end_device\iar\twrkw24d512\mqxlite_debug\Obj\PWR.o
#        C:\FSL_Thread_Stack_0.6.0\Thread\app\thread\thread_end_device\iar\twrkw24d512\mqxlite_debug\Obj\PWRLib.o
#        C:\FSL_Thread_Stack_0.6.0\Thread\app\thread\thread_end_device\iar\twrkw24d512\mqxlite_debug\Obj\Reset.o
#        C:\FSL_Thread_Stack_0.6.0\Thread\app\thread\thread_end_device\iar\twrkw24d512\mqxlite_debug\Obj\ripng_globals.o
#        C:\FSL_Thread_Stack_0.6.0\Thread\app\thread\thread_end_device\iar\twrkw24d512\mqxlite_debug\Obj\RNG.o
#        C:\FSL_Thread_Stack_0.6.0\Thread\app\thread\thread_end_device\iar\twrkw24d512\mqxlite_debug\Obj\SecLib.o
#        C:\FSL_Thread_Stack_0.6.0\Thread\app\thread\thread_end_device\iar\twrkw24d512\mqxlite_debug\Obj\SerialManager.o
#        C:\FSL_Thread_Stack_0.6.0\Thread\app\thread\thread_end_device\iar\twrkw24d512\mqxlite_debug\Obj\shell.o
#        C:\FSL_Thread_Stack_0.6.0\Thread\app\thread\thread_end_device\iar\twrkw24d512\mqxlite_debug\Obj\shell_autocomplete.o
#        C:\FSL_Thread_Stack_0.6.0\Thread\app\thread\thread_end_device\iar\twrkw24d512\mqxlite_debug\Obj\shell_cmdhelp.o
#        C:\FSL_Thread_Stack_0.6.0\Thread\app\thread\thread_end_device\iar\twrkw24d512\mqxlite_debug\Obj\shell_cmdhist.o
#        C:\FSL_Thread_Stack_0.6.0\Thread\app\thread\thread_end_device\iar\twrkw24d512\mqxlite_debug\Obj\shell_commands.o
#        C:\FSL_Thread_Stack_0.6.0\Thread\app\thread\thread_end_device\iar\twrkw24d512\mqxlite_debug\Obj\sixlowpan_globals.o
#        C:\FSL_Thread_Stack_0.6.0\Thread\app\thread\thread_end_device\iar\twrkw24d512\mqxlite_debug\Obj\socket_app_utils.o
#        C:\FSL_Thread_Stack_0.6.0\Thread\app\thread\thread_end_device\iar\twrkw24d512\mqxlite_debug\Obj\sockets_globals.o
#        C:\FSL_Thread_Stack_0.6.0\Thread\app\thread\thread_end_device\iar\twrkw24d512\mqxlite_debug\Obj\SPI.o
#        C:\FSL_Thread_Stack_0.6.0\Thread\app\thread\thread_end_device\iar\twrkw24d512\mqxlite_debug\Obj\SPI_Adapter.o
#        C:\FSL_Thread_Stack_0.6.0\Thread\app\thread\thread_end_device\iar\twrkw24d512\mqxlite_debug\Obj\stack_start.o
#        C:\FSL_Thread_Stack_0.6.0\Thread\app\thread\thread_end_device\iar\twrkw24d512\mqxlite_debug\Obj\tcp_globals.o
#        C:\FSL_Thread_Stack_0.6.0\Thread\nwk_ip\core\lib\thread\thread_m4.a
#        C:\FSL_Thread_Stack_0.6.0\Thread\app\thread\thread_end_device\iar\twrkw24d512\mqxlite_debug\Obj\thread_manager_config.o
#        C:\FSL_Thread_Stack_0.6.0\Thread\app\thread\thread_end_device\iar\twrkw24d512\mqxlite_debug\Obj\thread_nwk_data_globals.o
#        C:\FSL_Thread_Stack_0.6.0\Thread\app\thread\thread_end_device\iar\twrkw24d512\mqxlite_debug\Obj\thread_routing_globals.o
#        C:\FSL_Thread_Stack_0.6.0\Thread\app\thread\thread_end_device\iar\twrkw24d512\mqxlite_debug\Obj\TimersManager.o
#        C:\FSL_Thread_Stack_0.6.0\Thread\app\thread\thread_end_device\iar\twrkw24d512\mqxlite_debug\Obj\TMR_Adapter.o
#        C:\FSL_Thread_Stack_0.6.0\Thread\app\thread\thread_end_device\iar\twrkw24d512\mqxlite_debug\Obj\trickle_globals.o
#        C:\FSL_Thread_Stack_0.6.0\Thread\app\thread\thread_end_device\iar\twrkw24d512\mqxlite_debug\Obj\UART_Adapter.o
#        C:\FSL_Thread_Stack_0.6.0\Thread\app\thread\thread_end_device\iar\twrkw24d512\mqxlite_debug\Obj\udp_globals.o
#        C:\FSL_Thread_Stack_0.6.0\Thread\app\thread\thread_end_device\iar\twrkw24d512\mqxlite_debug\Obj\usb_descriptor.o
#        C:\FSL_Thread_Stack_0.6.0\Thread\app\thread\thread_end_device\iar\twrkw24d512\mqxlite_debug\Obj\virtual_com.o
#        -o
#        C:\FSL_Thread_Stack_0.6.0\Thread\app\thread\thread_end_device\iar\twrkw24d512\mqxlite_debug\Exe\thread_end_device_twrkw24d512_mqxlite_debug.out.tmp
#        --config_def gUseNVMLink_d=1 --map
#        C:\FSL_Thread_Stack_0.6.0\Thread\app\thread\thread_end_device\iar\twrkw24d512\mqxlite_debug\List\thread_end_device_twrkw24d512_mqxlite_debug.map
#        --config
#        C:\FSL_Thread_Stack_0.6.0\Thread\app\thread\thread_end_device\iar\twrkw24d512\..\..\..\..\..\..\KSDK\platform\linker\MKW24D5\iar\MKW24DN512Axxx5_connectivity.icf
#        --semihosting
#        C:\FSL_Thread_Stack_0.6.0\Thread\app\thread\thread_end_device\iar\twrkw24d512\..\..\..\..\..\..\KSDK\rtos\mqx\lib\twrkw24d512.iar\debug\mqx\lib_mqx.a
#        C:\FSL_Thread_Stack_0.6.0\Thread\app\thread\thread_end_device\iar\twrkw24d512\..\..\..\..\..\..\KSDK\lib\ksdk_mqx_lib\iar\KW24D5\debug\libksdk_platform_mqx.a
#        --entry Reset_Handler --vfe
#
###############################################################################

*******************************************************************************
*** RUNTIME MODEL ATTRIBUTES
***

CppFlavor                   = *
__SystemLibrary             = DLib
__dlib_jmp_buf_num_elements = 8


*******************************************************************************
*** PLACEMENT SUMMARY
***

"A0":  place at 0x00000000 { ro section .intvec };
"P1":  place in [from 0x00000000 to 0x000003ff] |
                [from 0x00000410 to 0x0006f7ff] { ro };
"P2":  place in [from 0x1fff8000 to 0x1fffffff] |
                [from 0x20000000 to 0x20007dff] { rw, block HEAP, block CSTACK };
"P4":  place in [from 0x00000400 to 0x0000040f] { section FlashConfig };
initialize by copy { rw, section .textrw };

  Section               Kind        Address     Size  Object
  -------               ----        -------     ----  ------
"A0":                                          0x400
  .intvec               ro code  0x00000000    0x400  startup_MKW24D5.o [7]
                               - 0x00000400    0x400

"P4":                                           0x10
  FlashConfig           ro code  0x00000400     0x10  startup_MKW24D5.o [7]
                               - 0x00000410     0x10

"P1":                                        0x2a763
  .text                 ro code  0x00000410   0x2f28  NV_Flash.o [1]
  .text                 ro code  0x00003338    0x188  Flash_Adapter.o [1]
  .text                 ro code  0x000034c0     0xa0  FlashVerifySection.o [1]
  .text                 ro code  0x00003560    0x122  FunctionLib.o [1]
  .text                 ro code  0x00003682     0x3a  FlashCommandSequence.o [1]
  .text                 ro code  0x000036bc    0x858  TimersManager.o [1]
  .text                 ro code  0x00003f14    0x124  MemManager.o [1]
  .text                 ro code  0x00004038    0x3d0  fsl_os_abstraction_mqx.o [8]
  .text                 ro code  0x00004408     0x76  ABImemcpy_unaligned.o [10]
  .text                 ro code  0x0000447e     0x1e  xsscin.o [4]
  .text                 ro code  0x0000449c     0x3c  RNG.o [1]
  .text                 ro code  0x000044d8      0xe  FlashInit.o [1]
  .text                 ro code  0x000044e6     0x34  CopyToRam.o [1]
  .text                 ro code  0x0000451a     0xbe  FlashProgram.o [1]
  .text                 ro code  0x000045d8     0x9c  FlashEraseSector.o [1]
  .text                 ro code  0x00004674     0xee  I64DivMod.o [10]
  .text                 ro code  0x00004762     0x1a  xsnprout.o [4]
  .text                 ro code  0x0000477c    0x3b4  TMR_Adapter.o [1]
  .text                 ro code  0x00004b30     0x48  Panic.o [1]
  .text                 ro code  0x00004b78    0x10c  fsl_rtc_driver.o [8]
  .text                 ro code  0x00004c84    0x1c4  GenericList.o [1]
  .text                 ro code  0x00004e48      0x6  ABImemclr4.o [10]
  .text                 ro code  0x00004e4e      0xa  xsprout.o [4]
  .text                 ro code  0x00004e58    0x818  task.o [7]
  .text                 ro code  0x00005670    0x218  time.o [7]
  .text                 ro code  0x00005888    0x264  lwsem.o [7]
  .text                 ro code  0x00005aec     0x24  ABIassert.o [11]
  .text                 ro code  0x00005b10    0x144  int.o [7]
  .text                 ro code  0x00005c54    0x2dc  lwevent.o [7]
  .text                 ro code  0x00005f30    0x2b0  mqx.o [7]
  .text                 ro code  0x000061e0      0x2  I64DivZer.o [10]
  .rodata               const    0x000061e2      0x2  fsl_clock_MKW24D5.o [8]
  .text                 ro code  0x000061e4    0x3e0  fsl_clock_MKW24D5.o [8]
  .text                 ro code  0x000065c4     0x66  fsl_ftm_hal.o [8]
  .text                 ro code  0x0000662a      0x2  startup_MKW24D5.o [7]
  .text                 ro code  0x0000662c     0xf4  fsl_rtc_hal.o [8]
  .text                 ro code  0x00006720     0x32  ABImemset48.o [10]
  .text                 ro code  0x00006752      0x2  stack_de.o [7]
  .text                 ro code  0x00006760    0x1b8  dispatch.o [7]
  .text                 ro code  0x00006918     0xb8  sched.o [7]
  .text                 ro code  0x000069d0     0x88  stack_bu.o [7]
  .text                 ro code  0x00006a58     0x66  ABImemset.o [10]
  .text                 ro code  0x00006abe      0x2  startup_MKW24D5.o [7]
  .text                 ro code  0x00006ac0    0x2f8  mem.o [7]
  .text                 ro code  0x00006db8     0xc2  queue.o [7]
  .text                 ro code  0x00006e7a      0x2  startup_MKW24D5.o [7]
  .text                 ro code  0x00006e7c     0x54  psp_tiad.o [7]
  .text                 ro code  0x00006ed0     0x38  psp_tinm.o [7]
  .text                 ro code  0x00006f08      0x6  abort.o [4]
  .text                 ro code  0x00006f0e      0x2  startup_MKW24D5.o [7]
  .text                 ro code  0x00006f10     0xcc  sc_irdyq.o [7]
  .text                 ro code  0x00006fdc     0xd8  init_bsp.o [1]
  .text                 ro code  0x000070b4    0x2fc  fsl_mcg_hal.o [8]
  .text                 ro code  0x000073b0     0x1c  fsl_osc_hal.o [8]
  .text                 ro code  0x000073cc     0x14  exit.o [11]
  .text                 ro code  0x000073e0     0x4e  hardware_init.o [1]
  .text                 ro code  0x0000742e      0x2  startup_MKW24D5.o [7]
  .text                 ro code  0x00007430    0x248  pin_mux.o [1]
  .text                 ro code  0x00007678     0x1c  psp_iinit.o [7]
  .text                 ro code  0x00007694    0x228  fsl_hwtimer.o [8]
  .text                 ro code  0x000078bc     0x14  int_inst.o [7]
  .text                 ro code  0x000078d0   0x16f0  thread_network_data.o [12]
  .text                 ro code  0x00008fc0    0xa78  network_utils.o [12]
  .text                 ro code  0x00009a38    0x324  mle.o [12]
  .text                 ro code  0x00009d5c     0xac  event_manager.o [12]
  .text                 ro code  0x00009e08     0xc4  thread_end_device.o [12]
  .text                 ro code  0x00009ecc    0x98c  ip6.o [12]
  .text                 ro code  0x0000a858    0x1c0  thread_utils.o [12]
  .text                 ro code  0x0000aa18   0x112c  dhcp6_client.o [12]
  .text                 ro code  0x0000bb44    0x2c0  sixlowpan_tbl.o [12]
  .text                 ro code  0x0000be04    0xa8c  thread_routing.o [12]
  .text                 ro code  0x0000c890     0xb6  Messaging.o [1]
  .text                 ro code  0x0000c946      0x2  startup_MKW24D5.o [7]
  .text                 ro code  0x0000c948    0x644  coap.o [12]
  .rodata               const    0x0000cf8c     0x74  shell_commands.o [1]
  .text                 ro code  0x0000d000    0xe64  dhcp6_server.o [12]
  .rodata               const    0x0000de64     0x6c  mac_abs_802154.o [1]
  .text                 ro code  0x0000ded0    0x6e8  ip_if_management.o [12]
  .text                 ro code  0x0000e5b8    0x2ea  fsl_osa_ext_mqxlite.o [1]
  .rodata               const    0x0000e8a2      0x1  fsl_osa_ext_mqxlite.o [1]
  .rodata               const    0x0000e8a3      0x1  MacGlobals.o [1]
  .text                 ro code  0x0000e8a4     0x36  strlen.o [10]
  .rodata               const    0x0000e8da      0x1  MacGlobals.o [1]
  .rodata               const    0x0000e8db      0x1  PhyPacketProcessor.o [1]
  .text                 ro code  0x0000e8dc     0x24  sscanf.o [4]
  .text                 ro code  0x0000e900     0x34  sprintf.o [4]
  .text                 ro code  0x0000e934    0x89c  sockets.o [12]
  .text                 ro code  0x0000f1d0     0xdc  session.o [12]
  .text                 ro code  0x0000f2ac    0x41c  mle_security.o [12]
  .text                 ro code  0x0000f6c8    0xbb8  thread_router.o [12]
  .text                 ro code  0x00010280    0xef0  thread_manager.o [12]
  .text                 ro code  0x00011170    0x330  icmp.o [12]
  .text                 ro code  0x000114a0    0x484  ip.o [12]
  .text                 ro code  0x00011924      0x6  pmtu_discovery.o [12]
  .rodata               const    0x0001192a      0x1  shell_commands.o [1]
  .rodata               const    0x0001192b      0x1  fsl_clock_MKW24D5.o [8]
  .text                 ro code  0x0001192c    0x304  trickle.o [12]
  .text                 ro code  0x00011c30     0xa0  nvm_adapter.o [1]
  .text                 ro code  0x00011cd0    0x278  dhcp6_lq_client.o [12]
  .text                 ro code  0x00011f48    0x678  sixlowpan.o [12]
  .text                 ro code  0x000125c0    0x112  sixlowpan_fwd_thread.o [12]
  .rodata               const    0x000126d2      0x1  fsl_rtc_common.o [8]
  .rodata               const    0x000126d3      0x1  fsl_rtc_common.o [8]
  .text                 ro code  0x000126d4     0x2c  Reset.o [1]
  .text                 ro code  0x00012700    0x1ca  dhcp6_lq_server.o [12]
  .rodata               const    0x000128ca      0x1  fsl_adc16_common.o [8]
  .text                 ro code  0x000128cc     0xa4  app_init.o [1]
  .text                 ro code  0x00012970    0xb7c  xscanffull_nomb.o [4]
  .text                 ro code  0x000134ec    0xdca  xprintffull_nomb.o [4]
  .text                 ro code  0x000142b8    0x4ec  udp.o [12]
  .text                 ro code  0x000147a4    0x386  SecLib.o [1]
  .text                 ro code  0x00014b2a      0xa  mac_filtering.o [1]
  .rodata               const    0x00014b34     0x6c  shell_cmdhelp.o [1]
  .text                 ro code  0x00014ba0    0x800  thread_attach.o [12]
  .text                 ro code  0x000153a0    0x1ae  sixlowpan_interface.o [12]
  .text                 ro code  0x00015550    0x424  MacMain.o [3]
  .text                 ro code  0x00015974    0xb02  mac_abs_802154.o [1]
  .text                 ro code  0x00016478     0x94  thread_security.o [12]
  .text                 ro code  0x0001650c    0x5a4  mpl.o [12]
  .text                 ro code  0x00016ab0     0xf2  icmp6.o [12]
  .text                 ro code  0x00016ba2      0xa  nd.o [12]
  .text                 ro code  0x00016bac    0x86c  rfc4944_6lowpan.o [12]
  .text                 ro code  0x00017418    0xf98  rfc6282_header_comp.o [12]
  .text                 ro code  0x000183b0    0x480  LED.o [1]
  .text                 ro code  0x00018830    0x868  PhyStateMachine.o [1]
  .text                 ro code  0x00019098     0x78  MacGlobals.o [1]
  .text                 ro code  0x00019110    0x4b0  Keyboard.o [1]
  .text                 ro code  0x000195c0   0x15d8  shell_commands.o [1]
  .text                 ro code  0x0001ab98     0x16  strchr.o [10]
  .text                 ro code  0x0001abb0     0x58  memchr.o [10]
  .text                 ro code  0x0001ac08     0xa4  xstoll.o [4]
  .text                 ro code  0x0001acac    0x1b4  xstoull.o [4]
  .text                 ro code  0x0001ae60    0x14c  xstold.o [9]
  .text                 ro code  0x0001afac    0x10c  xdscale.o [9]
  .text                 ro code  0x0001b0b8     0x90  DblToFlt.o [9]
  .text                 ro code  0x0001b148     0x44  xdnorm.o [9]
  .text                 ro code  0x0001b18c     0x2e  DblCmpLe.o [9]
  .text                 ro code  0x0001b1bc     0x2e  DblCmpGe.o [9]
  .text                 ro code  0x0001b1ec     0x58  DblToI32.o [9]
  .text                 ro code  0x0001b244     0x30  I32ToDbl.o [9]
  .text                 ro code  0x0001b274    0x180  DblSub.o [9]
  .text                 ro code  0x0001b3f4    0x1a2  DblMul.o [9]
  .text                 ro code  0x0001b598    0x256  DblDiv.o [9]
  .text                 ro code  0x0001b7ee      0xe  div.o [4]
  .text                 ro code  0x0001b800    0x9c0  mmcau_aes_functions.o [6]
  .text                 ro code  0x0001c1c0    0x1a8  SW_AES128.o [5]
  .text                 ro code  0x0001c370    0x310  mmcau_sha256_functions.o [6]
  .text                 ro code  0x0001c680    0x5f4  MacStateMachine.o [3]
  .text                 ro code  0x0001cc74    0x4d6  DataTx.o [3]
  .text                 ro code  0x0001d14c    0x510  PhyTime.o [1]
  .text                 ro code  0x0001d65c    0xa28  MacPib.o [3]
  .text                 ro code  0x0001e084      0x2  FsciMacCommands.o [1]
  .text                 ro code  0x0001e086     0xac  Reset.o [3]
  .text                 ro code  0x0001e134    0x32c  Association.o [3]
  .text                 ro code  0x0001e460    0x100  Disassociation.o [3]
  .text                 ro code  0x0001e560     0xc4  Orphan.o [3]
  .text                 ro code  0x0001e624    0x1a6  Start.o [3]
  .text                 ro code  0x0001e7cc    0x178  Poll.o [3]
  .text                 ro code  0x0001e944    0xb10  MacFrames.o [3]
  .text                 ro code  0x0001f454    0x440  fsl_gpio_driver.o [8]
  .text                 ro code  0x0001f894    0x51c  PhyPacketProcessor.o [1]
  .text                 ro code  0x0001fdb0      0x2  ASP.o [1]
  .text                 ro code  0x0001fdb4    0x5f8  PhyISR.o [1]
  .text                 ro code  0x000203ac    0x500  MCR20Drv.o [1]
  .text                 ro code  0x000208ac    0x63a  PhyPlmeData.o [1]
  .text                 ro code  0x00020ee8    0xb78  shell.o [1]
  .text                 ro code  0x00021a60    0x3b0  socket_app_utils.o [1]
  .text                 ro code  0x00021e10      0x8  atoi.o [4]
  .text                 ro code  0x00021e18     0x42  strcmp_unaligned.o [10]
  .text                 ro code  0x00021e5c     0xec  nwk_params.o [12]
  .text                 ro code  0x00021f48      0xc  errno.o [4]
  .text                 ro code  0x00021f54    0x11e  xstopfx.o [4]
  .text                 ro code  0x00022074    0x1ac  xstoflt.o [4]
  .text                 ro code  0x00022220     0xe8  DblAdd.o [9]
  .text                 ro code  0x00022308    0x200  xdtento.o [9]
  .text                 ro code  0x00022508    0x200  xstoxflt.o [4]
  .text                 ro code  0x00022708    0x64a  DataRx.o [3]
  .text                 ro code  0x00022d54    0x4d4  Scan.o [3]
  .text                 ro code  0x00023228     0xd2  RxEnable.o [3]
  .text                 ro code  0x000232fc    0x112  MacSequenceMngr.o [3]
  .text                 ro code  0x0002340e      0xc  MPM.o [1]
  .text                 ro code  0x0002341c    0x8c0  MacSec.o [3]
  .text                 ro code  0x00023cdc     0x70  fsl_gpio_hal.o [8]
  .text                 ro code  0x00023d4c    0x17c  SPI.o [1]
  .text                 ro code  0x00023ec8    0x9a2  SerialManager.o [1]
  .text                 ro code  0x0002486c    0x184  shell_cmdhist.o [1]
  .text                 ro code  0x000249f0     0x3c  vsnprint.o [4]
  .text                 ro code  0x00024a2c     0x44  strcpy_unaligned.o [10]
  .text                 ro code  0x00024a70    0x454  shell_autocomplete.o [1]
  .text                 ro code  0x00024ec4    0x1c0  app_temp_sensor.o [1]
  .text                 ro code  0x00025084    0x19c  xstoul.o [4]
  .text                 ro code  0x00025220      0x2  xtls.o [4]
  .text                 ro code  0x00025224     0x20  DblCmpEq.o [9]
  .text                 ro code  0x00025244     0x56  xdunscal.o [9]
  .text                 ro code  0x0002529c     0x22  I64Shl.o [10]
  .text                 ro code  0x000252be     0x18  MacMem.o [3]
  .text                 ro code  0x000252d8     0x1e  U64Shr.o [10]
  .text                 ro code  0x000252f6     0x9a  SecurityLib.o [3]
  .text                 ro code  0x00025390    0x370  fsl_dspi_hal.o [8]
  .text                 ro code  0x00025700    0x19c  UART_Adapter.o [1]
  .text                 ro code  0x0002589c    0x6bc  fsl_adc16_driver.o [8]
  .text                 ro code  0x00025f58      0x8  abs.o [4]
  .text                 ro code  0x00025f60    0x594  fsl_uart_driver.o [8]
  .text                 ro code  0x000264f4    0x2f8  fsl_uart_hal.o [8]
  .text                 ro code  0x000267ec     0x9a  fsl_adc16_hal.o [8]
  .text                 ro code  0x00026888    0x394  end_device_app.o [1]
  .text                 ro code  0x00026c1c     0x6c  stack_start.o [1]
  .rodata               const    0x00026c88    0x2fc  shell.o [1]
  .text                 ro code  0x00026f84    0x280  shell_cmdhelp.o [1]
  .text                 ro code  0x00027204     0x2c  strncmp.o [4]
  .text                 ro code  0x00027230    0x254  fsl_hwtimer_systick.o [8]
  .text                 ro code  0x00027484    0x244  system_MKW24D5.o [7]
  .text                 ro code  0x000276c8    0x228  ip_if_6LowPan.o [1]
  .text                 ro code  0x000278f0    0x1a2  mle_basic.o [12]
  .rodata               const    0x00027a94    0x150  shell_commands.o [1]
  .rodata               const    0x00027be4    0x144  shell_commands.o [1]
  SHELL_COMMANDS                 0x00027d28    0x120  <Block>
    SHELL_COMMANDS      const    0x00027d28     0x18  shell_commands.o [1]
    SHELL_COMMANDS      const    0x00027d40     0x18  shell_commands.o [1]
    SHELL_COMMANDS      const    0x00027d58     0x18  shell_commands.o [1]
    SHELL_COMMANDS      const    0x00027d70     0x18  shell_commands.o [1]
    SHELL_COMMANDS      const    0x00027d88     0x18  shell_commands.o [1]
    SHELL_COMMANDS      const    0x00027da0     0x18  shell_commands.o [1]
    SHELL_COMMANDS      const    0x00027db8     0x18  shell_commands.o [1]
    SHELL_COMMANDS      const    0x00027dd0     0x18  shell_commands.o [1]
    SHELL_COMMANDS      const    0x00027de8     0x18  shell_commands.o [1]
    SHELL_COMMANDS      const    0x00027e00     0x18  shell_commands.o [1]
    SHELL_COMMANDS      const    0x00027e18     0x18  shell_commands.o [1]
    SHELL_COMMANDS      const    0x00027e30     0x18  shell_commands.o [1]
  .rodata               const    0x00027e48    0x110  shell_commands.o [1]
  .rodata               const    0x00027f58     0xdc  shell_commands.o [1]
  .rodata               const    0x00028034     0xd0  shell_commands.o [1]
  .text                 ro code  0x00028104     0xce  packbits_init.o [10]
  MLE_HANDLERS                   0x000281d4     0xcc  <Block>
    MLE_HANDLERS        const    0x000281d4      0xc  thread_routing.o [12]
    MLE_HANDLERS        const    0x000281e0      0xc  thread_network_data.o [12]
    MLE_HANDLERS        const    0x000281ec      0xc  thread_network_data.o [12]
    MLE_HANDLERS        const    0x000281f8      0xc  mle.o [12]
    MLE_HANDLERS        const    0x00028204      0xc  mle.o [12]
    MLE_HANDLERS        const    0x00028210      0xc  mle.o [12]
    MLE_HANDLERS        const    0x0002821c      0xc  mle.o [12]
    MLE_HANDLERS        const    0x00028228      0xc  mle.o [12]
    MLE_HANDLERS        const    0x00028234      0xc  mle.o [12]
    MLE_HANDLERS        const    0x00028240      0xc  mle.o [12]
    MLE_HANDLERS        const    0x0002824c      0xc  mle.o [12]
    MLE_HANDLERS        const    0x00028258      0xc  mle.o [12]
    MLE_HANDLERS        const    0x00028264      0xc  mle.o [12]
    MLE_HANDLERS        const    0x00028270      0xc  mle.o [12]
    MLE_HANDLERS        const    0x0002827c      0xc  mle.o [12]
    MLE_HANDLERS        const    0x00028288      0xc  mle.o [12]
    MLE_HANDLERS        const    0x00028294      0xc  mle.o [12]
  .text                 ro code  0x000282a0     0xaa  mle_extended.o [12]
  .rodata               const    0x0002834c     0xa8  Keyboard.o [1]
  .rodata               const    0x000283f4     0xa8  LED.o [1]
  .rodata               const    0x0002849c     0xa8  MCR20Drv.o [1]
  .rodata               const    0x00028544     0xa8  pin_mux.o [1]
  .rodata               const    0x000285ec     0xa8  shell_commands.o [1]
  .rodata               const    0x00028694     0xa4  TMR_Adapter.o [1]
  .text                 ro code  0x00028738     0xa4  thread_state_machine.o [12]
  .rodata               const    0x000287dc     0x5c  fsl_adc16_driver.o [8]
  .rodata               const    0x00028838     0xa0  network_utils.o [12]
  .rodata               const    0x000288d8     0x78  nv_data.o [1]
  .rodata               const    0x00028950     0x78  shell_commands.o [1]
  .text                 ro code  0x000289c8     0x68  inittask.o [7]
  .rodata               const    0x00028a30     0x5c  fsl_gpio_driver.o [8]
  .rodata               const    0x00028a8c     0x5c  fsl_rtc_driver.o [8]
  .rodata               const    0x00028ae8     0x5c  fsl_uart_driver.o [8]
  .text                 ro code  0x00028b50     0x5c  boot.o [7]
  .text                 ro code  0x00028bac     0x44  startup.o [7]
  .text                 ro code  0x00028bf0      0x8  comp.o [7]
  .text                 ro code  0x00028bf8      0xc  cstartup_M.o [10]
  .text                 ro code  0x00028c04     0x1a  cmain.o [10]
  .text                 ro code  0x00028c1e      0x4  low_level_init.o [4]
  .text                 ro code  0x00028c24     0x28  data_init.o [10]
  .text                 ro code  0x00028c4c      0x4  exit.o [4]
  .text                 ro code  0x00028c50      0xa  cexit.o [10]
  .text                 ro code  0x00028c5c     0x58  idletask.o [7]
  .rodata               const    0x00028cb4     0x54  fsl_adc16_driver.o [8]
  .rodata               const    0x00028d08     0x50  end_device_app.o [1]
  .rodata               const    0x00028d58     0x50  fsl_gpio_driver.o [8]
  .rodata               const    0x00028da8     0x50  fsl_gpio_driver.o [8]
  .isr_handler          ro code  0x00028df8     0x40  Keyboard.o [1]
  .rodata               const    0x00028e38     0x40  end_device_app.o [1]
  .rodata               const    0x00028e78     0x40  fsl_clock_MKW24D5.o [8]
  .rodata               const    0x00028eb8     0x40  fsl_dspi_hal.o [8]
  .text                 ro code  0x00028ef8     0x40  zero_init3.o [10]
  .rodata               const    0x00028f38     0x3c  gpio_pins.o [1]
  .rodata               const    0x00028f74     0x3c  shell_commands.o [1]
  .rodata               const    0x00028fb0     0x3c  fsl_clock_MKW24D5.o [8]
  .rodata               const    0x00028fec     0x3c  fsl_clock_MKW24D5.o [8]
  .rodata               const    0x00029028     0x3c  fsl_hwtimer_systick.o [8]
  .rodata               const    0x00029064     0x34  mqx_main.o [1]
  .rodata               const    0x00029098     0x38  mac_abs_802154.o [1]
  .rodata               const    0x000290d0     0x38  mac_abs_802154.o [1]
  .rodata               const    0x00029108     0x38  mac_abs_802154.o [1]
  .rodata               const    0x00029140     0x38  mac_abs_802154.o [1]
  .rodata               const    0x00029178     0x38  shell_commands.o [1]
  .rodata               const    0x000291b0     0x38  fsl_adc16_driver.o [8]
  .rodata               const    0x000291e8     0x38  fsl_adc16_driver.o [8]
  .rodata               const    0x00029220     0x38  fsl_clock_MKW24D5.o [8]
  .rodata               const    0x00029258     0x38  fsl_clock_MKW24D5.o [8]
  .rodata               const    0x00029290     0x38  fsl_clock_MKW24D5.o [8]
  .rodata               const    0x000292c8     0x34  PhyPacketProcessor.o [1]
  .rodata               const    0x000292fc     0x34  shell_commands.o [1]
  .rodata               const    0x00029330     0x34  fsl_os_abstraction_mqx.o [8]
  .rodata               const    0x00029364     0x34  fsl_hwtimer.o [8]
  .rodata               const    0x00029398     0x34  fsl_uart_driver.o [8]
  .rodata               const    0x000293cc     0x30  end_device_app.o [1]
  .rodata               const    0x000293fc     0x30  shell_commands.o [1]
  .rodata               const    0x0002942c     0x30  socket_app_utils.o [1]
  .rodata               const    0x0002945c     0x30  fsl_gpio_hal.o [8]
  .rodata               const    0x0002948c     0x30  inittask.o [7]
  ICMP_PROT_HANDLERS             0x000294bc     0x30  <Block>
    ICMP_PROT_HANDLERS  const    0x000294bc      0xc  shell_commands.o [1]
    ICMP_PROT_HANDLERS  const    0x000294c8      0xc  shell_commands.o [1]
    ICMP_PROT_HANDLERS  const    0x000294d4      0xc  icmp.o [12]
    ICMP_PROT_HANDLERS  const    0x000294e0      0xc  udp.o [12]
  .rodata               const    0x000294ec     0x2c  end_device_app.o [1]
  .rodata               const    0x00029518     0x2c  shell_cmdhelp.o [1]
  .rodata               const    0x00029544     0x2c  fsl_adc16_driver.o [8]
  .rodata               const    0x00029570     0x2c  fsl_gpio_driver.o [8]
  .rodata               const    0x0002959c     0x2c  mqx.o [7]
  .rodata               const    0x000295c8     0x2c  fsl_rtc_driver.o [8]
  .rodata               const    0x000295f4     0x2c  fsl_uart_driver.o [8]
  .rodata               const    0x00029620     0x2c  task.o [7]
  .rodata               const    0x0002964c     0x28  end_device_app.o [1]
  .rodata               const    0x00029674     0x28  end_device_app.o [1]
  .rodata               const    0x0002969c     0x28  end_device_app.o [1]
  .rodata               const    0x000296c4     0x28  shell_commands.o [1]
  .rodata               const    0x000296ec     0x28  shell_commands.o [1]
  .rodata               const    0x00029714     0x28  shell_commands.o [1]
  .rodata               const    0x0002973c     0x28  TMR_Adapter.o [1]
  .rodata               const    0x00029764     0x24  end_device_app.o [1]
  .rodata               const    0x00029788     0x24  end_device_app.o [1]
  .rodata               const    0x000297ac     0x24  end_device_app.o [1]
  .rodata               const    0x000297d0     0x24  shell.o [1]
  .rodata               const    0x000297f4     0x24  shell.o [1]
  .rodata               const    0x00029818     0x24  shell_cmdhelp.o [1]
  .rodata               const    0x0002983c     0x24  shell_cmdhelp.o [1]
  .rodata               const    0x00029860     0x24  shell_commands.o [1]
  .rodata               const    0x00029884     0x24  shell_commands.o [1]
  .rodata               const    0x000298a8     0x24  shell_commands.o [1]
  .rodata               const    0x000298cc     0x24  shell_commands.o [1]
  .rodata               const    0x000298f0     0x24  shell_commands.o [1]
  .rodata               const    0x00029914     0x24  shell_commands.o [1]
  .rodata               const    0x00029938     0x24  socket_app_utils.o [1]
  .rodata               const    0x0002995c     0x24  fsl_adc16_driver.o [8]
  .rodata               const    0x00029980     0x24  fsl_uart_driver.o [8]
  .iar.init_table       const    0x000299a4     0x34  - Linker created -
  .rodata               const    0x000299d8     0x20  end_device_app.o [1]
  .rodata               const    0x000299f8     0x20  end_device_app.o [1]
  .rodata               const    0x00029a18     0x20  ip_if_6LowPan.o [1]
  .rodata               const    0x00029a38     0x20  PhyPlmeData.o [1]
  .rodata               const    0x00029a58     0x20  shell_cmdhelp.o [1]
  .rodata               const    0x00029a78     0x20  shell_commands.o [1]
  .rodata               const    0x00029a98     0x20  shell_commands.o [1]
  .rodata               const    0x00029ab8     0x20  shell_commands.o [1]
  .rodata               const    0x00029ad8     0x20  shell_commands.o [1]
  .rodata               const    0x00029af8     0x20  shell_commands.o [1]
  .rodata               const    0x00029b18     0x20  shell_commands.o [1]
  .rodata               const    0x00029b38     0x20  socket_app_utils.o [1]
  .rodata               const    0x00029b58     0x20  TMR_Adapter.o [1]
  .rodata               const    0x00029b78     0x20  fsl_hwtimer.o [8]
  .rodata               const    0x00029b98     0x20  fsl_hwtimer.o [8]
  .rodata               const    0x00029bb8     0x20  fsl_hwtimer.o [8]
  .rodata               const    0x00029bd8     0x20  fsl_hwtimer.o [8]
  .rodata               const    0x00029bf8     0x20  fsl_hwtimer.o [8]
  .rodata               const    0x00029c18     0x20  fsl_uart_driver.o [8]
  .rodata               const    0x00029c38     0x1c  end_device_app.o [1]
  .rodata               const    0x00029c54     0x1c  end_device_app.o [1]
  .rodata               const    0x00029c70     0x1c  shell.o [1]
  .rodata               const    0x00029c8c     0x1c  shell_cmdhelp.o [1]
  .rodata               const    0x00029ca8     0x1c  shell_commands.o [1]
  .rodata               const    0x00029cc4     0x1c  shell_commands.o [1]
  .rodata               const    0x00029ce0     0x1c  shell_commands.o [1]
  .rodata               const    0x00029cfc     0x1c  shell_commands.o [1]
  .rodata               const    0x00029d18     0x1c  shell_commands.o [1]
  .rodata               const    0x00029d34     0x1c  shell_commands.o [1]
  .rodata               const    0x00029d50     0x1c  shell_commands.o [1]
  .rodata               const    0x00029d6c     0x1c  shell_commands.o [1]
  .rodata               const    0x00029d88     0x1c  socket_app_utils.o [1]
  .rodata               const    0x00029da4     0x1a  MacMain.o [3]
  .rodata               const    0x00029dc0     0x18  end_device_app.o [1]
  .rodata               const    0x00029dd8     0x18  shell.o [1]
  .rodata               const    0x00029df0     0x18  shell_cmdhelp.o [1]
  .rodata               const    0x00029e08     0x18  shell_cmdhelp.o [1]
  .rodata               const    0x00029e20     0x18  shell_cmdhist.o [1]
  .rodata               const    0x00029e38     0x18  shell_commands.o [1]
  .rodata               const    0x00029e50     0x18  shell_commands.o [1]
  .rodata               const    0x00029e68     0x18  shell_commands.o [1]
  .rodata               const    0x00029e80     0x18  shell_commands.o [1]
  .rodata               const    0x00029e98     0x18  shell_commands.o [1]
  .rodata               const    0x00029eb0     0x18  shell_commands.o [1]
  .rodata               const    0x00029ec8     0x18  shell_commands.o [1]
  .rodata               const    0x00029ee0     0x18  shell_commands.o [1]
  .rodata               const    0x00029ef8     0x18  shell_commands.o [1]
  .rodata               const    0x00029f10     0x18  shell_commands.o [1]
  .rodata               const    0x00029f28     0x18  shell_commands.o [1]
  .rodata               const    0x00029f40     0x18  shell_commands.o [1]
  .rodata               const    0x00029f58     0x18  shell_commands.o [1]
  .rodata               const    0x00029f70     0x18  shell_commands.o [1]
  .rodata               const    0x00029f88     0x18  shell_commands.o [1]
  .rodata               const    0x00029fa0     0x18  shell_commands.o [1]
  .rodata               const    0x00029fb8     0x18  shell_commands.o [1]
  .rodata               const    0x00029fd0     0x18  socket_app_utils.o [1]
  .rodata               const    0x00029fe8     0x18  socket_app_utils.o [1]
  .rodata               const    0x0002a000     0x18  fsl_hwtimer.o [8]
  .rodata               const    0x0002a018     0x18  mqx.o [7]
  .rodata               const    0x0002a030     0x18  fsl_hwtimer_systick.o [8]
  VERSION_TAGS                   0x0002a048     0x18  <Block>
    VERSION_TAGS        const    0x0002a048      0xc  MacGlobals.o [1]
    VERSION_TAGS        const    0x0002a054      0xc  network_utils.o [12]
  .rodata               const    0x0002a060     0x14  shell.o [1]
  .rodata               const    0x0002a074     0x14  shell.o [1]
  .rodata               const    0x0002a088     0x14  shell_commands.o [1]
  .rodata               const    0x0002a09c     0x14  shell_commands.o [1]
  .rodata               const    0x0002a0b0     0x14  shell_commands.o [1]
  .rodata               const    0x0002a0c4     0x14  shell_commands.o [1]
  .rodata               const    0x0002a0d8     0x14  shell_commands.o [1]
  .rodata               const    0x0002a0ec     0x14  shell_commands.o [1]
  .rodata               const    0x0002a100     0x14  shell_commands.o [1]
  .rodata               const    0x0002a114     0x14  shell_commands.o [1]
  .rodata               const    0x0002a128     0x14  shell_commands.o [1]
  .rodata               const    0x0002a13c     0x14  socket_app_utils.o [1]
  .rodata               const    0x0002a150     0x14  socket_app_utils.o [1]
  .rodata               const    0x0002a164     0x14  fsl_gpio_common.o [8]
  .rodata               const    0x0002a178     0x14  fsl_gpio_common.o [8]
  .rodata               const    0x0002a18c     0x14  mqx.o [7]
  .rodata               const    0x0002a1a0     0x14  mqx.o [7]
  .rodata               const    0x0002a1b4     0x14  mqx.o [7]
  .rodata               const    0x0002a1c8     0x10  app_temp_sensor.o [1]
  .rodata               const    0x0002a1d8     0x10  Keyboard.o [1]
  .rodata               const    0x0002a1e8     0x10  PhyPlmeData.o [1]
  .rodata               const    0x0002a1f8      0xc  app_init.o [1]
  .rodata               const    0x0002a208     0x10  PhyPlmeData.o [1]
  .rodata               const    0x0002a218     0x10  shell.o [1]
  .rodata               const    0x0002a228     0x10  shell.o [1]
  .rodata               const    0x0002a238     0x10  shell_cmdhist.o [1]
  .rodata               const    0x0002a248     0x10  shell_commands.o [1]
  .rodata               const    0x0002a258     0x10  shell_commands.o [1]
  .rodata               const    0x0002a268     0x10  shell_commands.o [1]
  .rodata               const    0x0002a278     0x10  shell_commands.o [1]
  .rodata               const    0x0002a288     0x10  shell_commands.o [1]
  .rodata               const    0x0002a298     0x10  shell_commands.o [1]
  .rodata               const    0x0002a2a8     0x10  shell_commands.o [1]
  .rodata               const    0x0002a2b8     0x10  shell_commands.o [1]
  .rodata               const    0x0002a2c8     0x10  shell_commands.o [1]
  .rodata               const    0x0002a2d8     0x10  shell_commands.o [1]
  .rodata               const    0x0002a2e8     0x10  shell_commands.o [1]
  .rodata               const    0x0002a2f8     0x10  socket_app_utils.o [1]
  .rodata               const    0x0002a308     0x10  socket_app_utils.o [1]
  .rodata               const    0x0002a318     0x10  fsl_adc16_driver.o [8]
  .rodata               const    0x0002a328     0x10  fsl_gpio_driver.o [8]
  .rodata               const    0x0002a338     0x10  fsl_mcg_hal.o [8]
  .rodata               const    0x0002a348     0x10  mqx.o [7]
  .rodata               const    0x0002a358     0x10  mqx.o [7]
  .rodata               const    0x0002a368     0x10  fsl_hwtimer_systick.o [8]
  .rodata               const    0x0002a378     0x10  fsl_hwtimer_systick.o [8]
  .rodata               const    0x0002a388     0x10  fsl_hwtimer_systick.o [8]
  .rodata               const    0x0002a398     0x10  fsl_dspi_hal.o [8]
  .rodata               const    0x0002a3a8     0x10  fsl_rtc_driver.o [8]
  .rodata               const    0x0002a3b8     0x10  fsl_uart_driver.o [8]
  .rodata               const    0x0002a3c8     0x10  inittask.o [7]
  .rodata               const    0x0002a3d8     0x10  session.o [12]
  EVM_CODES                      0x0002a3e8     0x10  <Block>
    EVM_CODES           const    0x0002a3e8     0x10  dhcp6_client.o [12]
  .rodata               const    0x0002a3f8      0xc  fsl_osa_ext_mqxlite.o [1]
  .rodata               const    0x0002a404      0xc  Keyboard.o [1]
  .rodata               const    0x0002a410      0xc  LED.o [1]
  .rodata               const    0x0002a41c      0xc  mac_abs_802154.o [1]
  .rodata               const    0x0002a428      0xc  MacGlobals.o [1]
  .rodata               const    0x0002a434      0xc  MCR20Drv.o [1]
  .rodata               const    0x0002a440      0xc  MCR20Drv.o [1]
  .rodata               const    0x0002a44c      0xc  MCR20Drv.o [1]
  .rodata               const    0x0002a458      0xc  mqx_main.o [1]
  .rodata               const    0x0002a464      0xc  pin_mux.o [1]
  .rodata               const    0x0002a470      0xc  SerialManager.o [1]
  .rodata               const    0x0002a47c      0xc  shell.o [1]
  .rodata               const    0x0002a488      0xc  shell.o [1]
  .rodata               const    0x0002a494      0xc  shell_commands.o [1]
  .rodata               const    0x0002a4a0      0xc  shell_commands.o [1]
  .rodata               const    0x0002a4ac      0xc  shell_commands.o [1]
  .rodata               const    0x0002a4b8      0xc  shell_commands.o [1]
  .rodata               const    0x0002a4c4      0xc  shell_commands.o [1]
  .rodata               const    0x0002a4d0      0xc  shell_commands.o [1]
  .rodata               const    0x0002a4dc      0xc  shell_commands.o [1]
  .rodata               const    0x0002a4e8      0xc  shell_commands.o [1]
  .rodata               const    0x0002a4f4      0xc  shell_commands.o [1]
  .rodata               const    0x0002a500      0xc  shell_commands.o [1]
  .rodata               const    0x0002a50c      0xc  shell_commands.o [1]
  .rodata               const    0x0002a518      0xc  shell_commands.o [1]
  .rodata               const    0x0002a524      0xc  shell_commands.o [1]
  .rodata               const    0x0002a530      0xc  shell_commands.o [1]
  .rodata               const    0x0002a53c      0xc  shell_commands.o [1]
  .rodata               const    0x0002a548      0xc  socket_app_utils.o [1]
  .rodata               const    0x0002a554      0xc  TimersManager.o [1]
  .rodata               const    0x0002a560      0xc  fsl_gpio_driver.o [8]
  .rodata               const    0x0002a56c      0xc  fsl_gpio_driver.o [8]
  .rodata               const    0x0002a578      0xc  fsl_os_abstraction_mqx.o [8]
  .rodata               const    0x0002a584      0xc  mqx.o [7]
  .rodata               const    0x0002a590      0xc  sixlowpan_interface.o [12]
  .rodata               const    0x0002a59c      0xc  thread_manager.o [12]
  .rodata               const    0x0002a5a8      0xc  fsl_ftm_common.o [8]
  .rodata               const    0x0002a5b4      0xc  fsl_uart_common.o [8]
  .rodata               const    0x0002a5c0      0xc  fsl_gpio_hal.o [8]
  .rodata               const    0x0002a5cc      0x8  fsl_osa_ext_mqxlite.o [1]
  .rodata               const    0x0002a5d4      0x8  ip_if_6LowPan.o [1]
  .rodata               const    0x0002a5dc      0x8  ip_if_6LowPan.o [1]
  .rodata               const    0x0002a5e4      0x8  mac_abs_802154.o [1]
  .rodata               const    0x0002a5ec      0x8  shell.o [1]
  .rodata               const    0x0002a5f4      0x8  shell_cmdhelp.o [1]
  .rodata               const    0x0002a5fc      0x8  shell_cmdhelp.o [1]
  .rodata               const    0x0002a604      0x8  shell_cmdhist.o [1]
  .rodata               const    0x0002a60c      0x8  shell_cmdhist.o [1]
  .rodata               const    0x0002a614      0x8  shell_commands.o [1]
  .rodata               const    0x0002a61c      0x8  shell_commands.o [1]
  .rodata               const    0x0002a624      0x8  shell_commands.o [1]
  .rodata               const    0x0002a62c      0x8  shell_commands.o [1]
  .rodata               const    0x0002a634      0x8  shell_commands.o [1]
  .rodata               const    0x0002a63c      0x8  shell_commands.o [1]
  .rodata               const    0x0002a644      0x8  shell_commands.o [1]
  .rodata               const    0x0002a64c      0x8  shell_commands.o [1]
  .rodata               const    0x0002a654      0x8  shell_commands.o [1]
  .rodata               const    0x0002a65c      0x8  shell_commands.o [1]
  .rodata               const    0x0002a664      0x8  shell_commands.o [1]
  .rodata               const    0x0002a66c      0x8  shell_commands.o [1]
  .rodata               const    0x0002a674      0x8  shell_commands.o [1]
  .rodata               const    0x0002a67c      0x8  shell_commands.o [1]
  .rodata               const    0x0002a684      0x8  shell_commands.o [1]
  .rodata               const    0x0002a68c      0x8  shell_commands.o [1]
  .rodata               const    0x0002a694      0x8  shell_commands.o [1]
  .rodata               const    0x0002a69c      0x8  shell_commands.o [1]
  .rodata               const    0x0002a6a4      0x8  shell_commands.o [1]
  .rodata               const    0x0002a6ac      0x8  shell_commands.o [1]
  .rodata               const    0x0002a6b4      0x8  shell_commands.o [1]
  .rodata               const    0x0002a6bc      0x8  shell_commands.o [1]
  .rodata               const    0x0002a6c4      0x8  shell_commands.o [1]
  .rodata               const    0x0002a6cc      0x8  socket_app_utils.o [1]
  .rodata               const    0x0002a6d4      0x8  SPI.o [1]
  .rodata               const    0x0002a6dc      0x8  UART_Adapter.o [1]
  .rodata               const    0x0002a6e4      0x8  fsl_gpio_common.o [8]
  .rodata               const    0x0002a6ec      0x8  fsl_clock_MKW24D5.o [8]
  .rodata               const    0x0002a6f4      0x8  ip.o [12]
  .rodata               const    0x0002a6fc      0x8  icmp.o [12]
  .rodata               const    0x0002a704      0x8  fsl_dspi_common.o [8]
  .rodata               const    0x0002a70c      0x8  fsl_uart_driver.o [8]
  .rodata               const    0x0002a714      0x8  fsl_uart_driver.o [8]
  .rodata               const    0x0002a71c      0x8  udp.o [12]
  .rodata               const    0x0002a724      0x8  task.o [7]
  STACK_START_CFG                0x0002a72c      0x8  <Block>
    STACK_START_CFG     const    0x0002a72c      0x8  thread_manager_config.o [1]
  .rodata               const    0x0002a734      0x4  coap_globals.o [1]
  .rodata               const    0x0002a738      0x4  dhcp_globals.o [1]
  .rodata               const    0x0002a73c      0x4  dhcp_globals.o [1]
  .rodata               const    0x0002a740      0x4  dhcp_globals.o [1]
  .rodata               const    0x0002a744      0x4  event_manager_globals.o [1]
  .rodata               const    0x0002a748      0x4  ip_globals.o [1]
  .rodata               const    0x0002a74c      0x4  ip_globals.o [1]
  .rodata               const    0x0002a750      0x4  ip_globals.o [1]
  .rodata               const    0x0002a754      0x4  ip_globals.o [1]
  .rodata               const    0x0002a758      0x4  ip_globals.o [1]
  .rodata               const    0x0002a75c      0x4  ip_globals.o [1]
  .rodata               const    0x0002a760      0x4  mle_globals.o [1]
  .rodata               const    0x0002a764      0x4  mpl_globals.o [1]
  .rodata               const    0x0002a768      0x4  mpl_globals.o [1]
  .rodata               const    0x0002a76c      0x4  mpl_globals.o [1]
  .rodata               const    0x0002a770      0x4  PhyPacketProcessor.o [1]
  .rodata               const    0x0002a774      0x4  sixlowpan_globals.o [1]
  .rodata               const    0x0002a778      0x4  sixlowpan_globals.o [1]
  .rodata               const    0x0002a77c      0x4  sockets_globals.o [1]
  .rodata               const    0x0002a780      0x4  thread_nwk_data_globals.o [1]
  .rodata               const    0x0002a784      0x4  thread_nwk_data_globals.o [1]
  .rodata               const    0x0002a788      0x4  thread_nwk_data_globals.o [1]
  .rodata               const    0x0002a78c      0x4  thread_nwk_data_globals.o [1]
  .rodata               const    0x0002a790      0x4  thread_routing_globals.o [1]
  .rodata               const    0x0002a794      0x4  thread_routing_globals.o [1]
  .rodata               const    0x0002a798      0x4  trickle_globals.o [1]
  .rodata               const    0x0002a79c      0x4  trickle_globals.o [1]
  .rodata               const    0x0002a7a0      0x4  udp_globals.o [1]
  .rodata               const    0x0002a7a4      0x4  fsl_clock_MKW24D5.o [8]
  .rodata               const    0x0002a7a8      0x4  fsl_clock_MKW24D5.o [8]
  .rodata               const    0x0002a7ac      0x4  mqx.o [7]
  .rodata               const    0x0002a7b0      0x4  mqx.o [7]
  .rodata               const    0x0002a7b4      0x4  fsl_rtc_common.o [8]
  .rodata               const    0x0002a7b8      0x4  fsl_ftm_common.o [8]
  .rodata               const    0x0002a7bc      0x4  fsl_adc16_common.o [8]
  .rodata               const    0x0002a7c0      0x4  fsl_clock_manager_common.o [8]
  .text                 ro code  0x0002a7c4      0x4  startup_MKW24D5.o [7]
  .rodata               const    0x0002a7c8      0x0  zero_init3.o [10]
  .rodata               const    0x0002a7c8      0x0  packbits_init.o [10]
  Initializer bytes     const    0x0002a7c8    0x3ab  <for P2 s0>
                               - 0x0002ab73  0x2a763

"P2", part 1 of 4:                            0x7a10
  .bss                  zero     0x1fff8000   0x5100  MemManager.o [1]
  .bss                  zero     0x1fffd100    0xb40  MacGlobals.o [1]
  .bss                  zero     0x1fffdc40    0x800  thread_manager.o [12]
  .bss                  zero     0x1fffe440    0x17c  TimersManager.o [1]
  .bss                  zero     0x1fffe5bc    0x170  MacGlobals.o [1]
  .bss                  zero     0x1fffe72c    0x168  MacGlobals.o [1]
  .bss                  zero     0x1fffe894    0x144  shell_cmdhist.o [1]
  .bss                  zero     0x1fffe9d8    0x130  sc_irdyq.o [7]
  .bss                  zero     0x1fffeb08     0xf0  thread_nwk_data_globals.o [1]
  .bss                  zero     0x1fffebf8     0xc4  NV_Flash.o [1]
  .bss                  zero     0x1fffecbc     0xc0  NV_Flash.o [1]
  .bss                  zero     0x1fffed7c     0xc0  SerialManager.o [1]
  .bss                  zero     0x1fffee40     0xa0  mpl_globals.o [1]
  .bss                  zero     0x1fffeee0     0xa0  PhyTime.o [1]
  .bss                  zero     0x1fffef80     0x98  thread_nwk_data_globals.o [1]
  .bss                  zero     0x1ffff018     0x80  NV_Flash.o [1]
  .bss                  zero     0x1ffff098     0x78  sockets_globals.o [1]
  .bss                  zero     0x1ffff110     0x78  udp_globals.o [1]
  .bss                  zero     0x1ffff188     0x70  MemManager.o [1]
  .bss                  zero     0x1ffff1f8     0x58  SerialManager.o [1]
  .bss                  zero     0x1ffff250     0x54  shell.o [1]
  .bss                  zero     0x1ffff2a4     0x50  MacGlobals.o [1]
  .bss                  zero     0x1ffff2f4     0x50  PhyStateMachine.o [1]
  .bss                  zero     0x1ffff344     0x50  socket_app_utils.o [1]
  .bss                  zero     0x1ffff394     0x40  Flash_Adapter.o [1]
  .bss                  zero     0x1ffff3d4     0x3c  coap_globals.o [1]
  .bss                  zero     0x1ffff410     0x40  init_bsp.o [1]
  .bss                  zero     0x1ffff450     0x40  shell.o [1]
  .bss                  zero     0x1ffff490     0x40  sixlowpan_globals.o [1]
  .bss                  zero     0x1ffff4d0     0x3c  event_manager_globals.o [1]
  .bss                  zero     0x1ffff50c     0x30  mle_globals.o [1]
  .bss                  zero     0x1ffff53c     0x30  NV_Flash.o [1]
  .bss                  zero     0x1ffff56c     0x30  shell_commands.o [1]
  .bss                  zero     0x1ffff59c     0x28  ip_globals.o [1]
  .bss                  zero     0x1ffff5c4     0x24  ip_globals.o [1]
  .bss                  zero     0x1ffff5e8     0x24  SerialManager.o [1]
  .bss                  zero     0x1ffff60c     0x24  TimersManager.o [1]
  .bss                  zero     0x1ffff630     0x20  fsl_osa_ext_mqxlite.o [1]
  .bss                  zero     0x1ffff650     0x20  NV_Flash.o [1]
  .bss                  zero     0x1ffff670     0x20  socket_app_utils.o [1]
  .bss                  zero     0x1ffff690     0x1c  ip_globals.o [1]
  .bss                  zero     0x1ffff6ac     0x1c  Panic.o [1]
  .bss                  zero     0x1ffff6c8     0x18  app_init.o [1]
  .bss                  zero     0x1ffff6e0     0x18  fsl_osa_ext_mqxlite.o [1]
  .bss                  zero     0x1ffff6f8     0x18  ip.o [12]
  .bss                  zero     0x1ffff710     0x18  sixlowpan_interface.o [12]
  .bss                  zero     0x1ffff728     0x18  thread_manager.o [12]
  .bss                  zero     0x1ffff740     0x18  sixlowpan_tbl.o [12]
  .bss                  zero     0x1ffff758     0x18  session.o [12]
  .bss                  zero     0x1ffff770     0x18  thread_router.o [12]
  .bss                  zero     0x1ffff788     0x14  app_init.o [1]
  .bss                  zero     0x1ffff79c     0x14  dhcp_globals.o [1]
  .bss                  zero     0x1ffff7b0     0x14  mac_abs_802154.o [1]
  .bss                  zero     0x1ffff7c4     0x14  MacGlobals.o [1]
  .bss                  zero     0x1ffff7d8     0x14  TimersManager.o [1]
  .bss                  zero     0x1ffff7ec     0x10  app_init.o [1]
  .bss                  zero     0x1ffff7fc      0xc  fsl_osa_ext_mqxlite.o [1]
  .bss                  zero     0x1ffff808     0x10  end_device_app.o [1]
  .bss                  zero     0x1ffff818     0x10  Keyboard.o [1]
  .bss                  zero     0x1ffff828     0x10  shell_commands.o [1]
  .bss                  zero     0x1ffff838     0x10  thread_manager_config.o [1]
  .bss                  zero     0x1ffff848     0x10  UART_Adapter.o [1]
  .bss                  zero     0x1ffff858     0x10  UART_Adapter.o [1]
  .bss                  zero     0x1ffff868     0x10  ip6.o [12]
  .bss                  zero     0x1ffff878     0x10  mpl.o [12]
  .bss                  zero     0x1ffff888      0xc  ip_globals.o [1]
  .bss                  zero     0x1ffff894      0xc  fsl_uart_common.o [8]
  .bss                  zero     0x1ffff8a0      0xc  mle.o [12]
  .bss                  zero     0x1ffff8ac      0xc  mle_security.o [12]
  .bss                  zero     0x1ffff8b8      0x8  dhcp_globals.o [1]
  .bss                  zero     0x1ffff8c0      0x8  ip_globals.o [1]
  .bss                  zero     0x1ffff8c8      0x8  MacGlobals.o [1]
  .bss                  zero     0x1ffff8d0      0x8  MacGlobals.o [1]
  .bss                  zero     0x1ffff8d8      0x8  mpl_globals.o [1]
  .bss                  zero     0x1ffff8e0      0x8  NV_Flash.o [1]
  .bss                  zero     0x1ffff8e8      0x8  PhyISR.o [1]
  .bss                  zero     0x1ffff8f0      0x8  PhyTime.o [1]
  .bss                  zero     0x1ffff8f8      0x8  shell_commands.o [1]
  .bss                  zero     0x1ffff900      0x8  TimersManager.o [1]
  .bss                  zero     0x1ffff908      0x8  trickle_globals.o [1]
  .bss                  zero     0x1ffff910      0x8  MacMain.o [3]
  .bss                  zero     0x1ffff918      0x8  dhcp6_server.o [12]
  .bss                  zero     0x1ffff920      0x8  mle_security.o [12]
  .bss                  zero     0x1ffff928      0x4  app_temp_sensor.o [1]
  .bss                  zero     0x1ffff92c      0x4  app_temp_sensor.o [1]
  .bss                  zero     0x1ffff930      0x4  end_device_app.o [1]
  .bss                  zero     0x1ffff934      0x4  Flash_Adapter.o [1]
  .bss                  zero     0x1ffff938      0x4  ip_if_6LowPan.o [1]
  .bss                  zero     0x1ffff93c      0x4  Keyboard.o [1]
  .bss                  zero     0x1ffff940      0x4  Keyboard.o [1]
  .bss                  zero     0x1ffff944      0x4  LED.o [1]
  .bss                  zero     0x1ffff948      0x4  MacGlobals.o [1]
  .bss                  zero     0x1ffff94c      0x4  NV_Flash.o [1]
  .bss                  zero     0x1ffff950      0x4  NV_Flash.o [1]
  .bss                  zero     0x1ffff954      0x4  NV_Flash.o [1]
  .bss                  zero     0x1ffff958      0x4  PhyISR.o [1]
  .bss                  zero     0x1ffff95c      0x4  PhyISR.o [1]
  .bss                  zero     0x1ffff960      0x4  PhyISR.o [1]
  .bss                  zero     0x1ffff964      0x4  PhyTime.o [1]
  .bss                  zero     0x1ffff968      0x4  PhyTime.o [1]
  .bss                  zero     0x1ffff96c      0x4  PhyTime.o [1]
  .bss                  zero     0x1ffff970      0x4  RNG.o [1]
  .bss                  zero     0x1ffff974      0x4  SerialManager.o [1]
  .bss                  zero     0x1ffff978      0x4  shell.o [1]
  .bss                  zero     0x1ffff97c      0x4  shell.o [1]
  .bss                  zero     0x1ffff980      0x4  shell_commands.o [1]
  .bss                  zero     0x1ffff984      0x4  shell_commands.o [1]
  .bss                  zero     0x1ffff988      0x4  shell_commands.o [1]
  .bss                  zero     0x1ffff98c      0x4  shell_commands.o [1]
  .bss                  zero     0x1ffff990      0x4  sixlowpan_globals.o [1]
  .bss                  zero     0x1ffff994      0x4  sixlowpan_globals.o [1]
  .bss                  zero     0x1ffff998      0x4  socket_app_utils.o [1]
  .bss                  zero     0x1ffff99c      0x4  thread_nwk_data_globals.o [1]
  .bss                  zero     0x1ffff9a0      0x4  thread_nwk_data_globals.o [1]
  .bss                  zero     0x1ffff9a4      0x4  thread_routing_globals.o [1]
  .bss                  zero     0x1ffff9a8      0x4  TimersManager.o [1]
  .bss                  zero     0x1ffff9ac      0x4  TimersManager.o [1]
  .bss                  zero     0x1ffff9b0      0x4  TimersManager.o [1]
  .bss                  zero     0x1ffff9b4      0x4  TimersManager.o [1]
  .bss                  zero     0x1ffff9b8      0x4  sockets.o [12]
  .bss                  zero     0x1ffff9bc      0x4  fsl_mcg_hal.o [8]
  .bss                  zero     0x1ffff9c0      0x4  fsl_mcg_hal.o [8]
  .bss                  zero     0x1ffff9c4      0x4  fsl_hwtimer_systick.o [8]
  .bss                  zero     0x1ffff9c8      0x4  dhcp6_lq_client.o [12]
  .bss                  zero     0x1ffff9cc      0x4  icmp.o [12]
  .bss                  zero     0x1ffff9d0      0x4  thread_routing.o [12]
  .bss                  zero     0x1ffff9d4      0x4  udp.o [12]
  .bss                  zero     0x1ffff9d8      0x2  end_device_app.o [1]
  .bss                  zero     0x1ffff9da      0x2  MemManager.o [1]
  .bss                  zero     0x1ffff9dc      0x2  NV_Flash.o [1]
  .bss                  zero     0x1ffff9de      0x2  shell.o [1]
  .bss                  zero     0x1ffff9e0      0x2  shell.o [1]
  .bss                  zero     0x1ffff9e2      0x2  shell_cmdhist.o [1]
  .bss                  zero     0x1ffff9e4      0x2  shell_cmdhist.o [1]
  .bss                  zero     0x1ffff9e6      0x2  shell_commands.o [1]
  .bss                  zero     0x1ffff9e8      0x2  shell_commands.o [1]
  .bss                  zero     0x1ffff9ea      0x2  TimersManager.o [1]
  .bss                  zero     0x1ffff9ec      0x2  TimersManager.o [1]
  .bss                  zero     0x1ffff9ee      0x2  TimersManager.o [1]
  .bss                  zero     0x1ffff9f0      0x1  end_device_app.o [1]
  .bss                  zero     0x1ffff9f1      0x1  Keyboard.o [1]
  .bss                  zero     0x1ffff9f2      0x1  Keyboard.o [1]
  .bss                  zero     0x1ffff9f3      0x1  Keyboard.o [1]
  .bss                  zero     0x1ffff9f4      0x1  LED.o [1]
  .bss                  zero     0x1ffff9f5      0x1  LED.o [1]
  .bss                  zero     0x1ffff9f6      0x1  mac_abs_802154.o [1]
  .bss                  zero     0x1ffff9f7      0x1  MacGlobals.o [1]
  .bss                  zero     0x1ffff9f8      0x1  NV_Flash.o [1]
  .bss                  zero     0x1ffff9f9      0x1  NV_Flash.o [1]
  .bss                  zero     0x1ffff9fa      0x1  NV_Flash.o [1]
  .bss                  zero     0x1ffff9fb      0x1  NV_Flash.o [1]
  .bss                  zero     0x1ffff9fc      0x1  NV_Flash.o [1]
  .bss                  zero     0x1ffff9fd      0x1  NV_Flash.o [1]
  .bss                  zero     0x1ffff9fe      0x1  NV_Flash.o [1]
  .bss                  zero     0x1ffff9ff      0x1  PhyISR.o [1]
  .bss                  zero     0x1ffffa00      0x1  PhyISR.o [1]
  .bss                  zero     0x1ffffa01      0x1  PhyPacketProcessor.o [1]
  .bss                  zero     0x1ffffa02      0x1  SerialManager.o [1]
  .bss                  zero     0x1ffffa03      0x1  shell.o [1]
  .bss                  zero     0x1ffffa04      0x1  shell.o [1]
  .bss                  zero     0x1ffffa05      0x1  shell.o [1]
  .bss                  zero     0x1ffffa06      0x1  shell_commands.o [1]
  .bss                  zero     0x1ffffa07      0x1  shell_commands.o [1]
  .bss                  zero     0x1ffffa08      0x1  TimersManager.o [1]
  .bss                  zero     0x1ffffa09      0x1  TimersManager.o [1]
  .bss                  zero     0x1ffffa0a      0x1  TimersManager.o [1]
  .bss                  zero     0x1ffffa0b      0x1  TimersManager.o [1]
  .bss                  zero     0x1ffffa0c      0x1  ip_if_management.o [12]
  .bss                  zero     0x1ffffa0d      0x1  mpl.o [12]
                               - 0x1ffffa0e   0x7a0e

"P2", part 2 of 4:                             0x5d3
  P2 s0                          0x20000000    0x5d3  <Init block>
    .data               inited   0x20000000    0x140  mmcau_sha256_functions.o [6]
    .data               inited   0x20000140     0x98  thread_manager_config.o [1]
    .data               inited   0x200001d8     0x94  thread_manager.o [12]
    .data               inited   0x20000270     0x80  mmcau_aes_functions.o [6]
    .data               inited   0x200002f0     0x40  fsl_osa_ext_mqxlite.o [1]
    .data               inited   0x20000330     0x3c  gpio_pins.o [1]
    .data               inited   0x2000036c     0x38  ip.o [12]
    .data               inited   0x200003a4     0x34  sixlowpan_interface.o [12]
    .data               inited   0x200003d8     0x34  dhcp6_client.o [12]
    .data               inited   0x2000040c     0x34  session.o [12]
    .data               inited   0x20000440     0x30  thread_manager_config.o [1]
    .data               inited   0x20000470     0x2c  thread_manager_config.o [1]
    .data               inited   0x2000049c     0x28  coap.o [12]
    .data               inited   0x200004c4     0x24  Flash_Adapter.o [1]
    .data               inited   0x200004e8     0x20  app_init.o [1]
    .data               inited   0x20000508     0x20  MemManager.o [1]
    .data               inited   0x20000528     0x18  thread_manager_config.o [1]
    .data               inited   0x20000540     0x14  thread_manager_config.o [1]
    .data               inited   0x20000554     0x14  trickle.o [12]
    .data               inited   0x20000568      0xc  thread_manager_config.o [1]
    .data               inited   0x20000574      0x8  SPI.o [1]
    .data               inited   0x2000057c      0x8  thread_manager_config.o [1]
    .data               inited   0x20000584      0x8  dhcp6_server.o [12]
    .data               inited   0x2000058c      0x4  end_device_app.o [1]
    .data               inited   0x20000590      0x4  ip_if_6LowPan.o [1]
    .data               inited   0x20000594      0x4  ip_if_6LowPan.o [1]
    .data               inited   0x20000598      0x4  MCR20Drv.o [1]
    .data               inited   0x2000059c      0x4  nv_data.o [1]
    .data               inited   0x200005a0      0x4  network_utils.o [12]
    .data               inited   0x200005a4      0x4  fsl_mcg_hal.o [8]
    .data               inited   0x200005a8      0x4  fsl_mcg_hal.o [8]
    .data               inited   0x200005ac      0x4  mqx.o [7]
    .data               inited   0x200005b0      0x4  MacMain.o [3]
    .data               inited   0x200005b4      0x4  fsl_uart_common.o [8]
    __DLIB_PERTHREAD    inited   0x200005b8      0x4  errno.o [4]
    .data               inited   0x200005bc      0x2  NV_Flash.o [1]
    .data               inited   0x200005be      0x2  shell_commands.o [1]
    .data               inited   0x200005c0      0x2  udp.o [12]
    .data               inited   0x200005c2      0x1  Keyboard.o [1]
    .data               inited   0x200005c3      0x1  LED.o [1]
    .data               inited   0x200005c4      0x1  LED.o [1]
    .data               inited   0x200005c5      0x1  MacGlobals.o [1]
    .data               inited   0x200005c6      0x1  MacGlobals.o [1]
    .data               inited   0x200005c7      0x1  MacGlobals.o [1]
    .data               inited   0x200005c8      0x1  MacGlobals.o [1]
    .data               inited   0x200005c9      0x1  MacGlobals.o [1]
    .data               inited   0x200005ca      0x1  MacGlobals.o [1]
    .data               inited   0x200005cb      0x1  PhyPacketProcessor.o [1]
    .data               inited   0x200005cc      0x1  PhyPlmeData.o [1]
    .data               inited   0x200005cd      0x1  PhyPlmeData.o [1]
    .data               inited   0x200005ce      0x1  shell.o [1]
    .data               inited   0x200005cf      0x1  shell_commands.o [1]
    .data               inited   0x200005d0      0x1  shell_commands.o [1]
    .data               inited   0x200005d1      0x1  shell_commands.o [1]
    .data               inited   0x200005d2      0x1  UART_Adapter.o [1]
                               - 0x200005d3    0x5d3

"P2", part 3 of 4:                            0x3a00
  .bss                  zero     0x200005d4    0x7d0  session.o [12]
  .bss                  zero     0x20000da4    0x5dc  SerialManager.o [1]
  .bss                  zero     0x20001380    0x500  fsl_osa_ext_mqxlite.o [1]
  .bss                  zero     0x20001880    0x4b0  app_init.o [1]
  .bss                  zero     0x20001d30    0x410  mqx.o [7]
  .bss                  zero     0x20002140    0x400  MacGlobals.o [1]
  .bss                  zero     0x20002540    0x400  TimersManager.o [1]
  .bss                  zero     0x20002940    0x400  ip.o [12]
  .bss                  zero     0x20002d40    0x354  mqx.o [7]
  .bss                  zero     0x20003094    0x300  sixlowpan_interface.o [12]
  .bss                  zero     0x20003394    0x290  int.o [7]
  .bss                  zero     0x20003624    0x27c  mqx.o [7]
  .bss                  zero     0x200038a0     0x7c  session.o [12]
  .bss                  zero     0x20003920    0x210  thread_network_data.o [12]
  .bss                  zero     0x20003b30    0x190  dhcp_globals.o [1]
  .bss                  zero     0x20003cc0    0x190  fsl_osa_ext_mqxlite.o [1]
  .bss                  zero     0x20003e50    0x184  mqx.o [7]
                               - 0x20003fd4   0x3a00

"P2", part 4 of 4:                             0x400
  HEAP                           0x20003fd8    0x200  <Block>
    HEAP                uninit   0x20003fd8    0x200  <Block tail>
  CSTACK                         0x200041d8    0x200  <Block>
    CSTACK              uninit   0x200041d8    0x200  <Block tail>
                               - 0x200043d8    0x400


*******************************************************************************
*** INIT TABLE
***

          Address     Size
          -------     ----
Zero (__iar_zero_init3)
    2 destination ranges, total size 0xb40e:
          0x1fff8000  0x7a0e
          0x200005d4  0x3a00

Copy/packbits (__iar_packbits_init3)
    1 source range, total size 0x3ab (62% of destination):
          0x0002a7c8   0x3ab
    1 destination range, total size 0x5d3:
          0x20000000   0x5d3



*******************************************************************************
*** MODULE SUMMARY
***

    Module                      ro code  ro data  rw data
    ------                      -------  -------  -------
C:\FSL_Thread_Stack_0.6.0\Thread\app\thread\thread_end_device\iar\twrkw24d512\mqxlite_debug\Obj: [1]
    ASP.o                             2
    CopyToRam.o                      52
    FlashCommandSequence.o           58
    FlashEraseSector.o              156
    FlashInit.o                      14
    FlashProgram.o                  190
    FlashVerifySection.o            160
    Flash_Adapter.o                 392       23      104
    FsciMacCommands.o                 2
    FunctionLib.o                   290
    GenericList.o                   452
    Keyboard.o                    1 264      196       28
    LED.o                         1 152      182        8
    MCR20Drv.o                    1 280      207        4
    MPM.o                            12
    MacGlobals.o                    120       29    4 759
    MemManager.o                    292       20   20 882
    Messaging.o                     182
    NV_Flash.o                   12 072        1      627
    Panic.o                          72                28
    PhyISR.o                      1 528                22
    PhyPacketProcessor.o          1 308       58        2
    PhyPlmeData.o                 1 594       65        2
    PhyStateMachine.o             2 152                80
    PhyTime.o                     1 296               180
    RNG.o                            60                 4
    Reset.o                          44
    SPI.o                           380       13        8
    SecLib.o                        902
    SerialManager.o               2 466       12    1 821
    TMR_Adapter.o                   948      236
    TimersManager.o               2 136       12    1 494
    UART_Adapter.o                  412        9       33
    app_init.o                      164       32    1 292
    app_temp_sensor.o               448       16        8
    coap_globals.o                             4       60
    dhcp_globals.o                            12      428
    end_device_app.o                916      610       27
    event_manager_globals.o                    4       60
    fsl_osa_ext_mqxlite.o           746       61    1 812
    gpio_pins.o                               98       60
    hardware_init.o                  78
    init_bsp.o                      216                64
    ip_globals.o                              24      124
    ip_if_6LowPan.o                 552       53       12
    mac_abs_802154.o              2 818      352       21
    mac_filtering.o                  10
    mle_globals.o                              4       48
    mpl_globals.o                             12      168
    mqx_main.o                                64
    nv_data.o                                122        4
    nvm_adapter.o                   160
    pin_mux.o                       584      180
    shell.o                       2 936      993      164
    shell_autocomplete.o          1 108
    shell_cmdhelp.o                 640      348
    shell_cmdhist.o                 388       56      328
    shell_commands.o              5 592    4 177       99
    sixlowpan_globals.o                        8       72
    socket_app_utils.o              944      284      116
    sockets_globals.o                          4      120
    stack_start.o                   108
    thread_manager_config.o                  203      324
    thread_nwk_data_globals.o                 16      400
    thread_routing_globals.o                   8        4
    trickle_globals.o                          8        8
[...]
mMleKeyDescriptorTableSize
                        0x0002a760     0x4  Data  Gb  mle_globals.o [1]
mMleNeighborFunctions   0x1ffff8ac     0xc  Data  Lc  mle_security.o [12]
mMleSocket              0x1ffff8a0     0x4  Data  Lc  mle.o [12]
mMplBufferedMessageSet  0x1ffff87c     0xc  Data  Lc  mpl.o [12]
mMplBufferedMessageSetSize
                        0x0002a76c     0x4  Data  Gb  mpl_globals.o [1]
mMplInstanceSet         0x1ffff8d8     0x8  Data  Gb  mpl_globals.o [1]
mMplInstanceSetSize     0x0002a764     0x4  Data  Gb  mpl_globals.o [1]
mMplSeedSet             0x1fffee40    0xa0  Data  Gb  mpl_globals.o [1]
mMplSeedSetSize         0x0002a768     0x4  Data  Gb  mpl_globals.o [1]
mMplSequenceNumber      0x1ffffa0d     0x1  Data  Lc  mpl.o [12]
mNVMMutex               0x1ffff650    0x20  Data  Gb  NV_Flash.o [1]
mNsduHandle             0x1ffff938     0x4  Data  Lc  ip_if_6LowPan.o [1]
mNvActivePageId         0x1ffff9f8     0x1  Data  Lc  NV_Flash.o [1]
mNvCopyOperationIsPending
                        0x1ffff9f9     0x1  Data  Lc  NV_Flash.o [1]
mNvCriticalSectionFlag  0x1ffff9fc     0x1  Data  Lc  NV_Flash.o [1]
mNvErasePgCmdStatus     0x1ffff8e0     0x8  Data  Lc  NV_Flash.o [1]
mNvModuleInitialized    0x1ffff9fb     0x1  Data  Lc  NV_Flash.o [1]
mNvPageCounter          0x1ffff94c     0x4  Data  Lc  NV_Flash.o [1]
mNvPendingSavesQueue    0x1fffebf8    0xc4  Data  Lc  NV_Flash.o [1]
mNvSaveOnIntervalEvent  0x1ffff9fd     0x1  Data  Lc  NV_Flash.o [1]
mNvSaveOnIntervalTimerID
                        0x1ffff9fe     0x1  Data  Lc  NV_Flash.o [1]
mNvSkipTableEntryId     0x1ffff9dc     0x2  Data  Lc  NV_Flash.o [1]
mNvTableSizeInFlash     0x1ffff954     0x4  Data  Lc  NV_Flash.o [1]
mNvTableSizeInRAM       0x1ffff950     0x4  Data  Lc  NV_Flash.o [1]
mNvTableUpdated         0x1ffff9fa     0x1  Data  Lc  NV_Flash.o [1]
mNvVirtualPageProperty  0x1ffff53c    0x30  Data  Lc  NV_Flash.o [1]
mNwkDataTaskMsgQueue    0x20003920     0x4  Data  Lc  thread_network_data.o [12]
mPhyCurrentSamLvl       0x200005cb     0x1  Data  Lc  PhyPacketProcessor.o [1]
mPhyIrqDisableCnt       0x20000598     0x4  Data  Lc  MCR20Drv.o [1]
mPhyLastRxLQI           0x1ffff9ff     0x1  Data  Gb  PhyISR.o [1]
mPhyLastRxRSSI          0x1ffffa00     0x1  Data  Gb  PhyISR.o [1]
mPhyPwrState            0x1ffffa01     0x1  Data  Lc  PhyPacketProcessor.o [1]
mPhySeqTimeout          0x1ffff96c     0x4  Data  Gb  PhyTime.o [1]
mPhyTaskInstance        0x1ffff95c     0x4  Data  Lc  PhyISR.o [1]
mPhyTimers              0x1fffeee0    0xa0  Data  Lc  PhyTime.o [1]
mPibAttributesRangeTable
                        0x0001e010    0x60  Data  Lc  MacPib.o [3]
mPingMacSec             0x1ffff984     0x4  Data  Lc  shell_commands.o [1]
mPingTimeoutMs          0x1ffff980     0x4  Data  Lc  shell_commands.o [1]
mRandomNumber           0x1ffff970     0x4  Data  Gb  RNG.o [1]
mRouterML16IpAddr       0x1ffff770    0x10  Data  Lc  thread_router.o [12]
mRxFragQueue            0x1ffff740     0xc  Data  Lc  sixlowpan_tbl.o [12]
mSMTaskEvent            0x1ffff5e8    0x24  Data  Gb  SerialManager.o [1]
mSerials                0x1fffed7c    0xc0  Data  Gb  SerialManager.o [1]
mSessionMsgQueue        0x2000040c    0x14  Data  Lc  session.o [12]
mShellMaxCmdLen         0x1ffffa04     0x1  Data  Gb  shell.o [1]
mShellProtMsgTypeHandlerTbl4
                        0x0002a6c4     0x8  Data  Lc  shell_commands.o [1]
mShellProtMsgTypeHandlerTbl6
                        0x0002a6bc     0x8  Data  Lc  shell_commands.o [1]
mSlwpMsgQueue           0x200003a4    0x14  Data  Gb  sixlowpan_interface.o [12]
mSocketsEventId         0x1ffff9b8     0x4  Data  Lc  sockets.o [12]
mSpiCommand             0x20000574     0x8  Data  Gb  SPI.o [1]
mStatusAndControlRegs   0x1ffff8e8     0x8  Data  Gb  PhyISR.o [1]
mSwNames                0x0002a1d8    0x10  Data  Lc  Keyboard.o [1]
mSwitch_SCAN            0x1ffff93c     0x4  Data  Lc  Keyboard.o [1]
mThreadAdpIb            0x20000470    0x2c  Data  Lc  thread_manager_config.o [1]
mThreadCfg              0x20000140    0x98  Data  Lc  thread_manager_config.o [1]
mThreadICanHearYouTbl   0x1ffff838    0x10  Data  Lc  thread_manager_config.o [1]
mThreadMacCfg           0x20000528    0x18  Data  Lc  thread_manager_config.o [1]
mThreadMcastAddreses    0x20000440    0x30  Data  Lc  thread_manager_config.o [1]
mThreadMplCfg           0x20000568     0xc  Data  Lc  thread_manager_config.o [1]
mThreadSecMaterial      0x20000540    0x14  Data  Lc  thread_manager_config.o [1]
mThreadTaskMsgQueue     0x20000230    0x14  Data  Gb  thread_manager.o [12]
mTicksFor4ms            0x1ffff9a8     0x4  Data  Lc  TimersManager.o [1]
mTimerThreadEventId     0x1ffff60c    0x24  Data  Lc  TimersManager.o [1]
mTranspMsgQueue         0x1ffff9d4     0x4  Data  Lc  udp.o [12]
mTrickleInstanceSet     0x1ffff908     0x8  Data  Gb  trickle_globals.o [1]
mTrickleInstanceSetSize
                        0x0002a798     0x4  Data  Gb  trickle_globals.o [1]
mTrickleList            0x2000055c     0xc  Data  Lc  trickle.o [12]
mTrickleListSize        0x0002a79c     0x4  Data  Gb  trickle_globals.o [1]
mTrickleTimerId         0x20000554     0x1  Data  Lc  trickle.o [12]
mTxQueue                0x1ffff74c     0xc  Data  Lc  sixlowpan_tbl.o [12]
mUartIsrOffest          0x200005d2     0x1  Data  Lc  UART_Adapter.o [1]
mUartRxCb               0x1ffff858    0x10  Data  Lc  UART_Adapter.o [1]
mUartTxCb               0x1ffff848    0x10  Data  Lc  UART_Adapter.o [1]
mUdpMsgTypeHandlerTbl6  0x0002a71c     0x8  Data  Lc  udp.o [12]
mXcvrIrqPinCfg          0x0002a44c     0xc  Data  Gb  MCR20Drv.o [1]
mXcvrSpiCsCfg           0x0002a440     0xc  Data  Gb  MCR20Drv.o [1]
maChildVersNbTbl        0x20003994    0x14  Data  Lc  thread_network_data.o [12]
maContextIdTbl          0x20003954    0x40  Data  Lc  thread_network_data.o [12]
maDatasetInfo           0x1fffecbc    0xc0  Data  Lc  NV_Flash.o [1]
maDhcpServerTbl         0x2000393c    0x18  Data  Lc  thread_network_data.o [12]
maExtRouteTbl           0x20003924    0x18  Data  Lc  thread_network_data.o [12]
maNvRecordsCpyIdx       0x1ffff018    0x80  Data  Lc  NV_Flash.o [1]
maNwkDataIfTbl          0x1ffff9a0     0x4  Data  Gb  thread_nwk_data_globals.o [1]
maNwkDataPrefixTbl      0x200039f0    0xa0  Data  Lc  thread_network_data.o [12]
maNwkDataPrefixTblLen   0x200039a8     0xc  Data  Lc  thread_network_data.o [12]
maOldIsr                0x1ffff818    0x10  Data  Lc  Keyboard.o [1]
maServerDataDhcpServerTbl
                        0x200039cc    0x18  Data  Lc  thread_network_data.o [12]
maServerDataExtRouteTbl
                        0x200039b4    0x18  Data  Lc  thread_network_data.o [12]
maServerDataPrefixTbl   0x20003a90    0xa0  Data  Lc  thread_network_data.o [12]
maServerDataPrefixTblLen
                        0x200039e4     0xc  Data  Lc  thread_network_data.o [12]
maThrIfTbl              0x1ffff9a4     0x4  Data  Gb  thread_routing_globals.o [1]
maThreadInstances       0x1ffff99c     0x4  Data  Gb  thread_nwk_data_globals.o [1]
maTmrTimerStatusTable   0x1ffff7d8    0x14  Data  Lc  TimersManager.o [1]
maTmrTimerTable         0x1fffe440   0x17c  Data  Lc  TimersManager.o [1]
macAbsReq               0x0000de64    0x6c  Data  Lc  mac_abs_802154.o [1]
macInitPIBs             0x0001d65d   0x25a  Code  Gb  MacPib.o [3]
macVerifySetReq         0x0001d8b7    0xda  Code  Gb  MacPib.o [3]
main                    0x0000e7d3    0x3c  Code  Gb  fsl_osa_ext_mqxlite.o [1]
main_task               0x000128cd    0x62  Code  Gb  app_init.o [1]
main_taskStack          0x20001380   0x500  Data  Gb  fsl_osa_ext_mqxlite.o [1]
make_argv               0x00021201    0x64  Code  Gb  shell.o [1]
memHeap                 0x1fff8000  0x5100  Data  Gb  MemManager.o [1]
memPools                0x1ffff188    0x70  Data  Gb  MemManager.o [1]
memchr                  0x0001abb1          Code  Gb  memchr.o [10]
mfLedInSerialMode       0x1ffff9f4     0x1  Data  Lc  LED.o [1]
mlmeGetSetReq           0x0001d9a1   0x3b8  Code  Gb  MacPib.o [3]
mlmeGetSizeOfPIB        0x0001dde1    0xa8  Code  Gb  MacPib.o [3]
mlmeResetReq            0x0001e087    0xac  Code  Gb  Reset.o [3]
mmcau_aes_decrypt       0x0001c041          Code  Gb  mmcau_aes_functions.o [6]
mmcau_aes_encrypt       0x0001bf11          Code  Gb  mmcau_aes_functions.o [6]
mmcau_aes_set_key       0x0001b801          Code  Gb  mmcau_aes_functions.o [6]
mmcau_sha256_hash       0x0001c671          Code  Gb  mmcau_sha256_functions.o [6]
mmcau_sha256_hash_n     0x0001c391          Code  Gb  mmcau_sha256_functions.o [6]
mmcau_sha256_initialize_output
                        0x0001c371          Code  Gb  mmcau_sha256_functions.o [6]
mmcau_sha256_update     0x0001c651          Code  Gb  mmcau_sha256_functions.o [6]
mpAppThreadMsgQueue     0x1ffff930     0x4  Data  Lc  end_device_app.o [1]
mpCoapTaskMsgQueue      0x200004ac     0x4  Data  Lc  coap.o [12]
mpIpPktInfoBuffer       0x1ffff780     0x4  Data  Lc  thread_router.o [12]
mpIpTaskMsgQueue        0x20000248     0x4  Data  Gb  thread_manager.o [12]
mpMleActiveKeyDescriptor
                        0x1ffff920     0x4  Data  Lc  mle_security.o [12]
mpMleNewestKeyDescriptor
                        0x1ffff924     0x4  Data  Lc  mle_security.o [12]
mpMleTaskMsgQueue       0x1ffff8a4     0x4  Data  Lc  mle.o [12]
mpMplTaskMsgQueue       0x1ffff878     0x4  Data  Lc  mpl.o [12]
mpRxParams              0x1ffff958     0x4  Data  Lc  PhyISR.o [1]
mpThreadTaskMsgQueue    0x20000244     0x4  Data  Gb  thread_manager.o [12]
mpTrickleTaskMsgQueue   0x20000558     0x4  Data  Lc  trickle.o [12]
mpfDhcp6ClientSetAddr   0x20000408     0x4  Data  Lc  dhcp6_client.o [12]
mpfDhcp6LqCb            0x1ffff9c8     0x4  Data  Lc  dhcp6_lq_client.o [12]
mpfKeyFunction          0x1ffff940     0x4  Data  Lc  Keyboard.o [1]
mpfMleReceiveCb         0x1ffff8a8     0x4  Data  Lc  mle.o [12]
mpfShellBreak           0x1ffff97c     0x4  Data  Gb  shell.o [1]
mqx_idle_task_stack     0x20003e50   0x184  Data  Lc  mqx.o [7]
mqx_init                0x00005f31    0x9c  Code  Gb  mqx.o [7]
mqx_init_task_stack     0x20003624   0x27c  Data  Lc  mqx.o [7]
mqx_interrupt_stack     0x20001d30   0x410  Data  Gb  mqx.o [7]
mqx_start               0x000060e5    0xa4  Code  Gb  mqx.o [7]
mqx_static_isr_table    0x20003394   0x290  Data  Lc  int.o [7]
mqx_static_ready_queue  0x1fffe9d8   0x130  Data  Lc  sc_irdyq.o [7]
multicastAddrTableSize  0x0002a754     0x4  Data  Gb  ip_globals.o [1]
ndigs                   0x000251f8    0x28  Data  Lc  xstoul.o [4]
ndigs                   0x0001ae38    0x28  Data  Lc  xstoull.o [4]
ntop                    0x0000972d   0x1a8  Code  Gb  network_utils.o [12]
numberOfActiveTimers    0x1ffffa08     0x1  Data  Lc  TimersManager.o [1]
numberOfLowPowerActiveTimers
                        0x1ffffa09     0x1  Data  Lc  TimersManager.o [1]
nwkDeviceStatus         0x1ffff9f0     0x1  Data  Lc  end_device_app.o [1]
osEventHeap             0x20003cc0   0x190  Data  Gb  fsl_osa_ext_mqxlite.o [1]
osEventInfo             0x0002a3f8     0xc  Data  Gb  fsl_osa_ext_mqxlite.o [1]
osObjectAlloc           0x0000e829    0x28  Code  Lc  fsl_osa_ext_mqxlite.o [1]
osObjectFree            0x0000e87f    0x24  Code  Lc  fsl_osa_ext_mqxlite.o [1]
osObjectIsAllocated     0x0000e851    0x2e  Code  Lc  fsl_osa_ext_mqxlite.o [1]
osThreadLink_App_Task   0x1ffff6c8    0x18  Data  Gb  app_init.o [1]
osThreadLink_IP_Task    0x1ffff6f8    0x18  Data  Gb  ip.o [12]
osThreadLink_SLWP_Task  0x1ffff710    0x18  Data  Gb  sixlowpan_interface.o [12]
osThreadLink_Session_Task
                        0x1ffff758    0x18  Data  Gb  session.o [12]
osThreadLink_Thread_Task
                        0x1ffff728    0x18  Data  Gb  thread_manager.o [12]
osThread_App_Task_stack
                        0x20001880   0x4b0  Data  Gb  app_init.o [1]
osThread_IP_Task_stack  0x20002940   0x400  Data  Gb  ip.o [12]
osThread_SLWP_Task_stack
                        0x20003094   0x300  Data  Gb  sixlowpan_interface.o [12]
osThread_Session_Task_stack
                        0x200005d4   0x7d0  Data  Gb  session.o [12]
osThread_Thread_Task_stack
                        0x1fffdc40   0x800  Data  Gb  thread_manager.o [12]
os_thread_def_App_Task  0x200004e8    0x20  Data  Gb  app_init.o [1]
os_thread_def_IP_Task   0x20000384    0x20  Data  Gb  ip.o [12]
os_thread_def_SLWP_Task
                        0x200003b8    0x20  Data  Gb  sixlowpan_interface.o [12]
os_thread_def_Session_Task
                        0x20000420    0x20  Data  Gb  session.o [12]
os_thread_def_Thread_Task
                        0x2000024c    0x20  Data  Gb  thread_manager.o [12]
overwrites_direct       0x0002a770     0x4  Data  Gb  PhyPacketProcessor.o [1]
overwrites_indirect     0x000292c8    0x34  Data  Gb  PhyPacketProcessor.o [1]
pNVM_DataTable          0x2000059c     0x4  Data  Gb  nv_data.o [1]
pNextEvent              0x1ffff968     0x4  Data  Lc  PhyTime.o [1]
pPrompt                 0x1ffff978     0x4  Data  Lc  shell.o [1]
pSrcIpAddr              0x1ffff98c     0x4  Data  Gb  shell_commands.o [1]
pStackCfg               0x2000057c     0x8  Data  Gb  thread_manager_config.o [1]
panic                   0x00004b31    0x48  Code  Gb  Panic.o [1]
panic_data              0x1ffff6ac    0x1c  Data  Gb  Panic.o [1]
pfOldIsr                0x1ffff960     0x4  Data  Lc  PhyISR.o [1]
phyLocal                0x1ffff2f4    0x50  Data  Gb  PhyStateMachine.o [1]
pingCounter             0x1ffff9e8     0x2  Data  Lc  shell_commands.o [1]
pingSize                0x1ffff9e6     0x2  Data  Lc  shell_commands.o [1]
pingTimeStamp           0x1ffff8f8     0x8  Data  Gb  shell_commands.o [1]
pingTimerID             0x200005cf     0x1  Data  Gb  shell_commands.o [1]
pll_frac                0x00029a38    0x20  Data  Lc  PhyPlmeData.o [1]
pll_int                 0x0002a1e8    0x10  Data  Lc  PhyPlmeData.o [1]
pmAppSockThreadMsgQueue
                        0x1ffff998     0x4  Data  Lc  socket_app_utils.o [1]
pmMainThreadMsgQueue    0x1ffff988     0x4  Data  Lc  shell_commands.o [1]
pmTaskMsgQueue          0x20000400     0x4  Data  Lc  dhcp6_client.o [12]
pmTaskMsgQueue          0x1ffff9cc     0x4  Data  Lc  icmp.o [12]
pmTaskMsgQueue          0x20000588     0x4  Data  Lc  dhcp6_server.o [12]
pmThreadRoutingTaskMsgQueue
                        0x1ffff9d0     0x4  Data  Lc  thread_routing.o [12]
poolInfo                0x20000508    0x20  Data  Gb  MemManager.o [1]
portGateTable           0x0002a6ec     0x8  Data  Lc  fsl_clock_MKW24D5.o [8]
pows                    0x000224c0    0x48  Data  Lc  xdtento.o [9]
pressedKey              0x1ffff9f3     0x1  Data  Lc  Keyboard.o [1]
previousTimeInTicks     0x1ffff9ea     0x2  Data  Lc  TimersManager.o [1]
print_argv              0x00024b85    0xd2  Code  Lc  shell_autocomplete.o [1]
protocolLut             0x0001190c    0x18  Data  Lc  ip.o [12]
pton                    0x0000956f   0x188  Code  Gb  network_utils.o [12]
recvfrom                0x0000e9f5    0x20  Code  Gb  sockets.o [12]
s_baudratePrescaler     0x0002a398    0x10  Data  Lc  fsl_dspi_hal.o [8]
s_baudrateScaler        0x00028eb8    0x40  Data  Lc  fsl_dspi_hal.o [8]
select                  0x0000ec2d    0xe6  Code  Gb  sockets.o [12]
send                    0x0000e98b    0x24  Code  Gb  sockets.o [12]
sendto                  0x0000e9af    0x22  Code  Gb  sockets.o [12]
setsockopt              0x0000eab7    0xd4  Code  Gb  sockets.o [12]
shellCommandsEnabled    0x1ffffa07     0x1  Data  Lc  shell_commands.o [1]
shell_ProcessChr        0x00021411   0x568  Code  Lc  shell.o [1]
shell_ProcessChr::esc_len
                        0x1ffffa05     0x1  Data  Lc  shell.o [1]
shell_erase_to_eol      0x00021979    0x84  Code  Lc  shell.o [1]
shell_find_command      0x000211ad    0x4e  Code  Gb  shell.o [1]
shell_get_opt           0x0002110b    0xa2  Code  Gb  shell.o [1]
shell_init              0x00020ee9    0xac  Code  Gb  shell.o [1]
shell_main              0x00021265   0x1a0  Code  Lc  shell.o [1]
shell_printf            0x00021021    0x48  Code  Gb  shell.o [1]
shell_putc              0x00020ffd    0x12  Code  Gb  shell.o [1]
shell_refresh           0x00020f95    0x2e  Code  Gb  shell.o [1]
shell_register_function
                        0x00021069    0x86  Code  Gb  shell.o [1]
shell_register_function_array
                        0x000210ef    0x1c  Code  Gb  shell.o [1]
shell_write             0x00020fe7    0x16  Code  Gb  shell.o [1]
shell_writeDec          0x0002100f    0x12  Code  Gb  shell.o [1]
shell_writeN            0x00020fc3    0x24  Code  Gb  shell.o [1]
shutdown                0x0000e96d     0x2  Code  Gb  sockets.o [12]
sixlowpanInstancesNb    0x0002a774     0x4  Data  Gb  sixlowpan_globals.o [1]
slwpContextTableSize    0x0002a778     0x4  Data  Gb  sixlowpan_globals.o [1]
sockDgramCallback       0x0000f1b0    0x20  Data  Gb  sockets.o [12]
socket                  0x0000e935    0x38  Code  Gb  sockets.o [12]
socketsSize             0x0002a77c     0x4  Data  Gb  sockets_globals.o [1]
spiGateTable            0x000061e2     0x2  Data  Lc  fsl_clock_MKW24D5.o [8]
spi_master_configure_speed
                        0x00023e25    0x16  Code  Gb  SPI.o [1]
spi_master_init         0x00023d93    0x92  Code  Gb  SPI.o [1]
spi_master_transfer     0x00023e3b    0x74  Code  Gb  SPI.o [1]
sprintf                 0x0000e901    0x34  Code  Gb  sprintf.o [4]
ssTx                    0x1ffff670    0x20  Data  Gb  socket_app_utils.o [1]
sscanf                  0x0000e8dd    0x24  Code  Gb  sscanf.o [4]
startup_task            0x0000e5b9    0x8a  Code  Gb  fsl_osa_ext_mqxlite.o [1]
startup_task::osMainTaskDef
                        0x1ffff630    0x20  Data  Lc  fsl_osa_ext_mqxlite.o [1]
startup_task::osMainTaskLink
                        0x1ffff6e0    0x18  Data  Lc  fsl_osa_ext_mqxlite.o [1]
strchr                  0x0001ab99          Code  Gb  strchr.o [10]
strlen                  0x0000e8a5          Code  Gb  strlen.o [10]
strncmp                 0x00027205    0x2c  Code  Gb  strncmp.o [4]
sw_AES128_CCM           0x0001c1c1   0x19e  Code  Gb  SW_AES128.o [5]
switchPins              0x20000330    0x3c  Data  Gb  gpio_pins.o [1]
systimer                0x1ffff410    0x40  Data  Gb  init_bsp.o [1]
thrLinkMargintoLinkQTbl
                        0x0000c880    0x10  Data  Gb  thread_routing.o [12]
threadInstance          0x200001d8    0x58  Data  Gb  thread_manager.o [12]
threadList              0x1ffff7fc     0xc  Data  Gb  fsl_osa_ext_mqxlite.o [1]
timerHardwareIsRunning  0x1ffffa0a     0x1  Data  Lc  TimersManager.o [1]
timerIDSelect           0x200005d1     0x1  Data  Lc  shell_commands.o [1]
toolchain_startup       0x00028bf1     0x8  Code  Gb  comp.o [7]
transportServiceListSize
                        0x0002a758     0x4  Data  Gb  ip_globals.o [1]
uartGateTable           0x0002a7a8     0x4  Data  Lc  fsl_clock_MKW24D5.o [8]
udpConnectionsSize      0x0002a7a0     0x4  Data  Gb  udp_globals.o [1]
udpTranspSrvStr         0x0001479c     0x8  Data  Lc  udp.o [12]
vsnprintf               0x000249f1    0x3c  Code  Gb  vsnprint.o [4]
wait_timeout_msec_to_tick
                        0x000040d7    0x2c  Code  Lc  fsl_os_abstraction_mqx.o [8]


[1] = C:\FSL_Thread_Stack_0.6.0\Thread\app\thread\thread_end_device\iar\twrkw24d512\mqxlite_debug\Obj
[2] = command line
[3] = Freescale_802.15.4_MAC_06_M4_IAR.a
[4] = dl7M_tln.a
[5] = lib_crypto_IAR_M4.a
[6] = lib_mmcau.a
[7] = lib_mqx.a
[8] = libksdk_platform_mqx.a
[9] = m7M_tl.a
[10] = rt7M_tl.a
[11] = shb_l.a
[12] = thread_m4.a

  162 487 bytes of readonly  code memory
   12 474 bytes of readonly  data memory
   48 609 bytes of readwrite data memory

Errors: none
Warnings: none
