###############################################################################
#
# IAR ELF Linker V7.40.2.8542/W32 for ARM                 21/Apr/2015  05:47:18
# Copyright 2007-2015 IAR Systems AB.
#
#    Output file  =  
#        C:\Users\smachin\projects\personal\FSL_Thread_Stack_0.6.0\Thread\app\thread\thread_router\iar\usbkw24d512\mqxlite_debug\Exe\thread_router_twrkw24d512_mqxlite_debug.out.tmp
#    Map file     =  
#        C:\Users\smachin\projects\personal\FSL_Thread_Stack_0.6.0\Thread\app\thread\thread_router\iar\usbkw24d512\mqxlite_debug\List\thread_router_twrkw24d512_mqxlite_debug.map
#    Command line =  
#        C:\Users\smachin\projects\personal\FSL_Thread_Stack_0.6.0\Thread\app\thread\thread_router\iar\usbkw24d512\mqxlite_debug\Obj\app_init.o
#        C:\Users\smachin\projects\personal\FSL_Thread_Stack_0.6.0\Thread\app\thread\thread_router\iar\usbkw24d512\mqxlite_debug\Obj\app_temp_sensor.o
#        C:\Users\smachin\projects\personal\FSL_Thread_Stack_0.6.0\Thread\app\thread\thread_router\iar\usbkw24d512\mqxlite_debug\Obj\ASP.o
#        C:\Users\smachin\projects\personal\FSL_Thread_Stack_0.6.0\Thread\app\thread\thread_router\iar\usbkw24d512\mqxlite_debug\Obj\coap_globals.o
#        C:\Users\smachin\projects\personal\FSL_Thread_Stack_0.6.0\Thread\app\thread\thread_router\iar\usbkw24d512\mqxlite_debug\Obj\CopyToRam.o
#        C:\Users\smachin\projects\personal\FSL_Thread_Stack_0.6.0\Thread\app\thread\thread_router\iar\usbkw24d512\mqxlite_debug\Obj\debug_log.o
#        C:\Users\smachin\projects\personal\FSL_Thread_Stack_0.6.0\Thread\app\thread\thread_router\iar\usbkw24d512\mqxlite_debug\Obj\dhcp_globals.o
#        C:\Users\smachin\projects\personal\FSL_Thread_Stack_0.6.0\Thread\app\thread\thread_router\iar\usbkw24d512\mqxlite_debug\Obj\Eeprom_AT45DB161E.o
#        C:\Users\smachin\projects\personal\FSL_Thread_Stack_0.6.0\Thread\app\thread\thread_router\iar\usbkw24d512\mqxlite_debug\Obj\Eeprom_InternalFlash.o
#        C:\Users\smachin\projects\personal\FSL_Thread_Stack_0.6.0\Thread\app\thread\thread_router\iar\usbkw24d512\mqxlite_debug\Obj\event_manager_globals.o
#        C:\Users\smachin\projects\personal\FSL_Thread_Stack_0.6.0\Thread\app\thread\thread_router\iar\usbkw24d512\mqxlite_debug\Obj\Flash_Adapter.o
#        C:\Users\smachin\projects\personal\FSL_Thread_Stack_0.6.0\Thread\app\thread\thread_router\iar\usbkw24d512\mqxlite_debug\Obj\FlashCommandSequence.o
#        C:\Users\smachin\projects\personal\FSL_Thread_Stack_0.6.0\Thread\app\thread\thread_router\iar\usbkw24d512\mqxlite_debug\Obj\FlashEraseSector.o
#        C:\Users\smachin\projects\personal\FSL_Thread_Stack_0.6.0\Thread\app\thread\thread_router\iar\usbkw24d512\mqxlite_debug\Obj\FlashInit.o
#        C:\Users\smachin\projects\personal\FSL_Thread_Stack_0.6.0\Thread\app\thread\thread_router\iar\usbkw24d512\mqxlite_debug\Obj\FlashProgram.o
#        C:\Users\smachin\projects\personal\FSL_Thread_Stack_0.6.0\Thread\app\thread\thread_router\iar\usbkw24d512\mqxlite_debug\Obj\FlashVerifySection.o
#        C:\Users\smachin\projects\personal\FSL_Thread_Stack_0.6.0\Thread\ieee_802_15_4\Lib\Freescale_802.15.4_MAC_06_M4_IAR.a
#        C:\Users\smachin\projects\personal\FSL_Thread_Stack_0.6.0\Thread\app\thread\thread_router\iar\usbkw24d512\mqxlite_debug\Obj\fsci_commands.o
#        C:\Users\smachin\projects\personal\FSL_Thread_Stack_0.6.0\Thread\app\thread\thread_router\iar\usbkw24d512\mqxlite_debug\Obj\FsciCommands.o
#        C:\Users\smachin\projects\personal\FSL_Thread_Stack_0.6.0\Thread\app\thread\thread_router\iar\usbkw24d512\mqxlite_debug\Obj\FsciCommunication.o
#        C:\Users\smachin\projects\personal\FSL_Thread_Stack_0.6.0\Thread\app\thread\thread_router\iar\usbkw24d512\mqxlite_debug\Obj\FsciLogging.o
#        C:\Users\smachin\projects\personal\FSL_Thread_Stack_0.6.0\Thread\app\thread\thread_router\iar\usbkw24d512\mqxlite_debug\Obj\FsciMacCommands.o
#        C:\Users\smachin\projects\personal\FSL_Thread_Stack_0.6.0\Thread\app\thread\thread_router\iar\usbkw24d512\mqxlite_debug\Obj\FsciMain.o
#        C:\Users\smachin\projects\personal\FSL_Thread_Stack_0.6.0\Thread\app\thread\thread_router\iar\usbkw24d512\mqxlite_debug\Obj\fsl_osa_ext_mqxlite.o
#        C:\Users\smachin\projects\personal\FSL_Thread_Stack_0.6.0\Thread\app\thread\thread_router\iar\usbkw24d512\mqxlite_debug\Obj\FunctionLib.o
#        C:\Users\smachin\projects\personal\FSL_Thread_Stack_0.6.0\Thread\app\thread\thread_router\iar\usbkw24d512\mqxlite_debug\Obj\GenericList.o
#        C:\Users\smachin\projects\personal\FSL_Thread_Stack_0.6.0\Thread\app\thread\thread_router\iar\usbkw24d512\mqxlite_debug\Obj\gpio_pins.o
#        C:\Users\smachin\projects\personal\FSL_Thread_Stack_0.6.0\Thread\app\thread\thread_router\iar\usbkw24d512\mqxlite_debug\Obj\hardware_init.o
#        C:\Users\smachin\projects\personal\FSL_Thread_Stack_0.6.0\Thread\app\thread\thread_router\iar\usbkw24d512\mqxlite_debug\Obj\init_bsp.o
#        C:\Users\smachin\projects\personal\FSL_Thread_Stack_0.6.0\Thread\app\thread\thread_router\iar\usbkw24d512\mqxlite_debug\Obj\ip_globals.o
#        C:\Users\smachin\projects\personal\FSL_Thread_Stack_0.6.0\Thread\app\thread\thread_router\iar\usbkw24d512\mqxlite_debug\Obj\ip_if_6LowPan.o
#        C:\Users\smachin\projects\personal\FSL_Thread_Stack_0.6.0\Thread\app\thread\thread_router\iar\usbkw24d512\mqxlite_debug\Obj\Keyboard.o
#        C:\Users\smachin\projects\personal\FSL_Thread_Stack_0.6.0\Thread\app\thread\thread_router\iar\usbkw24d512\mqxlite_debug\Obj\LED.o
#        C:\Users\smachin\projects\personal\FSL_Thread_Stack_0.6.0\Thread\framework\Utils\SecLib\lib_crypto_IAR_M4.a
#        C:\Users\smachin\projects\personal\FSL_Thread_Stack_0.6.0\Thread\framework\Utils\SecLib\lib_mmcau.a
#        C:\Users\smachin\projects\personal\FSL_Thread_Stack_0.6.0\Thread\app\thread\thread_router\iar\usbkw24d512\mqxlite_debug\Obj\mac_abs_802154.o
#        C:\Users\smachin\projects\personal\FSL_Thread_Stack_0.6.0\Thread\app\thread\thread_router\iar\usbkw24d512\mqxlite_debug\Obj\mac_filtering.o
#        C:\Users\smachin\projects\personal\FSL_Thread_Stack_0.6.0\Thread\app\thread\thread_router\iar\usbkw24d512\mqxlite_debug\Obj\MacGlobals.o
#        C:\Users\smachin\projects\personal\FSL_Thread_Stack_0.6.0\Thread\app\thread\thread_router\iar\usbkw24d512\mqxlite_debug\Obj\MCR20Drv.o
#        C:\Users\smachin\projects\personal\FSL_Thread_Stack_0.6.0\Thread\app\thread\thread_router\iar\usbkw24d512\mqxlite_debug\Obj\MemManager.o
#        C:\Users\smachin\projects\personal\FSL_Thread_Stack_0.6.0\Thread\app\thread\thread_router\iar\usbkw24d512\mqxlite_debug\Obj\Messaging.o
#        C:\Users\smachin\projects\personal\FSL_Thread_Stack_0.6.0\Thread\app\thread\thread_router\iar\usbkw24d512\mqxlite_debug\Obj\mle_globals.o
#        C:\Users\smachin\projects\personal\FSL_Thread_Stack_0.6.0\Thread\app\thread\thread_router\iar\usbkw24d512\mqxlite_debug\Obj\mpl_globals.o
#        C:\Users\smachin\projects\personal\FSL_Thread_Stack_0.6.0\Thread\app\thread\thread_router\iar\usbkw24d512\mqxlite_debug\Obj\MPM.o
#        C:\Users\smachin\projects\personal\FSL_Thread_Stack_0.6.0\Thread\app\thread\thread_router\iar\usbkw24d512\mqxlite_debug\Obj\mqx_main.o
#        C:\Users\smachin\projects\personal\FSL_Thread_Stack_0.6.0\Thread\app\thread\thread_router\iar\usbkw24d512\mqxlite_debug\Obj\nd_globals.o
#        C:\Users\smachin\projects\personal\FSL_Thread_Stack_0.6.0\Thread\app\thread\thread_router\iar\usbkw24d512\mqxlite_debug\Obj\nv_data.o
#        C:\Users\smachin\projects\personal\FSL_Thread_Stack_0.6.0\Thread\app\thread\thread_router\iar\usbkw24d512\mqxlite_debug\Obj\NV_Flash.o
#        C:\Users\smachin\projects\personal\FSL_Thread_Stack_0.6.0\Thread\app\thread\thread_router\iar\usbkw24d512\mqxlite_debug\Obj\NV_FsciCommands.o
#        C:\Users\smachin\projects\personal\FSL_Thread_Stack_0.6.0\Thread\app\thread\thread_router\iar\usbkw24d512\mqxlite_debug\Obj\nvm_adapter.o
#        C:\Users\smachin\projects\personal\FSL_Thread_Stack_0.6.0\Thread\app\thread\thread_router\iar\usbkw24d512\mqxlite_debug\Obj\OtaSupport.o
#        C:\Users\smachin\projects\personal\FSL_Thread_Stack_0.6.0\Thread\app\thread\thread_router\iar\usbkw24d512\mqxlite_debug\Obj\Panic.o
#        C:\Users\smachin\projects\personal\FSL_Thread_Stack_0.6.0\Thread\app\thread\thread_router\iar\usbkw24d512\mqxlite_debug\Obj\PhyDebug.o
#        C:\Users\smachin\projects\personal\FSL_Thread_Stack_0.6.0\Thread\app\thread\thread_router\iar\usbkw24d512\mqxlite_debug\Obj\PhyISR.o
#        C:\Users\smachin\projects\personal\FSL_Thread_Stack_0.6.0\Thread\app\thread\thread_router\iar\usbkw24d512\mqxlite_debug\Obj\PhyPacketProcessor.o
#        C:\Users\smachin\projects\personal\FSL_Thread_Stack_0.6.0\Thread\app\thread\thread_router\iar\usbkw24d512\mqxlite_debug\Obj\PhyPlmeData.o
#        C:\Users\smachin\projects\personal\FSL_Thread_Stack_0.6.0\Thread\app\thread\thread_router\iar\usbkw24d512\mqxlite_debug\Obj\PhyStateMachine.o
#        C:\Users\smachin\projects\personal\FSL_Thread_Stack_0.6.0\Thread\app\thread\thread_router\iar\usbkw24d512\mqxlite_debug\Obj\PhyTime.o
#        C:\Users\smachin\projects\personal\FSL_Thread_Stack_0.6.0\Thread\app\thread\thread_router\iar\usbkw24d512\mqxlite_debug\Obj\pin_mux.o
#        C:\Users\smachin\projects\personal\FSL_Thread_Stack_0.6.0\Thread\app\thread\thread_router\iar\usbkw24d512\mqxlite_debug\Obj\PWR.o
#        C:\Users\smachin\projects\personal\FSL_Thread_Stack_0.6.0\Thread\app\thread\thread_router\iar\usbkw24d512\mqxlite_debug\Obj\PWRLib.o
#        C:\Users\smachin\projects\personal\FSL_Thread_Stack_0.6.0\Thread\app\thread\thread_router\iar\usbkw24d512\mqxlite_debug\Obj\Reset.o
#        C:\Users\smachin\projects\personal\FSL_Thread_Stack_0.6.0\Thread\app\thread\thread_router\iar\usbkw24d512\mqxlite_debug\Obj\ripng_globals.o
#        C:\Users\smachin\projects\personal\FSL_Thread_Stack_0.6.0\Thread\app\thread\thread_router\iar\usbkw24d512\mqxlite_debug\Obj\RNG.o
#        C:\Users\smachin\projects\personal\FSL_Thread_Stack_0.6.0\Thread\app\thread\thread_router\iar\usbkw24d512\mqxlite_debug\Obj\router_app.o
#        C:\Users\smachin\projects\personal\FSL_Thread_Stack_0.6.0\Thread\app\thread\thread_router\iar\usbkw24d512\mqxlite_debug\Obj\SecLib.o
#        C:\Users\smachin\projects\personal\FSL_Thread_Stack_0.6.0\Thread\app\thread\thread_router\iar\usbkw24d512\mqxlite_debug\Obj\SerialManager.o
#        C:\Users\smachin\projects\personal\FSL_Thread_Stack_0.6.0\Thread\app\thread\thread_router\iar\usbkw24d512\mqxlite_debug\Obj\shell.o
#        C:\Users\smachin\projects\personal\FSL_Thread_Stack_0.6.0\Thread\app\thread\thread_router\iar\usbkw24d512\mqxlite_debug\Obj\shell_autocomplete.o
#        C:\Users\smachin\projects\personal\FSL_Thread_Stack_0.6.0\Thread\app\thread\thread_router\iar\usbkw24d512\mqxlite_debug\Obj\shell_cmdhelp.o
#        C:\Users\smachin\projects\personal\FSL_Thread_Stack_0.6.0\Thread\app\thread\thread_router\iar\usbkw24d512\mqxlite_debug\Obj\shell_cmdhist.o
#        C:\Users\smachin\projects\personal\FSL_Thread_Stack_0.6.0\Thread\app\thread\thread_router\iar\usbkw24d512\mqxlite_debug\Obj\shell_commands.o
#        C:\Users\smachin\projects\personal\FSL_Thread_Stack_0.6.0\Thread\app\thread\thread_router\iar\usbkw24d512\mqxlite_debug\Obj\sixlowpan_globals.o
#        C:\Users\smachin\projects\personal\FSL_Thread_Stack_0.6.0\Thread\app\thread\thread_router\iar\usbkw24d512\mqxlite_debug\Obj\socket_app_utils.o
#        C:\Users\smachin\projects\personal\FSL_Thread_Stack_0.6.0\Thread\app\thread\thread_router\iar\usbkw24d512\mqxlite_debug\Obj\sockets_globals.o
#        C:\Users\smachin\projects\personal\FSL_Thread_Stack_0.6.0\Thread\app\thread\thread_router\iar\usbkw24d512\mqxlite_debug\Obj\SPI.o
#        C:\Users\smachin\projects\personal\FSL_Thread_Stack_0.6.0\Thread\app\thread\thread_router\iar\usbkw24d512\mqxlite_debug\Obj\SPI_Adapter.o
#        C:\Users\smachin\projects\personal\FSL_Thread_Stack_0.6.0\Thread\app\thread\thread_router\iar\usbkw24d512\mqxlite_debug\Obj\stack_start.o
#        C:\Users\smachin\projects\personal\FSL_Thread_Stack_0.6.0\Thread\app\thread\thread_router\iar\usbkw24d512\mqxlite_debug\Obj\tcp_globals.o
#        C:\Users\smachin\projects\personal\FSL_Thread_Stack_0.6.0\Thread\nwk_ip\core\lib\thread\thread_m4.a
#        C:\Users\smachin\projects\personal\FSL_Thread_Stack_0.6.0\Thread\app\thread\thread_router\iar\usbkw24d512\mqxlite_debug\Obj\thread_manager_config.o
#        C:\Users\smachin\projects\personal\FSL_Thread_Stack_0.6.0\Thread\app\thread\thread_router\iar\usbkw24d512\mqxlite_debug\Obj\thread_nwk_data_globals.o
#        C:\Users\smachin\projects\personal\FSL_Thread_Stack_0.6.0\Thread\app\thread\thread_router\iar\usbkw24d512\mqxlite_debug\Obj\thread_routing_globals.o
#        C:\Users\smachin\projects\personal\FSL_Thread_Stack_0.6.0\Thread\app\thread\thread_router\iar\usbkw24d512\mqxlite_debug\Obj\TimersManager.o
#        C:\Users\smachin\projects\personal\FSL_Thread_Stack_0.6.0\Thread\app\thread\thread_router\iar\usbkw24d512\mqxlite_debug\Obj\TMR_Adapter.o
#        C:\Users\smachin\projects\personal\FSL_Thread_Stack_0.6.0\Thread\app\thread\thread_router\iar\usbkw24d512\mqxlite_debug\Obj\trickle_globals.o
#        C:\Users\smachin\projects\personal\FSL_Thread_Stack_0.6.0\Thread\app\thread\thread_router\iar\usbkw24d512\mqxlite_debug\Obj\UART_Adapter.o
#        C:\Users\smachin\projects\personal\FSL_Thread_Stack_0.6.0\Thread\app\thread\thread_router\iar\usbkw24d512\mqxlite_debug\Obj\udp_globals.o
#        C:\Users\smachin\projects\personal\FSL_Thread_Stack_0.6.0\Thread\app\thread\thread_router\iar\usbkw24d512\mqxlite_debug\Obj\usb_descriptor.o
#        C:\Users\smachin\projects\personal\FSL_Thread_Stack_0.6.0\Thread\app\thread\thread_router\iar\usbkw24d512\mqxlite_debug\Obj\virtual_com.o
#        -o
#        C:\Users\smachin\projects\personal\FSL_Thread_Stack_0.6.0\Thread\app\thread\thread_router\iar\usbkw24d512\mqxlite_debug\Exe\thread_router_twrkw24d512_mqxlite_debug.out.tmp
#        --config_def gUseNVMLink_d=1 --config_def __heap_size__=5000 --map
#        C:\Users\smachin\projects\personal\FSL_Thread_Stack_0.6.0\Thread\app\thread\thread_router\iar\usbkw24d512\mqxlite_debug\List\thread_router_twrkw24d512_mqxlite_debug.map
#        --config
#        C:\Users\smachin\projects\personal\FSL_Thread_Stack_0.6.0\Thread\app\thread\thread_router\iar\usbkw24d512\..\..\..\..\..\..\KSDK\platform\linker\MKW24D5\iar\MKW24DN512Axxx5_connectivity.icf
#        --semihosting
#        C:\Users\smachin\projects\personal\FSL_Thread_Stack_0.6.0\Thread\app\thread\thread_router\iar\usbkw24d512\..\..\..\..\..\..\KSDK\rtos\mqx\lib\usbkw24d512.iar\debug\mqx\lib_mqx.a
#        C:\Users\smachin\projects\personal\FSL_Thread_Stack_0.6.0\Thread\app\thread\thread_router\iar\usbkw24d512\..\..\..\..\..\..\KSDK\lib\ksdk_mqx_lib\iar\KW24D5\debug\libksdk_platform_mqx.a
#        C:\Users\smachin\projects\personal\FSL_Thread_Stack_0.6.0\Thread\app\thread\thread_router\iar\usbkw24d512\..\..\..\..\..\..\KSDK\usb\usb_core\device\build\iar\usbd_sdk_twrkw24d512_mqx\debug\libusbd_mqx.a
#        --entry Reset_Handler --vfe
#
###############################################################################

*******************************************************************************
*** RUNTIME MODEL ATTRIBUTES
***

CppFlavor                   = *
__SystemLibrary             = DLib
__dlib_jmp_buf_num_elements = 8


*******************************************************************************
*** PLACEMENT SUMMARY
***

"A1":  place at 0x00000000 { ro section .intvec };
"P1":  place in [from 0x00000000 to 0x000003ff] |
                [from 0x00000410 to 0x0006f7ff] { ro };
"P2":  place in [from 0x1fff8000 to 0x1fffffff] |
                [from 0x20000000 to 0x20007dff] { rw, block HEAP, block CSTACK };
"P4":  place in [from 0x00000400 to 0x0000040f] { section FlashConfig };

  Section               Kind        Address     Size  Object
  -------               ----        -------     ----  ------
"A1":                                          0x400
  .intvec               ro code  0x00000000    0x400  startup_MKW24D5.o [7]
                               - 0x00000400    0x400

"P4":                                           0x10
  FlashConfig           ro code  0x00000400     0x10  startup_MKW24D5.o [7]
                               - 0x00000410     0x10

"P1":                                        0x2d0f6
  .text                 ro code  0x00000410   0x2ea4  NV_Flash.o [1]
  .text                 ro code  0x000032b4    0x18e  Flash_Adapter.o [1]
  .text                 ro code  0x00003442     0x9e  FlashVerifySection.o [1]
  .text                 ro code  0x000034e0    0x122  FunctionLib.o [1]
  .text                 ro code  0x00003602     0x3a  FlashCommandSequence.o [1]
  .text                 ro code  0x0000363c    0x830  TimersManager.o [1]
  .text                 ro code  0x00003e6c    0x124  MemManager.o [1]
  .text                 ro code  0x00003f90    0x4d4  fsl_os_abstraction_mqx.o [8]
  .text                 ro code  0x00004464     0x76  ABImemcpy_unaligned.o [11]
  .text                 ro code  0x000044da     0x22  zero_init3.o [11]
  .text                 ro code  0x000044fc     0x3c  RNG.o [1]
  .text                 ro code  0x00004538      0xe  FlashInit.o [1]
  .text                 ro code  0x00004546     0x34  CopyToRam.o [1]
  .text                 ro code  0x0000457a     0xbe  FlashProgram.o [1]
  .text                 ro code  0x00004638     0x9c  FlashEraseSector.o [1]
  .text                 ro code  0x000046d4     0x24  ABIassert.o [12]
  .text                 ro code  0x000046f8    0x378  fsl_clock_MKW24D5.o [8]
  .text                 ro code  0x00004a70     0xee  I64DivMod.o [11]
  .text                 ro code  0x00004b5e     0x1e  xsscin.o [4]
  .text                 ro code  0x00004b7c    0x384  TMR_Adapter.o [1]
  .text                 ro code  0x00004f00     0x48  Panic.o [1]
  .text                 ro code  0x00004f48     0xc0  fsl_pit_driver.o [8]
  .text                 ro code  0x00005008    0x1c4  GenericList.o [1]
  .text                 ro code  0x000051cc      0x6  ABImemclr4.o [11]
  .text                 ro code  0x000051d2     0x1a  xsnprout.o [4]
  .text                 ro code  0x000051ec    0x818  task.o [7]
  .text                 ro code  0x00005a04    0x218  time.o [7]
  .text                 ro code  0x00005c1c    0x320  lwsem.o [7]
  .text                 ro code  0x00005f3c    0x144  int.o [7]
  .text                 ro code  0x00006080    0x2dc  lwevent.o [7]
  .text                 ro code  0x0000635c    0x370  lwmsgq.o [7]
  .text                 ro code  0x000066cc    0x50c  mem.o [7]
  .text                 ro code  0x00006bd8    0x2b0  mqx.o [7]
  .text                 ro code  0x00006e88      0x6  abort.o [4]
  .text                 ro code  0x00006e8e      0xa  xsprout.o [4]
  .text                 ro code  0x00006e98    0x2fc  fsl_mcg_hal.o [8]
  .text                 ro code  0x00007194     0x1c  fsl_osc_hal.o [8]
  .text                 ro code  0x000071b0      0x2  I64DivZer.o [11]
  .rodata               const    0x000071b2      0x2  fsl_clock_MKW24D5.o [8]
  .text                 ro code  0x000071b4     0x66  fsl_ftm_hal.o [8]
  .text                 ro code  0x0000721a      0x2  startup_MKW24D5.o [7]
  .text                 ro code  0x0000721c     0x32  ABImemset48.o [11]
  .text                 ro code  0x0000724e      0x2  stack_de.o [7]
  .text                 ro code  0x00007250    0x1b8  dispatch.o [7]
  .text                 ro code  0x00007408     0xb8  sched.o [7]
  .text                 ro code  0x000074c0     0x88  stack_bu.o [7]
  .text                 ro code  0x00007548     0x66  ABImemset.o [11]
  .text                 ro code  0x000075ae     0xc2  queue.o [7]
  .text                 ro code  0x00007670     0x54  psp_tiad.o [7]
  .text                 ro code  0x000076c4     0x38  psp_tinm.o [7]
  .text                 ro code  0x000076fc     0xcc  sc_irdyq.o [7]
  .text                 ro code  0x000077c8     0xd8  init_bsp.o [1]
  .text                 ro code  0x000078a0     0x14  exit.o [12]
  .text                 ro code  0x000078b4     0x62  hardware_init.o [1]
  .text                 ro code  0x00007916      0x2  startup_MKW24D5.o [7]
  .text                 ro code  0x00007918    0x192  pin_mux.o [1]
  .text                 ro code  0x00007aaa     0x1c  psp_iinit.o [7]
  .text                 ro code  0x00007ac6      0x2  startup_MKW24D5.o [7]
  .text                 ro code  0x00007ac8    0x228  fsl_hwtimer.o [8]
  .text                 ro code  0x00007cf0     0x14  int_inst.o [7]
  .rodata               const    0x00007d04     0x74  shell_commands.o [1]
  .text                 ro code  0x00007d78   0x16f0  thread_network_data.o [13]
  .text                 ro code  0x00009468    0xa78  network_utils.o [13]
  .text                 ro code  0x00009ee0    0x324  mle.o [13]
  .text                 ro code  0x0000a204     0xac  event_manager.o [13]
  .text                 ro code  0x0000a2b0     0xc4  thread_end_device.o [13]
  .text                 ro code  0x0000a374    0x98c  ip6.o [13]
  .text                 ro code  0x0000ad00    0x1c0  thread_utils.o [13]
  .text                 ro code  0x0000aec0   0x112c  dhcp6_client.o [13]
  .text                 ro code  0x0000bfec    0x2c0  sixlowpan_tbl.o [13]
  .text                 ro code  0x0000c2ac    0xa8c  thread_routing.o [13]
  .text                 ro code  0x0000cd38     0xb6  Messaging.o [1]
  .text                 ro code  0x0000cdee      0x2  startup_MKW24D5.o [7]
  .text                 ro code  0x0000cdf0    0x644  coap.o [13]
  .rodata               const    0x0000d434     0x6c  mac_abs_802154.o [1]
  .text                 ro code  0x0000d4a0    0xe64  dhcp6_server.o [13]
  .rodata               const    0x0000e304     0x6c  shell_cmdhelp.o [1]
  .text                 ro code  0x0000e370    0x6e8  ip_if_management.o [13]
  .text                 ro code  0x0000ea58    0x2ea  fsl_osa_ext_mqxlite.o [1]
  .text                 ro code  0x0000ed42      0x2  startup_MKW24D5.o [7]
  .text                 ro code  0x0000ed44     0x36  strlen.o [11]
  .text                 ro code  0x0000ed7a      0x2  startup_MKW24D5.o [7]
  .text                 ro code  0x0000ed7c     0x24  sscanf.o [4]
  .text                 ro code  0x0000eda0     0x34  sprintf.o [4]
  .text                 ro code  0x0000edd4    0x89c  sockets.o [13]
  .text                 ro code  0x0000f670     0xdc  session.o [13]
  .text                 ro code  0x0000f74c    0x41c  mle_security.o [13]
  .text                 ro code  0x0000fb68    0xbb8  thread_router.o [13]
  .text                 ro code  0x00010720    0xef0  thread_manager.o [13]
  .text                 ro code  0x00011610    0x330  icmp.o [13]
  .text                 ro code  0x00011940    0x484  ip.o [13]
  .text                 ro code  0x00011dc4      0x6  pmtu_discovery.o [13]
  .rodata               const    0x00011dca      0x1  fsl_osa_ext_mqxlite.o [1]
  .rodata               const    0x00011dcb      0x1  MacGlobals.o [1]
  .text                 ro code  0x00011dcc    0x304  trickle.o [13]
  .text                 ro code  0x000120d0     0xa0  nvm_adapter.o [1]
  .text                 ro code  0x00012170    0x278  dhcp6_lq_client.o [13]
  .text                 ro code  0x000123e8    0x678  sixlowpan.o [13]
  .text                 ro code  0x00012a60    0x112  sixlowpan_fwd_thread.o [13]
  .rodata               const    0x00012b72      0x1  MacGlobals.o [1]
  .rodata               const    0x00012b73      0x1  PhyPacketProcessor.o [1]
  .text                 ro code  0x00012b74     0x2c  Reset.o [1]
  .text                 ro code  0x00012ba0    0x1ca  dhcp6_lq_server.o [13]
  .rodata               const    0x00012d6a      0x1  shell_commands.o [1]
  .rodata               const    0x00012d6b      0x1  fsl_clock_MKW24D5.o [8]
  .text                 ro code  0x00012d6c     0xa4  app_init.o [1]
  .text                 ro code  0x00012e10    0xb60  xscanffull_nomb.o [4]
  .text                 ro code  0x00013970    0xdae  xprintffull_nomb.o [4]
  .rodata               const    0x0001471e      0x1  fsl_adc16_common.o [8]
  .text                 ro code  0x00014720    0x4ec  udp.o [13]
  .text                 ro code  0x00014c0c    0x378  SecLib.o [1]
  .text                 ro code  0x00014f84      0xa  mac_filtering.o [1]
  .text                 ro code  0x00014f90    0x800  thread_attach.o [13]
  .text                 ro code  0x00015790    0x1ae  sixlowpan_interface.o [13]
  .text                 ro code  0x00015940    0x424  MacMain.o [3]
  .text                 ro code  0x00015d64    0xaf6  mac_abs_802154.o [1]
  .text                 ro code  0x0001685c     0x94  thread_security.o [13]
  .text                 ro code  0x000168f0    0x5a4  mpl.o [13]
  .text                 ro code  0x00016e94     0xf2  icmp6.o [13]
  .text                 ro code  0x00016f86      0xa  nd.o [13]
  .text                 ro code  0x00016f90    0x86c  rfc4944_6lowpan.o [13]
  .text                 ro code  0x000177fc    0xf98  rfc6282_header_comp.o [13]
  .text                 ro code  0x00018794    0x3ac  LED.o [1]
  .text                 ro code  0x00018b40    0x80c  PhyStateMachine.o [1]
  .text                 ro code  0x0001934c     0x78  MacGlobals.o [1]
  .text                 ro code  0x000193c4    0x3e8  Keyboard.o [1]
  .text                 ro code  0x000197ac   0x15d4  shell_commands.o [1]
  .text                 ro code  0x0001ad80     0x16  strchr.o [11]
  .text                 ro code  0x0001ad98     0x58  memchr.o [11]
  .text                 ro code  0x0001adf0     0xa2  xstoll.o [4]
  .text                 ro code  0x0001ae94    0x1b4  xstoull.o [4]
  .text                 ro code  0x0001b048    0x14c  xstold.o [10]
  .text                 ro code  0x0001b194    0x110  xdscale.o [10]
  .text                 ro code  0x0001b2a4     0x90  DblToFlt.o [10]
  .text                 ro code  0x0001b334     0x42  xdnorm.o [10]
  .text                 ro code  0x0001b378     0x2e  DblCmpLe.o [10]
  .text                 ro code  0x0001b3a8     0x2e  DblCmpGe.o [10]
  .text                 ro code  0x0001b3d8     0x58  DblToI32.o [10]
  .text                 ro code  0x0001b430     0x30  I32ToDbl.o [10]
  .text                 ro code  0x0001b460    0x180  DblSub.o [10]
  .text                 ro code  0x0001b5e0    0x1a2  DblMul.o [10]
  .text                 ro code  0x0001b784    0x256  DblDiv.o [10]
  .text                 ro code  0x0001b9da      0xe  div.o [4]
  .text                 ro code  0x0001b9f0    0x9c0  mmcau_aes_functions.o [6]
  .text                 ro code  0x0001c3b0    0x1a8  SW_AES128.o [5]
  .text                 ro code  0x0001c560    0x310  mmcau_sha256_functions.o [6]
  .text                 ro code  0x0001c870    0x5f4  MacStateMachine.o [3]
  .text                 ro code  0x0001ce64    0x4d6  DataTx.o [3]
  .text                 ro code  0x0001d33c    0x510  PhyTime.o [1]
  .text                 ro code  0x0001d84c    0xa28  MacPib.o [3]
  .text                 ro code  0x0001e274      0x2  FsciMacCommands.o [1]
  .text                 ro code  0x0001e276     0xac  Reset.o [3]
  .text                 ro code  0x0001e324    0x32c  Association.o [3]
  .text                 ro code  0x0001e650    0x100  Disassociation.o [3]
  .text                 ro code  0x0001e750     0xc4  Orphan.o [3]
  .text                 ro code  0x0001e814    0x1a6  Start.o [3]
  .text                 ro code  0x0001e9bc    0x178  Poll.o [3]
  .text                 ro code  0x0001eb34    0xb10  MacFrames.o [3]
  .text                 ro code  0x0001f644    0x440  fsl_gpio_driver.o [8]
  .text                 ro code  0x0001fa84    0x514  PhyPacketProcessor.o [1]
  .text                 ro code  0x0001ff98      0x2  ASP.o [1]
  .text                 ro code  0x0001ff9c    0x5f8  PhyISR.o [1]
  .text                 ro code  0x00020594    0x4f8  MCR20Drv.o [1]
  .text                 ro code  0x00020a8c    0x632  PhyPlmeData.o [1]
  .text                 ro code  0x000210c0    0xb5c  shell.o [1]
  .text                 ro code  0x00021c1c    0x3b0  socket_app_utils.o [1]
  .text                 ro code  0x00021fcc      0x8  atoi.o [4]
  .text                 ro code  0x00021fd4     0x42  strcmp_unaligned.o [11]
  .text                 ro code  0x00022018     0xec  nwk_params.o [13]
  .text                 ro code  0x00022104      0xc  errno.o [4]
  .text                 ro code  0x00022110    0x120  xstopfx.o [4]
  .text                 ro code  0x00022230    0x1b4  xstoflt.o [4]
  .text                 ro code  0x000223e4     0xe8  DblAdd.o [10]
  .rodata               const    0x000224cc     0x5c  fsl_adc16_driver.o [8]
  .text                 ro code  0x00022528    0x200  xdtento.o [10]
  .text                 ro code  0x00022728    0x200  xstoxflt.o [4]
  .text                 ro code  0x00022928    0x64a  DataRx.o [3]
  .text                 ro code  0x00022f74    0x4d4  Scan.o [3]
  .text                 ro code  0x00023448     0xd2  RxEnable.o [3]
  .text                 ro code  0x0002351c    0x112  MacSequenceMngr.o [3]
  .text                 ro code  0x0002362e      0xc  MPM.o [1]
  .text                 ro code  0x0002363c    0x8c0  MacSec.o [3]
  .text                 ro code  0x00023efc     0x70  fsl_gpio_hal.o [8]
  .text                 ro code  0x00023f6c    0x178  SPI.o [1]
  .text                 ro code  0x000240e4    0x898  SerialManager.o [1]
  .text                 ro code  0x0002497c    0x188  shell_cmdhist.o [1]
  .text                 ro code  0x00024b04     0x3c  vsnprint.o [4]
  .text                 ro code  0x00024b40     0x44  strcpy_unaligned.o [11]
  .text                 ro code  0x00024b84    0x450  shell_autocomplete.o [1]
  .text                 ro code  0x00024fd4    0x1c4  app_temp_sensor.o [1]
  .text                 ro code  0x00025198    0x19c  xstoul.o [4]
  .text                 ro code  0x00025334      0x2  xtls.o [4]
  .text                 ro code  0x00025338     0x20  DblCmpEq.o [10]
  .text                 ro code  0x00025358     0x56  xdunscal.o [10]
  .text                 ro code  0x000253b0     0x22  I64Shl.o [11]
  .text                 ro code  0x000253d2     0x18  MacMem.o [3]
  .text                 ro code  0x000253ec     0x1e  U64Shr.o [11]
  .text                 ro code  0x0002540a     0x9a  SecurityLib.o [3]
  .text                 ro code  0x000254a4    0x370  fsl_dspi_hal.o [8]
  .text                 ro code  0x00025814    0x310  virtual_com.o [1]
  .text                 ro code  0x00025b24    0x6bc  fsl_adc16_driver.o [8]
  .text                 ro code  0x000261e0      0x8  abs.o [4]
  .text                 ro code  0x000261e8    0x5dc  usb_cdc.o [9]
  .text                 ro code  0x000267c4     0x9a  fsl_adc16_hal.o [8]
  .text                 ro code  0x00026860    0x6e6  usb_dev.o [9]
  .text                 ro code  0x00026f48    0x2ac  usb_cdc_pstn.o [9]
  .text                 ro code  0x000271f4     0xb6  usb_class.o [9]
  .text                 ro code  0x000272ac    0x5b4  usb_framework.o [9]
  .text                 ro code  0x00027860    0x1a0  adapter_sdk.o [9]
  .text                 ro code  0x00027a00    0x190  usb_dev_bsp.o [9]
  .text                 ro code  0x00027b90     0x30  fsl_sim_hal_MKW24D5.o [8]
  .text                 ro code  0x00027bc0   0x11f0  khci_dev.o [9]
  .text                 ro code  0x00028db0    0x5dc  router_app.o [1]
  .text                 ro code  0x0002938c     0x68  stack_start.o [1]
  .text                 ro code  0x000293f4     0x2a  strncmp.o [4]
  .rodata               const    0x00029420    0x2fc  shell.o [1]
  .text                 ro code  0x0002971c    0x278  shell_cmdhelp.o [1]
  .text                 ro code  0x00029994    0x254  fsl_hwtimer_systick.o [8]
  .text                 ro code  0x00029be8    0x244  system_MKW24D5.o [7]
  .text                 ro code  0x00029e2c    0x228  ip_if_6LowPan.o [1]
  .text                 ro code  0x0002a054    0x1c2  lz77_init.o [11]
  .text                 ro code  0x0002a216    0x1a2  mle_basic.o [13]
  .text                 ro code  0x0002a3b8    0x154  usb_descriptor.o [1]
  .rodata               const    0x0002a50c    0x150  shell_commands.o [1]
  .rodata               const    0x0002a65c    0x144  shell_commands.o [1]
  SHELL_COMMANDS                 0x0002a7a0    0x120  <Block>
    SHELL_COMMANDS      const    0x0002a7a0     0x18  shell_commands.o [1]
    SHELL_COMMANDS      const    0x0002a7b8     0x18  shell_commands.o [1]
    SHELL_COMMANDS      const    0x0002a7d0     0x18  shell_commands.o [1]
    SHELL_COMMANDS      const    0x0002a7e8     0x18  shell_commands.o [1]
    SHELL_COMMANDS      const    0x0002a800     0x18  shell_commands.o [1]
    SHELL_COMMANDS      const    0x0002a818     0x18  shell_commands.o [1]
    SHELL_COMMANDS      const    0x0002a830     0x18  shell_commands.o [1]
    SHELL_COMMANDS      const    0x0002a848     0x18  shell_commands.o [1]
    SHELL_COMMANDS      const    0x0002a860     0x18  shell_commands.o [1]
    SHELL_COMMANDS      const    0x0002a878     0x18  shell_commands.o [1]
    SHELL_COMMANDS      const    0x0002a890     0x18  shell_commands.o [1]
    SHELL_COMMANDS      const    0x0002a8a8     0x18  shell_commands.o [1]
  .rodata               const    0x0002a8c0    0x110  shell_commands.o [1]
  .rodata               const    0x0002a9d0     0xdc  shell_commands.o [1]
  .rodata               const    0x0002aaac     0xd0  shell_commands.o [1]
  MLE_HANDLERS                   0x0002ab7c     0xcc  <Block>
    MLE_HANDLERS        const    0x0002ab7c      0xc  thread_routing.o [13]
    MLE_HANDLERS        const    0x0002ab88      0xc  thread_network_data.o [13]
    MLE_HANDLERS        const    0x0002ab94      0xc  thread_network_data.o [13]
    MLE_HANDLERS        const    0x0002aba0      0xc  mle.o [13]
    MLE_HANDLERS        const    0x0002abac      0xc  mle.o [13]
    MLE_HANDLERS        const    0x0002abb8      0xc  mle.o [13]
    MLE_HANDLERS        const    0x0002abc4      0xc  mle.o [13]
    MLE_HANDLERS        const    0x0002abd0      0xc  mle.o [13]
    MLE_HANDLERS        const    0x0002abdc      0xc  mle.o [13]
    MLE_HANDLERS        const    0x0002abe8      0xc  mle.o [13]
    MLE_HANDLERS        const    0x0002abf4      0xc  mle.o [13]
    MLE_HANDLERS        const    0x0002ac00      0xc  mle.o [13]
    MLE_HANDLERS        const    0x0002ac0c      0xc  mle.o [13]
    MLE_HANDLERS        const    0x0002ac18      0xc  mle.o [13]
    MLE_HANDLERS        const    0x0002ac24      0xc  mle.o [13]
    MLE_HANDLERS        const    0x0002ac30      0xc  mle.o [13]
    MLE_HANDLERS        const    0x0002ac3c      0xc  mle.o [13]
  .text                 ro code  0x0002ac48     0xaa  mle_extended.o [13]
  .rodata               const    0x0002acf4     0xa8  shell_commands.o [1]
  .rodata               const    0x0002ad9c     0xa4  Keyboard.o [1]
  .rodata               const    0x0002ae40     0xa4  LED.o [1]
  .rodata               const    0x0002aee4     0xa4  MCR20Drv.o [1]
  .rodata               const    0x0002af88     0xa4  pin_mux.o [1]
  .text                 ro code  0x0002b02c     0xa4  thread_state_machine.o [13]
  .rodata               const    0x0002b0d0     0xa0  TimersManager.o [1]
  .rodata               const    0x0002b170     0xa0  TMR_Adapter.o [1]
  .rodata               const    0x0002b210     0xa0  network_utils.o [13]
  .rodata               const    0x0002b2b0     0x78  nv_data.o [1]
  .rodata               const    0x0002b328     0x78  shell_commands.o [1]
  .text                 ro code  0x0002b3a0     0x68  inittask.o [7]
  .rodata               const    0x0002b408     0x5c  fsl_gpio_driver.o [8]
  .text                 ro code  0x0002b470     0x5c  boot.o [7]
  .text                 ro code  0x0002b4cc     0x44  startup.o [7]
  .text                 ro code  0x0002b510      0x8  comp.o [7]
  .text                 ro code  0x0002b518      0xc  cstartup_M.o [11]
  .text                 ro code  0x0002b524     0x1a  cmain.o [11]
  .text                 ro code  0x0002b53e      0x4  low_level_init.o [4]
  .text                 ro code  0x0002b544     0x28  data_init.o [11]
  .text                 ro code  0x0002b56c      0x4  exit.o [4]
  .text                 ro code  0x0002b570      0xa  cexit.o [11]
  .text                 ro code  0x0002b57c     0x58  idletask.o [7]
  .rodata               const    0x0002b5d4     0x54  fsl_adc16_driver.o [8]
  .rodata               const    0x0002b628     0x50  router_app.o [1]
  .rodata               const    0x0002b678     0x50  fsl_gpio_driver.o [8]
  .rodata               const    0x0002b6c8     0x50  fsl_gpio_driver.o [8]
  .rodata               const    0x0002b718     0x4c  khci_interface.o [9]
  .isr_handler          ro code  0x0002b764     0x40  Keyboard.o [1]
  .rodata               const    0x0002b7a4     0x40  router_app.o [1]
  .rodata               const    0x0002b7e4     0x40  fsl_clock_MKW24D5.o [8]
  .rodata               const    0x0002b824     0x40  fsl_dspi_hal.o [8]
  .rodata               const    0x0002b864     0x3c  shell_commands.o [1]
  .rodata               const    0x0002b8a0     0x3c  fsl_clock_MKW24D5.o [8]
  .rodata               const    0x0002b8dc     0x3c  fsl_hwtimer_systick.o [8]
  .rodata               const    0x0002b918     0x38  mac_abs_802154.o [1]
  .rodata               const    0x0002b950     0x38  mac_abs_802154.o [1]
  .rodata               const    0x0002b988     0x38  mac_abs_802154.o [1]
  .rodata               const    0x0002b9c0     0x38  mac_abs_802154.o [1]
  .rodata               const    0x0002b9f8     0x38  shell_commands.o [1]
  .rodata               const    0x0002ba30     0x38  fsl_adc16_driver.o [8]
  .rodata               const    0x0002ba68     0x38  fsl_adc16_driver.o [8]
  .rodata               const    0x0002baa0     0x38  fsl_clock_MKW24D5.o [8]
  .rodata               const    0x0002bad8     0x38  fsl_clock_MKW24D5.o [8]
  .rodata               const    0x0002bb10     0x38  fsl_clock_MKW24D5.o [8]
  .rodata               const    0x0002bb48     0x34  mqx_main.o [1]
  .rodata               const    0x0002bb7c     0x34  PhyPacketProcessor.o [1]
  .rodata               const    0x0002bbb0     0x34  shell_commands.o [1]
  .rodata               const    0x0002bbe4     0x34  shell_commands.o [1]
  .rodata               const    0x0002bc18     0x34  fsl_os_abstraction_mqx.o [8]
  .rodata               const    0x0002bc4c     0x34  fsl_hwtimer.o [8]
  .rodata               const    0x0002bc80     0x34  fsl_pit_driver.o [8]
  .rodata               const    0x0002bcb4     0x30  router_app.o [1]
  .rodata               const    0x0002bce4     0x30  shell_commands.o [1]
  .rodata               const    0x0002bd14     0x30  socket_app_utils.o [1]
  .rodata               const    0x0002bd44     0x30  fsl_gpio_hal.o [8]
  .rodata               const    0x0002bd74     0x30  inittask.o [7]
  ICMP_PROT_HANDLERS             0x0002bda4     0x30  <Block>
    ICMP_PROT_HANDLERS  const    0x0002bda4      0xc  shell_commands.o [1]
    ICMP_PROT_HANDLERS  const    0x0002bdb0      0xc  shell_commands.o [1]
    ICMP_PROT_HANDLERS  const    0x0002bdbc      0xc  icmp.o [13]
    ICMP_PROT_HANDLERS  const    0x0002bdc8      0xc  udp.o [13]
  .rodata               const    0x0002bdd4     0x2c  router_app.o [1]
  .rodata               const    0x0002be00     0x2c  shell_cmdhelp.o [1]
  .rodata               const    0x0002be2c     0x2c  fsl_adc16_driver.o [8]
  .rodata               const    0x0002be58     0x2c  fsl_gpio_driver.o [8]
  .rodata               const    0x0002be84     0x2c  mqx.o [7]
  .rodata               const    0x0002beb0     0x2c  task.o [7]
  .rodata               const    0x0002bedc     0x28  router_app.o [1]
  .rodata               const    0x0002bf04     0x28  router_app.o [1]
  .rodata               const    0x0002bf2c     0x28  shell_commands.o [1]
  .rodata               const    0x0002bf54     0x28  shell_commands.o [1]
  .rodata               const    0x0002bf7c     0x28  shell_commands.o [1]
  .rodata               const    0x0002bfa4     0x28  TimersManager.o [1]
  .rodata               const    0x0002bfcc     0x28  TMR_Adapter.o [1]
  .rodata               const    0x0002bff4     0x24  gpio_pins.o [1]
  .rodata               const    0x0002c018     0x24  router_app.o [1]
  .rodata               const    0x0002c03c     0x24  router_app.o [1]
  .rodata               const    0x0002c060     0x24  router_app.o [1]
  .rodata               const    0x0002c084     0x24  shell.o [1]
  .rodata               const    0x0002c0a8     0x24  shell.o [1]
  .rodata               const    0x0002c0cc     0x24  shell_cmdhelp.o [1]
  .rodata               const    0x0002c0f0     0x24  shell_cmdhelp.o [1]
  .rodata               const    0x0002c114     0x24  shell_commands.o [1]
  .rodata               const    0x0002c138     0x24  shell_commands.o [1]
  .rodata               const    0x0002c15c     0x24  shell_commands.o [1]
  .rodata               const    0x0002c180     0x24  shell_commands.o [1]
  .rodata               const    0x0002c1a4     0x24  shell_commands.o [1]
  .rodata               const    0x0002c1c8     0x24  shell_commands.o [1]
  .rodata               const    0x0002c1ec     0x24  socket_app_utils.o [1]
  .rodata               const    0x0002c210     0x24  fsl_adc16_driver.o [8]
  .rodata               const    0x0002c234     0x24  fsl_pit_driver.o [8]
  .iar.init_table       const    0x0002c258     0x34  - Linker created -
  .rodata               const    0x0002c28c     0x20  ip_if_6LowPan.o [1]
  .rodata               const    0x0002c2ac     0x20  PhyPlmeData.o [1]
  .rodata               const    0x0002c2cc     0x20  router_app.o [1]
  .rodata               const    0x0002c2ec     0x20  shell_cmdhelp.o [1]
  .rodata               const    0x0002c30c     0x20  shell_commands.o [1]
  .rodata               const    0x0002c32c     0x20  shell_commands.o [1]
  .rodata               const    0x0002c34c     0x20  shell_commands.o [1]
  .rodata               const    0x0002c36c     0x20  shell_commands.o [1]
  .rodata               const    0x0002c38c     0x20  shell_commands.o [1]
  .rodata               const    0x0002c3ac     0x20  shell_commands.o [1]
  .rodata               const    0x0002c3cc     0x20  socket_app_utils.o [1]
  .rodata               const    0x0002c3ec     0x20  TMR_Adapter.o [1]
  .rodata               const    0x0002c40c     0x20  fsl_hwtimer.o [8]
  .rodata               const    0x0002c42c     0x20  fsl_hwtimer.o [8]
  .rodata               const    0x0002c44c     0x20  fsl_hwtimer.o [8]
  .rodata               const    0x0002c46c     0x20  fsl_hwtimer.o [8]
  .rodata               const    0x0002c48c     0x20  fsl_hwtimer.o [8]
  .rodata               const    0x0002c4ac     0x1c  router_app.o [1]
  .rodata               const    0x0002c4c8     0x1c  router_app.o [1]
  .rodata               const    0x0002c4e4     0x1c  router_app.o [1]
  .rodata               const    0x0002c500     0x1c  router_app.o [1]
  .rodata               const    0x0002c51c     0x1c  shell.o [1]
  .rodata               const    0x0002c538     0x1c  shell_cmdhelp.o [1]
  .rodata               const    0x0002c554     0x1c  shell_commands.o [1]
  .rodata               const    0x0002c570     0x1c  shell_commands.o [1]
  .rodata               const    0x0002c58c     0x1c  shell_commands.o [1]
  .rodata               const    0x0002c5a8     0x1c  shell_commands.o [1]
  .rodata               const    0x0002c5c4     0x1c  shell_commands.o [1]
  .rodata               const    0x0002c5e0     0x1c  shell_commands.o [1]
  .rodata               const    0x0002c5fc     0x1c  shell_commands.o [1]
  .rodata               const    0x0002c618     0x1c  shell_commands.o [1]
  .rodata               const    0x0002c634     0x1c  socket_app_utils.o [1]
  .rodata               const    0x0002c650     0x1a  MacMain.o [3]
  .rodata               const    0x0002c66c     0x18  router_app.o [1]
  .rodata               const    0x0002c684     0x18  shell.o [1]
  .rodata               const    0x0002c69c     0x18  shell_cmdhelp.o [1]
  .rodata               const    0x0002c6b4     0x18  shell_cmdhelp.o [1]
  .rodata               const    0x0002c6cc     0x18  shell_cmdhist.o [1]
  .rodata               const    0x0002c6e4     0x18  shell_commands.o [1]
  .rodata               const    0x0002c6fc     0x18  shell_commands.o [1]
  .rodata               const    0x0002c714     0x18  shell_commands.o [1]
  .rodata               const    0x0002c72c     0x18  shell_commands.o [1]
  .rodata               const    0x0002c744     0x18  shell_commands.o [1]
  .rodata               const    0x0002c75c     0x18  shell_commands.o [1]
  .rodata               const    0x0002c774     0x18  shell_commands.o [1]
  .rodata               const    0x0002c78c     0x18  shell_commands.o [1]
  .rodata               const    0x0002c7a4     0x18  shell_commands.o [1]
  .rodata               const    0x0002c7bc     0x18  shell_commands.o [1]
  .rodata               const    0x0002c7d4     0x18  shell_commands.o [1]
  .rodata               const    0x0002c7ec     0x18  shell_commands.o [1]
  .rodata               const    0x0002c804     0x18  shell_commands.o [1]
  .rodata               const    0x0002c81c     0x18  shell_commands.o [1]
  .rodata               const    0x0002c834     0x18  shell_commands.o [1]
  .rodata               const    0x0002c84c     0x18  shell_commands.o [1]
  .rodata               const    0x0002c864     0x18  shell_commands.o [1]
  .rodata               const    0x0002c87c     0x18  socket_app_utils.o [1]
  .rodata               const    0x0002c894     0x18  socket_app_utils.o [1]
  .rodata               const    0x0002c8ac     0x18  fsl_hwtimer.o [8]
  .rodata               const    0x0002c8c4     0x18  mqx.o [7]
  .rodata               const    0x0002c8dc     0x18  fsl_hwtimer_systick.o [8]
  VERSION_TAGS                   0x0002c8f4     0x18  <Block>
    VERSION_TAGS        const    0x0002c8f4      0xc  MacGlobals.o [1]
    VERSION_TAGS        const    0x0002c900      0xc  network_utils.o [13]
  .rodata               const    0x0002c90c     0x14  shell.o [1]
  .rodata               const    0x0002c920     0x14  shell.o [1]
  .rodata               const    0x0002c934     0x14  shell_commands.o [1]
  .rodata               const    0x0002c948     0x14  shell_commands.o [1]
  .rodata               const    0x0002c95c     0x14  shell_commands.o [1]
  .rodata               const    0x0002c970     0x14  shell_commands.o [1]
  .rodata               const    0x0002c984     0x14  shell_commands.o [1]
  .rodata               const    0x0002c998     0x14  shell_commands.o [1]
  .rodata               const    0x0002c9ac     0x14  shell_commands.o [1]
  .rodata               const    0x0002c9c0     0x14  shell_commands.o [1]
  .rodata               const    0x0002c9d4     0x14  shell_commands.o [1]
  .rodata               const    0x0002c9e8     0x14  socket_app_utils.o [1]
  .rodata               const    0x0002c9fc     0x14  socket_app_utils.o [1]
  .rodata               const    0x0002ca10     0x14  fsl_gpio_common.o [8]
  .rodata               const    0x0002ca24     0x14  fsl_gpio_common.o [8]
  .rodata               const    0x0002ca38     0x14  mqx.o [7]
  .rodata               const    0x0002ca4c     0x14  mqx.o [7]
  .rodata               const    0x0002ca60     0x14  mqx.o [7]
  .rodata               const    0x0002ca74     0x10  app_temp_sensor.o [1]
  .rodata               const    0x0002ca84     0x10  PhyPlmeData.o [1]
  .rodata               const    0x0002ca98     0x10  PhyPlmeData.o [1]
  .rodata               const    0x0002caa8     0x10  shell.o [1]
  .rodata               const    0x0002cab8     0x10  shell.o [1]
  .rodata               const    0x0002cac8     0x10  shell_cmdhist.o [1]
  .rodata               const    0x0002cad8     0x10  shell_commands.o [1]
  .rodata               const    0x0002cae8     0x10  shell_commands.o [1]
  .rodata               const    0x0002caf8     0x10  shell_commands.o [1]
  .rodata               const    0x0002cb08     0x10  shell_commands.o [1]
  .rodata               const    0x0002cb18     0x10  shell_commands.o [1]
  .rodata               const    0x0002cb28     0x10  shell_commands.o [1]
  .rodata               const    0x0002cb38     0x10  shell_commands.o [1]
  .rodata               const    0x0002cb48     0x10  shell_commands.o [1]
  .rodata               const    0x0002cb58     0x10  shell_commands.o [1]
  .rodata               const    0x0002cb68     0x10  shell_commands.o [1]
  .rodata               const    0x0002cb78     0x10  shell_commands.o [1]
  .rodata               const    0x0002cb88     0x10  socket_app_utils.o [1]
  .rodata               const    0x0002cb98     0x10  socket_app_utils.o [1]
  .rodata               const    0x0002cba8     0x10  fsl_adc16_driver.o [8]
  .rodata               const    0x0002cbb8     0x10  fsl_gpio_driver.o [8]
  .rodata               const    0x0002cbc8     0x10  fsl_os_abstraction_mqx.o [8]
  .rodata               const    0x0002cbd8     0x10  fsl_mcg_hal.o [8]
  .rodata               const    0x0002cbe8     0x10  mqx.o [7]
  .rodata               const    0x0002cbf8     0x10  mqx.o [7]
  .rodata               const    0x0002cc08     0x10  fsl_hwtimer_systick.o [8]
  .rodata               const    0x0002cc18     0x10  fsl_hwtimer_systick.o [8]
  .rodata               const    0x0002cc28     0x10  fsl_hwtimer_systick.o [8]
  .rodata               const    0x0002cc38     0x10  session.o [13]
  .rodata               const    0x0002cc48     0x10  fsl_dspi_hal.o [8]
  .rodata               const    0x0002cc58     0x10  inittask.o [7]
  EVM_CODES                      0x0002cc68     0x10  <Block>
    EVM_CODES           const    0x0002cc68     0x10  dhcp6_client.o [13]
  .rodata               const    0x0002cc78      0xc  app_init.o [1]
  .rodata               const    0x0002cc84      0xc  fsl_osa_ext_mqxlite.o [1]
  .rodata               const    0x0002cc90      0xc  Keyboard.o [1]
  .rodata               const    0x0002cc9c      0xc  LED.o [1]
  .rodata               const    0x0002cca8      0xc  mac_abs_802154.o [1]
  .rodata               const    0x0002ccb4      0xc  MacGlobals.o [1]
  .rodata               const    0x0002ccc0      0xc  MCR20Drv.o [1]
  .rodata               const    0x0002cccc      0xc  MCR20Drv.o [1]
  .rodata               const    0x0002ccd8      0xc  MCR20Drv.o [1]
  .rodata               const    0x0002cce4      0xc  mqx_main.o [1]
  .rodata               const    0x0002ccf0      0xc  pin_mux.o [1]
  .rodata               const    0x0002ccfc      0xc  router_app.o [1]
  .rodata               const    0x0002cd08      0xc  router_app.o [1]
  .rodata               const    0x0002cd14      0xc  router_app.o [1]
  .rodata               const    0x0002cd20      0xc  SerialManager.o [1]
  .rodata               const    0x0002cd2c      0xc  shell.o [1]
  .rodata               const    0x0002cd38      0xc  shell.o [1]
  .rodata               const    0x0002cd44      0xc  shell_commands.o [1]
  .rodata               const    0x0002cd50      0xc  shell_commands.o [1]
  .rodata               const    0x0002cd5c      0xc  shell_commands.o [1]
  .rodata               const    0x0002cd68      0xc  shell_commands.o [1]
  .rodata               const    0x0002cd74      0xc  shell_commands.o [1]
  .rodata               const    0x0002cd80      0xc  shell_commands.o [1]
  .rodata               const    0x0002cd8c      0xc  shell_commands.o [1]
  .rodata               const    0x0002cd98      0xc  shell_commands.o [1]
  .rodata               const    0x0002cda4      0xc  shell_commands.o [1]
  .rodata               const    0x0002cdb0      0xc  shell_commands.o [1]
  .rodata               const    0x0002cdbc      0xc  shell_commands.o [1]
  .rodata               const    0x0002cdc8      0xc  shell_commands.o [1]
  .rodata               const    0x0002cdd4      0xc  shell_commands.o [1]
  .rodata               const    0x0002cde0      0xc  shell_commands.o [1]
  .rodata               const    0x0002cdec      0xc  shell_commands.o [1]
  .rodata               const    0x0002cdf8      0xc  socket_app_utils.o [1]
  .rodata               const    0x0002ce04      0xc  TimersManager.o [1]
  .rodata               const    0x0002ce10      0xc  fsl_gpio_driver.o [8]
  .rodata               const    0x0002ce1c      0xc  fsl_gpio_driver.o [8]
  .rodata               const    0x0002ce28      0xc  fsl_os_abstraction_mqx.o [8]
  .rodata               const    0x0002ce34      0xc  mqx.o [7]
  .rodata               const    0x0002ce40      0xc  sixlowpan_interface.o [13]
  .rodata               const    0x0002ce4c      0xc  thread_manager.o [13]
  .rodata               const    0x0002ce58      0xc  fsl_ftm_common.o [8]
  .rodata               const    0x0002ce64      0xc  fsl_gpio_hal.o [8]
  .rodata               const    0x0002ce70      0xc  usb_dev.o [9]
  .rodata               const    0x0002ce7c      0x8  fsl_osa_ext_mqxlite.o [1]
  .rodata               const    0x0002ce84      0x8  ip_if_6LowPan.o [1]
  .rodata               const    0x0002ce8c      0x8  ip_if_6LowPan.o [1]
  .rodata               const    0x0002ce94      0x8  mac_abs_802154.o [1]
  .rodata               const    0x0002ce9c      0x8  router_app.o [1]
  .rodata               const    0x0002cea4      0x8  router_app.o [1]
  .rodata               const    0x0002ceac      0x8  router_app.o [1]
  .rodata               const    0x0002ceb4      0x8  router_app.o [1]
  .rodata               const    0x0002cebc      0x8  shell.o [1]
  .rodata               const    0x0002cec4      0x8  shell_cmdhelp.o [1]
  .rodata               const    0x0002cecc      0x8  shell_cmdhelp.o [1]
  .rodata               const    0x0002ced4      0x8  shell_cmdhist.o [1]
  .rodata               const    0x0002cedc      0x8  shell_cmdhist.o [1]
  .rodata               const    0x0002cee4      0x8  shell_commands.o [1]
  .rodata               const    0x0002ceec      0x8  shell_commands.o [1]
  .rodata               const    0x0002cef4      0x8  shell_commands.o [1]
  .rodata               const    0x0002cefc      0x8  shell_commands.o [1]
  .rodata               const    0x0002cf04      0x8  shell_commands.o [1]
  .rodata               const    0x0002cf0c      0x8  shell_commands.o [1]
  .rodata               const    0x0002cf14      0x8  shell_commands.o [1]
  .rodata               const    0x0002cf1c      0x8  shell_commands.o [1]
  .rodata               const    0x0002cf24      0x8  shell_commands.o [1]
  .rodata               const    0x0002cf2c      0x8  shell_commands.o [1]
  .rodata               const    0x0002cf34      0x8  shell_commands.o [1]
  .rodata               const    0x0002cf3c      0x8  shell_commands.o [1]
  .rodata               const    0x0002cf44      0x8  shell_commands.o [1]
  .rodata               const    0x0002cf4c      0x8  shell_commands.o [1]
  .rodata               const    0x0002cf54      0x8  shell_commands.o [1]
  .rodata               const    0x0002cf5c      0x8  shell_commands.o [1]
  .rodata               const    0x0002cf64      0x8  shell_commands.o [1]
  .rodata               const    0x0002cf6c      0x8  shell_commands.o [1]
  .rodata               const    0x0002cf74      0x8  shell_commands.o [1]
  .rodata               const    0x0002cf7c      0x8  shell_commands.o [1]
  .rodata               const    0x0002cf84      0x8  shell_commands.o [1]
  .rodata               const    0x0002cf8c      0x8  shell_commands.o [1]
  .rodata               const    0x0002cf94      0x8  shell_commands.o [1]
  .rodata               const    0x0002cf9c      0x8  socket_app_utils.o [1]
  .rodata               const    0x0002cfa4      0x8  SPI.o [1]
  .rodata               const    0x0002cfac      0x8  fsl_gpio_common.o [8]
  .rodata               const    0x0002cfb4      0x8  fsl_clock_MKW24D5.o [8]
  .rodata               const    0x0002cfbc      0x8  ip.o [13]
  .rodata               const    0x0002cfc4      0x8  icmp.o [13]
  .rodata               const    0x0002cfcc      0x8  fsl_dspi_common.o [8]
  .rodata               const    0x0002cfd4      0x8  task.o [7]
  .rodata               const    0x0002cfdc      0x8  udp.o [13]
  STACK_START_CFG                0x0002cfe4      0x8  <Block>
    STACK_START_CFG     const    0x0002cfe4      0x8  thread_manager_config.o [1]
  .rodata               const    0x0002cfec      0x4  coap_globals.o [1]
  .rodata               const    0x0002cff0      0x4  dhcp_globals.o [1]
  .rodata               const    0x0002cff4      0x4  dhcp_globals.o [1]
  .rodata               const    0x0002cff8      0x4  dhcp_globals.o [1]
  .rodata               const    0x0002cffc      0x4  event_manager_globals.o [1]
  .rodata               const    0x0002d000      0x4  ip_globals.o [1]
  .rodata               const    0x0002d004      0x4  ip_globals.o [1]
  .rodata               const    0x0002d008      0x4  ip_globals.o [1]
  .rodata               const    0x0002d00c      0x4  ip_globals.o [1]
  .rodata               const    0x0002d010      0x4  ip_globals.o [1]
  .rodata               const    0x0002d014      0x4  ip_globals.o [1]
  .rodata               const    0x0002d018      0x4  Keyboard.o [1]
  .rodata               const    0x0002d01c      0x4  mle_globals.o [1]
  .rodata               const    0x0002d020      0x4  mpl_globals.o [1]
  .rodata               const    0x0002d024      0x4  mpl_globals.o [1]
  .rodata               const    0x0002d028      0x4  mpl_globals.o [1]
  .rodata               const    0x0002d02c      0x4  PhyPacketProcessor.o [1]
  .rodata               const    0x0002d030      0x4  sixlowpan_globals.o [1]
  .rodata               const    0x0002d034      0x4  sixlowpan_globals.o [1]
  .rodata               const    0x0002d038      0x4  sockets_globals.o [1]
  .rodata               const    0x0002d03c      0x4  thread_nwk_data_globals.o [1]
  .rodata               const    0x0002d040      0x4  thread_nwk_data_globals.o [1]
  .rodata               const    0x0002d044      0x4  thread_nwk_data_globals.o [1]
  .rodata               const    0x0002d048      0x4  thread_nwk_data_globals.o [1]
  .rodata               const    0x0002d04c      0x4  thread_routing_globals.o [1]
  .rodata               const    0x0002d050      0x4  thread_routing_globals.o [1]
  .rodata               const    0x0002d054      0x4  trickle_globals.o [1]
  .rodata               const    0x0002d058      0x4  trickle_globals.o [1]
  .rodata               const    0x0002d05c      0x4  udp_globals.o [1]
  .rodata               const    0x0002d060      0x4  fsl_clock_MKW24D5.o [8]
  .rodata               const    0x0002d064      0x4  mqx.o [7]
  .rodata               const    0x0002d068      0x4  mqx.o [7]
  .rodata               const    0x0002d06c      0x4  fsl_pit_common.o [8]
  .rodata               const    0x0002d070      0x4  fsl_ftm_common.o [8]
  .rodata               const    0x0002d074      0x4  fsl_adc16_common.o [8]
  .rodata               const    0x0002d078      0x4  fsl_clock_manager_common.o [8]
  .text                 ro code  0x0002d07c      0x4  startup_MKW24D5.o [7]
  .rodata               const    0x0002d080      0x0  zero_init3.o [11]
  .rodata               const    0x0002d080      0x0  lz77_init.o [11]
  Initializer bytes     const    0x0002d080    0x486  <for P2 s0>
                               - 0x0002d506  0x2d0f6

"P2", part 1 of 2:                            0x7a58
  .bss                  zero     0x1fff8000   0x5100  MemManager.o [1]
  .bss                  zero     0x1fffd100    0xb40  MacGlobals.o [1]
  .bss                  zero     0x1fffdc40    0x800  thread_manager.o [13]
  .bss                  zero     0x1fffe440    0x190  dhcp_globals.o [1]
  .bss                  zero     0x1fffe5d0    0x190  fsl_osa_ext_mqxlite.o [1]
  .bss                  zero     0x1fffe760    0x184  mqx.o [7]
  .bss                  zero     0x1fffe8e4    0x17c  TimersManager.o [1]
  .bss                  zero     0x1fffea60    0x170  MacGlobals.o [1]
  .bss                  zero     0x1fffebd0    0x168  MacGlobals.o [1]
  .bss                  zero     0x1fffed38    0x144  shell_cmdhist.o [1]
  .bss                  zero     0x1fffee7c    0x130  sc_irdyq.o [7]
  .bss                  zero     0x1fffefac     0xf0  thread_nwk_data_globals.o [1]
  .bss                  zero     0x1ffff09c     0xc4  NV_Flash.o [1]
  .bss                  zero     0x1ffff160     0xc0  NV_Flash.o [1]
  .bss                  zero     0x1ffff220     0xc0  SerialManager.o [1]
  .bss                  zero     0x1ffff2e0     0xb0  khci_dev.o [9]
  .bss                  zero     0x1ffff390     0xac  usb_dev.o [9]
  .bss                  zero     0x1ffff43c     0x54  shell.o [1]
  .bss                  zero     0x1ffff490     0xa0  mpl_globals.o [1]
  .bss                  zero     0x1ffff530     0xa0  PhyTime.o [1]
  .bss                  zero     0x1ffff5d0     0x98  thread_nwk_data_globals.o [1]
  .bss                  zero     0x1ffff668     0x80  NV_Flash.o [1]
  .bss                  zero     0x1ffff6e8     0x78  sockets_globals.o [1]
  .bss                  zero     0x1ffff760     0x78  udp_globals.o [1]
  .bss                  zero     0x1ffff7d8     0x70  MemManager.o [1]
  .bss                  zero     0x1ffff848     0x60  usb_cdc.o [9]
  .bss                  zero     0x1ffff8a8     0x50  MacGlobals.o [1]
  .bss                  zero     0x1ffff8f8     0x50  PhyStateMachine.o [1]
  .bss                  zero     0x1ffff948     0x50  socket_app_utils.o [1]
  .bss                  zero     0x1ffff998     0x40  Flash_Adapter.o [1]
  .bss                  zero     0x1ffff9d8     0x40  init_bsp.o [1]
  .bss                  zero     0x1ffffa18     0x40  shell.o [1]
                               - 0x1ffffa58   0x7a58

"P2", part 2 of 2:                            0x5d88
  P2 s0                          0x20000000    0x7ea  <Init block>
    .data               inited   0x20000000    0x140  mmcau_sha256_functions.o [6]
    .data               inited   0x20000140     0x98  thread_manager_config.o [1]
    .data               inited   0x200001d8     0x94  thread_manager.o [13]
    .data               inited   0x20000270     0x80  mmcau_aes_functions.o [6]
    .data               inited   0x200002f0     0x50  thread_manager_config.o [1]
    .data               inited   0x20000340     0x44  usb_descriptor.o [1]
    .data               inited   0x20000384     0x40  fsl_osa_ext_mqxlite.o [1]
    .data               inited   0x200003c4     0x3c  usb_descriptor.o [1]
    .data               inited   0x20000400     0x38  ip.o [13]
    .data               inited   0x20000438     0x34  sixlowpan_interface.o [13]
    .data               inited   0x2000046c     0x34  session.o [13]
    .data               inited   0x200004a0     0x34  dhcp6_client.o [13]
    .data               inited   0x200004d4     0x34  usb_framework.o [9]
    .data               inited   0x20000508     0x2c  thread_manager_config.o [1]
    .data               inited   0x20000534     0x28  coap.o [13]
    .data               inited   0x2000055c     0x28  usb_framework.o [9]
    .data               inited   0x20000584     0x24  Flash_Adapter.o [1]
    .data               inited   0x200005a8     0x24  usb_descriptor.o [1]
    .data               inited   0x200005cc     0x20  app_init.o [1]
    .data               inited   0x200005ec     0x20  MemManager.o [1]
    .data               inited   0x2000060c     0x20  usb_descriptor.o [1]
    .data               inited   0x2000062c     0x20  usb_descriptor.o [1]
    .data               inited   0x2000064c     0x18  gpio_pins.o [1]
    .data               inited   0x20000664     0x14  thread_manager_config.o [1]
    .data               inited   0x20000678     0x18  thread_manager_config.o [1]
    .data               inited   0x20000690     0x18  usb_descriptor.o [1]
    .data               inited   0x200006a8     0x18  usb_descriptor.o [1]
    .data               inited   0x200006c0     0x14  usb_descriptor.o [1]
    .data               inited   0x200006d4     0x14  usb_descriptor.o [1]
    .data               inited   0x200006e8     0x14  usb_descriptor.o [1]
    .data               inited   0x200006fc     0x14  usb_descriptor.o [1]
    .data               inited   0x20000710     0x14  trickle.o [13]
    .data               inited   0x20000724     0x10  usb_descriptor.o [1]
    .data               inited   0x20000734      0xc  thread_manager_config.o [1]
    .data               inited   0x20000740      0xc  usb_descriptor.o [1]
    .data               inited   0x2000074c      0xc  usb_descriptor.o [1]
    .data               inited   0x20000758      0xc  usb_cdc_pstn.o [9]
    .data               inited   0x20000764      0x8  SPI.o [1]
    .data               inited   0x2000076c      0x8  thread_manager_config.o [1]
    .data               inited   0x20000774      0x8  usb_descriptor.o [1]
    .data               inited   0x2000077c      0x8  usb_descriptor.o [1]
    .data               inited   0x20000784      0x8  usb_descriptor.o [1]
    .data               inited   0x2000078c      0x8  usb_descriptor.o [1]
    .data               inited   0x20000794      0x8  virtual_com.o [1]
    .data               inited   0x2000079c      0x8  dhcp6_server.o [13]
    .data               inited   0x200007a4      0x4  ip_if_6LowPan.o [1]
    .data               inited   0x200007a8      0x4  ip_if_6LowPan.o [1]
    .data               inited   0x200007ac      0x4  MCR20Drv.o [1]
    .data               inited   0x200007b0      0x4  nv_data.o [1]
    .data               inited   0x200007b4      0x4  router_app.o [1]
    .data               inited   0x200007b8      0x4  usb_descriptor.o [1]
    .data               inited   0x200007bc      0x4  fsl_mcg_hal.o [8]
    .data               inited   0x200007c0      0x4  fsl_mcg_hal.o [8]
    .data               inited   0x200007c4      0x4  mqx.o [7]
    .data               inited   0x200007c8      0x4  network_utils.o [13]
    .data               inited   0x200007cc      0x4  MacMain.o [3]
    __DLIB_PERTHREAD    inited   0x200007d0      0x4  errno.o [4]
    .data               inited   0x200007d4      0x2  NV_Flash.o [1]
    .data               inited   0x200007d6      0x2  shell_commands.o [1]
    .data               inited   0x200007d8      0x2  udp.o [13]
    .data               inited   0x200007da      0x1  Keyboard.o [1]
    .data               inited   0x200007db      0x1  LED.o [1]
    .data               inited   0x200007dc      0x1  LED.o [1]
    .data               inited   0x200007dd      0x1  MacGlobals.o [1]
    .data               inited   0x200007de      0x1  MacGlobals.o [1]
    .data               inited   0x200007df      0x1  MacGlobals.o [1]
    .data               inited   0x200007e0      0x1  MacGlobals.o [1]
    .data               inited   0x200007e1      0x1  MacGlobals.o [1]
    .data               inited   0x200007e2      0x1  MacGlobals.o [1]
    .data               inited   0x200007e3      0x1  PhyPacketProcessor.o [1]
    .data               inited   0x200007e4      0x1  PhyPlmeData.o [1]
    .data               inited   0x200007e5      0x1  PhyPlmeData.o [1]
    .data               inited   0x200007e6      0x1  shell.o [1]
    .data               inited   0x200007e7      0x1  shell_commands.o [1]
    .data               inited   0x200007e8      0x1  shell_commands.o [1]
    .data               inited   0x200007e9      0x1  shell_commands.o [1]
  .bss                  zero     0x200007ec    0x7d0  session.o [13]
  .bss                  zero     0x20000fbc    0x5dc  SerialManager.o [1]
  .bss                  zero     0x20001598    0x500  fsl_osa_ext_mqxlite.o [1]
  .bss                  zero     0x20001a98    0x4b0  app_init.o [1]
  .bss                  zero     0x20001f48    0x410  mqx.o [7]
  .bss                  zero     0x20002358    0x400  MacGlobals.o [1]
  .bss                  zero     0x20002758    0x400  TimersManager.o [1]
  .bss                  zero     0x20002b58    0x400  ip.o [13]
  .bss                  zero     0x20002f58    0x354  mqx.o [7]
  .bss                  zero     0x200032ac    0x300  sixlowpan_interface.o [13]
  .bss                  zero     0x200035ac    0x290  int.o [7]
  .bss                  zero     0x2000383c    0x27c  mqx.o [7]
  .bss                  zero     0x20003ab8     0x7c  session.o [13]
  .bss                  zero     0x20003b38    0x210  thread_network_data.o [13]
  .bss                  zero     0x20003d48     0x40  sixlowpan_globals.o [1]
  .bss                  zero     0x20003d88     0x3c  coap_globals.o [1]
  .bss                  zero     0x20003dc4     0x3c  event_manager_globals.o [1]
  .bss                  zero     0x20003e00     0x30  mle_globals.o [1]
  .bss                  zero     0x20003e30     0x30  NV_Flash.o [1]
  .bss                  zero     0x20003e60     0x30  shell_commands.o [1]
  .bss                  zero     0x20003e90     0x28  ip_globals.o [1]
  .bss                  zero     0x20003eb8     0x24  ip_globals.o [1]
  .bss                  zero     0x20003edc     0x24  SerialManager.o [1]
  .bss                  zero     0x20003f00     0x24  TimersManager.o [1]
  .bss                  zero     0x20003f24     0x20  fsl_osa_ext_mqxlite.o [1]
  .bss                  zero     0x20003f44     0x20  NV_Flash.o [1]
  .bss                  zero     0x20003f64     0x1c  ip_globals.o [1]
  .bss                  zero     0x20003f80     0x20  socket_app_utils.o [1]
  .bss                  zero     0x20003fa0     0x1c  Panic.o [1]
  .bss                  zero     0x20003fbc     0x1c  usb_cdc_pstn.o [9]
  .bss                  zero     0x20003fd8     0x18  app_init.o [1]
  .bss                  zero     0x20003ff0     0x18  fsl_osa_ext_mqxlite.o [1]
  .bss                  zero     0x20004008     0x18  ip.o [13]
  .bss                  zero     0x20004020     0x18  sixlowpan_interface.o [13]
  .bss                  zero     0x20004038     0x18  session.o [13]
  .bss                  zero     0x20004050     0x18  thread_manager.o [13]
  .bss                  zero     0x20004068     0x18  sixlowpan_tbl.o [13]
  .bss                  zero     0x20004080     0x18  thread_router.o [13]
  .bss                  zero     0x20004098     0x14  app_init.o [1]
  .bss                  zero     0x200040ac     0x14  dhcp_globals.o [1]
  .bss                  zero     0x200040c0     0x14  mac_abs_802154.o [1]
  .bss                  zero     0x200040d4     0x14  MacGlobals.o [1]
  .bss                  zero     0x200040e8     0x14  TimersManager.o [1]
  .bss                  zero     0x200040fc     0x10  app_init.o [1]
  .bss                  zero     0x2000410c      0xc  fsl_osa_ext_mqxlite.o [1]
  .bss                  zero     0x20004118     0x10  router_app.o [1]
  .bss                  zero     0x20004128     0x10  shell_commands.o [1]
  .bss                  zero     0x20004138     0x10  thread_manager_config.o [1]
  .bss                  zero     0x20004148     0x10  virtual_com.o [1]
  .bss                  zero     0x20004158     0x10  ip6.o [13]
  .bss                  zero     0x20004168     0x10  mpl.o [13]
  .bss                  zero     0x20004178     0x10  usb_class.o [9]
  .bss                  zero     0x20004188     0x10  usb_dev.o [9]
  .bss                  zero     0x20004198      0xc  ip_globals.o [1]
  .bss                  zero     0x200041a4      0xc  mle.o [13]
  .bss                  zero     0x200041b0      0xc  mle_security.o [13]
  .bss                  zero     0x200041bc      0x8  dhcp_globals.o [1]
  .bss                  zero     0x200041c4      0x8  ip_globals.o [1]
  .bss                  zero     0x200041cc      0x8  MacGlobals.o [1]
  .bss                  zero     0x200041d4      0x8  MacGlobals.o [1]
  .bss                  zero     0x200041dc      0x8  mpl_globals.o [1]
  .bss                  zero     0x200041e4      0x8  NV_Flash.o [1]
  .bss                  zero     0x200041ec      0x8  PhyISR.o [1]
  .bss                  zero     0x200041f4      0x4  app_temp_sensor.o [1]
  .bss                  zero     0x200041f8      0x8  PhyTime.o [1]
  .bss                  zero     0x20004200      0x8  shell_commands.o [1]
  .bss                  zero     0x20004208      0x8  trickle_globals.o [1]
  .bss                  zero     0x20004210      0x8  MacMain.o [3]
  .bss                  zero     0x20004218      0x8  fsl_pit_driver.o [8]
  .bss                  zero     0x20004220      0x8  dhcp6_server.o [13]
  .bss                  zero     0x20004228      0x8  mle_security.o [13]
  .bss                  zero     0x20004230      0x4  app_temp_sensor.o [1]
  .bss                  zero     0x20004234      0x4  Flash_Adapter.o [1]
  .bss                  zero     0x20004238      0x4  ip_if_6LowPan.o [1]
  .bss                  zero     0x2000423c      0x4  Keyboard.o [1]
  .bss                  zero     0x20004240      0x4  Keyboard.o [1]
  .bss                  zero     0x20004244      0x4  Keyboard.o [1]
  .bss                  zero     0x20004248      0x4  MacGlobals.o [1]
  .bss                  zero     0x2000424c      0x4  NV_Flash.o [1]
  .bss                  zero     0x20004250      0x4  NV_Flash.o [1]
  .bss                  zero     0x20004254      0x4  NV_Flash.o [1]
  .bss                  zero     0x20004258      0x4  PhyISR.o [1]
  .bss                  zero     0x2000425c      0x4  PhyISR.o [1]
  .bss                  zero     0x20004260      0x4  PhyISR.o [1]
  .bss                  zero     0x20004264      0x4  PhyTime.o [1]
  .bss                  zero     0x20004268      0x4  PhyTime.o [1]
  .bss                  zero     0x2000426c      0x4  PhyTime.o [1]
  .bss                  zero     0x20004270      0x4  RNG.o [1]
  .bss                  zero     0x20004274      0x4  router_app.o [1]
  .bss                  zero     0x20004278      0x4  router_app.o [1]
  .bss                  zero     0x2000427c      0x4  router_app.o [1]
  .bss                  zero     0x20004280      0x4  SerialManager.o [1]
  .bss                  zero     0x20004284      0x4  SerialManager.o [1]
  .bss                  zero     0x20004288      0x4  shell.o [1]
  .bss                  zero     0x2000428c      0x4  shell.o [1]
  .bss                  zero     0x20004290      0x4  shell_commands.o [1]
  .bss                  zero     0x20004294      0x4  shell_commands.o [1]
  .bss                  zero     0x20004298      0x4  shell_commands.o [1]
  .bss                  zero     0x2000429c      0x4  shell_commands.o [1]
  .bss                  zero     0x200042a0      0x4  sixlowpan_globals.o [1]
  .bss                  zero     0x200042a4      0x4  sixlowpan_globals.o [1]
  .bss                  zero     0x200042a8      0x4  socket_app_utils.o [1]
  .bss                  zero     0x200042ac      0x4  thread_nwk_data_globals.o [1]
  .bss                  zero     0x200042b0      0x4  thread_nwk_data_globals.o [1]
  .bss                  zero     0x200042b4      0x4  thread_routing_globals.o [1]
  .bss                  zero     0x200042b8      0x4  TimersManager.o [1]
  .bss                  zero     0x200042bc      0x4  TimersManager.o [1]
  .bss                  zero     0x200042c0      0x4  virtual_com.o [1]
  .bss                  zero     0x200042c4      0x4  fsl_mcg_hal.o [8]
  .bss                  zero     0x200042c8      0x4  fsl_mcg_hal.o [8]
  .bss                  zero     0x200042cc      0x4  fsl_hwtimer_systick.o [8]
  .bss                  zero     0x200042d0      0x4  sockets.o [13]
  .bss                  zero     0x200042d4      0x4  dhcp6_lq_client.o [13]
  .bss                  zero     0x200042d8      0x4  icmp.o [13]
  .bss                  zero     0x200042dc      0x4  thread_routing.o [13]
  .bss                  zero     0x200042e0      0x4  udp.o [13]
  .bss                  zero     0x200042e4      0x4  khci_dev.o [9]
  .bss                  zero     0x200042e8      0x4  khci_dev.o [9]
  .bss                  zero     0x200042ec      0x2  LED.o [1]
  .bss                  zero     0x200042ee      0x2  MemManager.o [1]
  .bss                  zero     0x200042f0      0x2  NV_Flash.o [1]
  .bss                  zero     0x200042f2      0x2  router_app.o [1]
  .bss                  zero     0x200042f4      0x2  shell.o [1]
  .bss                  zero     0x200042f6      0x2  shell.o [1]
  .bss                  zero     0x200042f8      0x2  shell_cmdhist.o [1]
  .bss                  zero     0x200042fa      0x2  shell_cmdhist.o [1]
  .bss                  zero     0x200042fc      0x2  shell_commands.o [1]
  .bss                  zero     0x200042fe      0x2  shell_commands.o [1]
  .bss                  zero     0x20004300      0x2  TimersManager.o [1]
  .bss                  zero     0x20004302      0x2  TimersManager.o [1]
  .bss                  zero     0x20004304      0x2  usb_descriptor.o [1]
  .bss                  zero     0x20004306      0x2  virtual_com.o [1]
  .bss                  zero     0x20004308      0x2  virtual_com.o [1]
  .bss                  zero     0x2000430a      0x1  Keyboard.o [1]
  .bss                  zero     0x2000430b      0x1  Keyboard.o [1]
  .bss                  zero     0x2000430c      0x1  Keyboard.o [1]
  .bss                  zero     0x2000430d      0x1  LED.o [1]
  .bss                  zero     0x2000430e      0x1  LED.o [1]
  .bss                  zero     0x2000430f      0x1  mac_abs_802154.o [1]
  .bss                  zero     0x20004310      0x1  MacGlobals.o [1]
  .bss                  zero     0x20004311      0x1  NV_Flash.o [1]
  .bss                  zero     0x20004312      0x1  NV_Flash.o [1]
  .bss                  zero     0x20004313      0x1  NV_Flash.o [1]
  .bss                  zero     0x20004314      0x1  NV_Flash.o [1]
  .bss                  zero     0x20004315      0x1  NV_Flash.o [1]
  .bss                  zero     0x20004316      0x1  NV_Flash.o [1]
  .bss                  zero     0x20004317      0x1  NV_Flash.o [1]
  .bss                  zero     0x20004318      0x1  PhyISR.o [1]
  .bss                  zero     0x20004319      0x1  PhyISR.o [1]
  .bss                  zero     0x2000431a      0x1  PhyPacketProcessor.o [1]
  .bss                  zero     0x2000431b      0x1  router_app.o [1]
  .bss                  zero     0x2000431c      0x1  SerialManager.o [1]
  .bss                  zero     0x2000431d      0x1  shell.o [1]
  .bss                  zero     0x2000431e      0x1  shell.o [1]
  .bss                  zero     0x2000431f      0x1  shell.o [1]
[...]
maExtRouteTbl           0x20003b3c    0x18  Data  Lc  thread_network_data.o [13]
maNvRecordsCpyIdx       0x1ffff668    0x80  Data  Lc  NV_Flash.o [1]
maNwkDataIfTbl          0x200042b0     0x4  Data  Gb  thread_nwk_data_globals.o [1]
maNwkDataPrefixTbl      0x20003c08    0xa0  Data  Lc  thread_network_data.o [13]
maNwkDataPrefixTblLen   0x20003bc0     0xc  Data  Lc  thread_network_data.o [13]
maOldIsr                0x20004244     0x4  Data  Lc  Keyboard.o [1]
maServerDataDhcpServerTbl
                        0x20003be4    0x18  Data  Lc  thread_network_data.o [13]
maServerDataExtRouteTbl
                        0x20003bcc    0x18  Data  Lc  thread_network_data.o [13]
maServerDataPrefixTbl   0x20003ca8    0xa0  Data  Lc  thread_network_data.o [13]
maServerDataPrefixTblLen
                        0x20003bfc     0xc  Data  Lc  thread_network_data.o [13]
maThrIfTbl              0x200042b4     0x4  Data  Gb  thread_routing_globals.o [1]
maThreadInstances       0x200042ac     0x4  Data  Gb  thread_nwk_data_globals.o [1]
maTmrTimerStatusTable   0x200040e8    0x14  Data  Lc  TimersManager.o [1]
maTmrTimerTable         0x1fffe8e4   0x17c  Data  Lc  TimersManager.o [1]
macAbsReq               0x0000d434    0x6c  Data  Lc  mac_abs_802154.o [1]
macInitPIBs             0x0001d84d   0x25a  Code  Gb  MacPib.o [3]
macVerifySetReq         0x0001daa7    0xda  Code  Gb  MacPib.o [3]
main                    0x0000ec73    0x3c  Code  Gb  fsl_osa_ext_mqxlite.o [1]
main_task               0x00012d6d    0x62  Code  Gb  app_init.o [1]
main_taskStack          0x20001598   0x500  Data  Gb  fsl_osa_ext_mqxlite.o [1]
make_argv               0x000213c1    0x64  Code  Gb  shell.o [1]
memHeap                 0x1fff8000  0x5100  Data  Gb  MemManager.o [1]
memPools                0x1ffff7d8    0x70  Data  Gb  MemManager.o [1]
memchr                  0x0001ad99          Code  Gb  memchr.o [11]
mfLedInSerialMode       0x2000430d     0x1  Data  Lc  LED.o [1]
mlmeGetSetReq           0x0001db91   0x3b8  Code  Gb  MacPib.o [3]
mlmeGetSizeOfPIB        0x0001dfd1    0xa8  Code  Gb  MacPib.o [3]
mlmeResetReq            0x0001e277    0xac  Code  Gb  Reset.o [3]
mmcau_aes_decrypt       0x0001c231          Code  Gb  mmcau_aes_functions.o [6]
mmcau_aes_encrypt       0x0001c101          Code  Gb  mmcau_aes_functions.o [6]
mmcau_aes_set_key       0x0001b9f1          Code  Gb  mmcau_aes_functions.o [6]
mmcau_sha256_hash       0x0001c861          Code  Gb  mmcau_sha256_functions.o [6]
mmcau_sha256_hash_n     0x0001c581          Code  Gb  mmcau_sha256_functions.o [6]
mmcau_sha256_initialize_output
                        0x0001c561          Code  Gb  mmcau_sha256_functions.o [6]
mmcau_sha256_update     0x0001c841          Code  Gb  mmcau_sha256_functions.o [6]
mpAppThreadMsgQueue     0x20004274     0x4  Data  Lc  router_app.o [1]
mpCoapTaskMsgQueue      0x20000544     0x4  Data  Lc  coap.o [13]
mpIpPktInfoBuffer       0x20004090     0x4  Data  Lc  thread_router.o [13]
mpIpTaskMsgQueue        0x20000248     0x4  Data  Gb  thread_manager.o [13]
mpMleActiveKeyDescriptor
                        0x20004228     0x4  Data  Lc  mle_security.o [13]
mpMleNewestKeyDescriptor
                        0x2000422c     0x4  Data  Lc  mle_security.o [13]
mpMleTaskMsgQueue       0x200041a8     0x4  Data  Lc  mle.o [13]
mpMplTaskMsgQueue       0x20004168     0x4  Data  Lc  mpl.o [13]
mpRxParams              0x20004258     0x4  Data  Lc  PhyISR.o [1]
mpThreadTaskMsgQueue    0x20000244     0x4  Data  Gb  thread_manager.o [13]
mpTrickleTaskMsgQueue   0x20000714     0x4  Data  Lc  trickle.o [13]
mpfDhcp6ClientSetAddr   0x200004d0     0x4  Data  Lc  dhcp6_client.o [13]
mpfDhcp6LqCb            0x200042d4     0x4  Data  Lc  dhcp6_lq_client.o [13]
mpfKeyFunction          0x20004240     0x4  Data  Lc  Keyboard.o [1]
mpfMleReceiveCb         0x200041ac     0x4  Data  Lc  mle.o [13]
mpfShellBreak           0x2000428c     0x4  Data  Gb  shell.o [1]
mqx_idle_task_stack     0x1fffe760   0x184  Data  Lc  mqx.o [7]
mqx_init                0x00006bd9    0x9c  Code  Gb  mqx.o [7]
mqx_init_task_stack     0x2000383c   0x27c  Data  Lc  mqx.o [7]
mqx_interrupt_stack     0x20001f48   0x410  Data  Gb  mqx.o [7]
mqx_start               0x00006d8d    0xa4  Code  Gb  mqx.o [7]
mqx_static_isr_table    0x200035ac   0x290  Data  Lc  int.o [7]
mqx_static_ready_queue  0x1fffee7c   0x130  Data  Lc  sc_irdyq.o [7]
multicastAddrTableSize  0x0002d00c     0x4  Data  Gb  ip_globals.o [1]
ndigs                   0x0002530c    0x28  Data  Lc  xstoul.o [4]
ndigs                   0x0001b020    0x28  Data  Lc  xstoull.o [4]
ntop                    0x00009bd5   0x1a8  Code  Gb  network_utils.o [13]
numberOfActiveTimers    0x20004322     0x1  Data  Lc  TimersManager.o [1]
numberOfLowPowerActiveTimers
                        0x20004323     0x1  Data  Lc  TimersManager.o [1]
nwkDeviceStatus         0x2000431b     0x1  Data  Lc  router_app.o [1]
osEventHeap             0x1fffe5d0   0x190  Data  Gb  fsl_osa_ext_mqxlite.o [1]
osEventInfo             0x0002cc84     0xc  Data  Gb  fsl_osa_ext_mqxlite.o [1]
osObjectAlloc           0x0000ecc9    0x28  Code  Lc  fsl_osa_ext_mqxlite.o [1]
osObjectFree            0x0000ed1f    0x24  Code  Lc  fsl_osa_ext_mqxlite.o [1]
osObjectIsAllocated     0x0000ecf1    0x2e  Code  Lc  fsl_osa_ext_mqxlite.o [1]
osThreadLink_App_Task   0x20003fd8    0x18  Data  Gb  app_init.o [1]
osThreadLink_IP_Task    0x20004008    0x18  Data  Gb  ip.o [13]
osThreadLink_SLWP_Task  0x20004020    0x18  Data  Gb  sixlowpan_interface.o [13]
osThreadLink_Session_Task
                        0x20004038    0x18  Data  Gb  session.o [13]
osThreadLink_Thread_Task
                        0x20004050    0x18  Data  Gb  thread_manager.o [13]
osThread_App_Task_stack
                        0x20001a98   0x4b0  Data  Gb  app_init.o [1]
osThread_IP_Task_stack  0x20002b58   0x400  Data  Gb  ip.o [13]
osThread_SLWP_Task_stack
                        0x200032ac   0x300  Data  Gb  sixlowpan_interface.o [13]
osThread_Session_Task_stack
                        0x200007ec   0x7d0  Data  Gb  session.o [13]
osThread_Thread_Task_stack
                        0x1fffdc40   0x800  Data  Gb  thread_manager.o [13]
os_thread_def_App_Task  0x200005cc    0x20  Data  Gb  app_init.o [1]
os_thread_def_IP_Task   0x20000418    0x20  Data  Gb  ip.o [13]
os_thread_def_SLWP_Task
                        0x2000044c    0x20  Data  Gb  sixlowpan_interface.o [13]
os_thread_def_Session_Task
                        0x20000480    0x20  Data  Gb  session.o [13]
os_thread_def_Thread_Task
                        0x2000024c    0x20  Data  Gb  thread_manager.o [13]
overwrites_direct       0x0002d02c     0x4  Data  Gb  PhyPacketProcessor.o [1]
overwrites_indirect     0x0002bb7c    0x34  Data  Gb  PhyPacketProcessor.o [1]
pNVM_DataTable          0x200007b0     0x4  Data  Gb  nv_data.o [1]
pNextEvent              0x20004268     0x4  Data  Lc  PhyTime.o [1]
pPrompt                 0x20004288     0x4  Data  Lc  shell.o [1]
pSrcIpAddr              0x2000429c     0x4  Data  Gb  shell_commands.o [1]
pStackCfg               0x2000076c     0x8  Data  Gb  thread_manager_config.o [1]
panic                   0x00004f01    0x48  Code  Gb  Panic.o [1]
panic_data              0x20003fa0    0x1c  Data  Gb  Panic.o [1]
pfOldIsr                0x20004260     0x4  Data  Lc  PhyISR.o [1]
phyLocal                0x1ffff8f8    0x50  Data  Gb  PhyStateMachine.o [1]
pingCounter             0x200042fe     0x2  Data  Lc  shell_commands.o [1]
pingSize                0x200042fc     0x2  Data  Lc  shell_commands.o [1]
pingTimeStamp           0x20004200     0x8  Data  Gb  shell_commands.o [1]
pingTimerID             0x200007e7     0x1  Data  Gb  shell_commands.o [1]
pll_frac                0x0002c2ac    0x20  Data  Lc  PhyPlmeData.o [1]
pll_int                 0x0002ca84    0x10  Data  Lc  PhyPlmeData.o [1]
pmAppSockThreadMsgQueue
                        0x200042a8     0x4  Data  Lc  socket_app_utils.o [1]
pmMainThreadMsgQueue    0x20004298     0x4  Data  Lc  shell_commands.o [1]
pmSsRx                  0x2000427c     0x4  Data  Lc  router_app.o [1]
pmTaskMsgQueue          0x200004c8     0x4  Data  Lc  dhcp6_client.o [13]
pmTaskMsgQueue          0x200042d8     0x4  Data  Lc  icmp.o [13]
pmTaskMsgQueue          0x200007a0     0x4  Data  Lc  dhcp6_server.o [13]
pmThreadRoutingTaskMsgQueue
                        0x200042dc     0x4  Data  Lc  thread_routing.o [13]
poolInfo                0x200005ec    0x20  Data  Gb  MemManager.o [1]
portGateTable           0x0002cfb4     0x8  Data  Lc  fsl_clock_MKW24D5.o [8]
pows                    0x000226e0    0x48  Data  Lc  xdtento.o [10]
pressedKey              0x2000430c     0x1  Data  Lc  Keyboard.o [1]
previousTimeInTicks     0x20004300     0x2  Data  Lc  TimersManager.o [1]
print_argv              0x00024c99    0xd2  Code  Lc  shell_autocomplete.o [1]
protocolLut             0x00011dac    0x18  Data  Lc  ip.o [13]
pton                    0x00009a17   0x188  Code  Gb  network_utils.o [13]
recvfrom                0x0000ee95    0x20  Code  Gb  sockets.o [13]
s_baudratePrescaler     0x0002cc48    0x10  Data  Lc  fsl_dspi_hal.o [8]
s_baudrateScaler        0x0002b824    0x40  Data  Lc  fsl_dspi_hal.o [8]
select                  0x0000f0cd    0xe6  Code  Gb  sockets.o [13]
send                    0x0000ee2b    0x24  Code  Gb  sockets.o [13]
sendto                  0x0000ee4f    0x22  Code  Gb  sockets.o [13]
setsockopt              0x0000ef57    0xd4  Code  Gb  sockets.o [13]
shellCommandsEnabled    0x20004321     0x1  Data  Lc  shell_commands.o [1]
shell_ProcessChr        0x000215d1   0x568  Code  Lc  shell.o [1]
shell_erase_to_eol      0x00021b39    0x80  Code  Lc  shell.o [1]
shell_find_command      0x0002136d    0x4e  Code  Gb  shell.o [1]
shell_get_opt           0x000212cf    0x9e  Code  Gb  shell.o [1]
shell_init              0x000210c1    0x9a  Code  Gb  shell.o [1]
shell_main              0x00021425   0x19e  Code  Lc  shell.o [1]
shell_printf            0x000211e7    0x48  Code  Gb  shell.o [1]
shell_putc              0x000211c3    0x12  Code  Gb  shell.o [1]
shell_refresh           0x0002115b    0x2e  Code  Gb  shell.o [1]
shell_register_function
                        0x0002122f    0x84  Code  Gb  shell.o [1]
shell_register_function_array
                        0x000212b3    0x1c  Code  Gb  shell.o [1]
shell_write             0x000211ad    0x16  Code  Gb  shell.o [1]
shell_writeDec          0x000211d5    0x12  Code  Gb  shell.o [1]
shell_writeN            0x00021189    0x24  Code  Gb  shell.o [1]
shutdown                0x0000ee0d     0x2  Code  Gb  sockets.o [13]
sixlowpanInstancesNb    0x0002d030     0x4  Data  Gb  sixlowpan_globals.o [1]
slwpContextTableSize    0x0002d034     0x4  Data  Gb  sixlowpan_globals.o [1]
soc_get_usb_base_address
                        0x000279ed    0x10  Code  Gb  adapter_sdk.o [9]
soc_get_usb_vector_number
                        0x00027861    0x10  Code  Gb  adapter_sdk.o [9]
sockDgramCallback       0x0000f650    0x20  Data  Gb  sockets.o [13]
socket                  0x0000edd5    0x38  Code  Gb  sockets.o [13]
socketsSize             0x0002d038     0x4  Data  Gb  sockets_globals.o [1]
spiGateTable            0x000071b2     0x2  Data  Lc  fsl_clock_MKW24D5.o [8]
spi_master_configure_speed
                        0x00024037    0x16  Code  Gb  SPI.o [1]
spi_master_init         0x00023fa5    0x92  Code  Gb  SPI.o [1]
spi_master_transfer     0x0002404d    0x74  Code  Gb  SPI.o [1]
sprintf                 0x0000eda1    0x34  Code  Gb  sprintf.o [4]
ssTx                    0x20003f80    0x20  Data  Gb  socket_app_utils.o [1]
sscanf                  0x0000ed7d    0x24  Code  Gb  sscanf.o [4]
startup_task            0x0000ea59    0x8a  Code  Gb  fsl_osa_ext_mqxlite.o [1]
strchr                  0x0001ad81          Code  Gb  strchr.o [11]
strlen                  0x0000ed45          Code  Gb  strlen.o [11]
strncmp                 0x000293f5    0x2a  Code  Gb  strncmp.o [4]
sw_AES128_CCM           0x0001c3b1   0x19e  Code  Gb  SW_AES128.o [5]
switchPins              0x2000064c    0x18  Data  Gb  gpio_pins.o [1]
systimer                0x1ffff9d8    0x40  Data  Gb  init_bsp.o [1]
thrLinkMargintoLinkQTbl
                        0x0000cd28    0x10  Data  Gb  thread_routing.o [13]
threadInstance          0x200001d8    0x58  Data  Gb  thread_manager.o [13]
threadList              0x2000410c     0xc  Data  Gb  fsl_osa_ext_mqxlite.o [1]
timerHardwareIsRunning  0x20004324     0x1  Data  Lc  TimersManager.o [1]
timerIDSelect           0x200007e9     0x1  Data  Lc  shell_commands.o [1]
toolchain_startup       0x0002b511     0x8  Code  Gb  comp.o [7]
transportServiceListSize
                        0x0002d010     0x4  Data  Gb  ip_globals.o [1]
udpConnectionsSize      0x0002d05c     0x4  Data  Gb  udp_globals.o [1]
udpTranspSrvStr         0x00014c04     0x8  Data  Lc  udp.o [13]
usb_class_object        0x20004178    0x10  Data  Lc  usb_class.o [9]
usb_configuration       0x2000077c     0x8  Data  Lc  usb_descriptor.o [1]
usb_dci_khci_cancel     0x00028b39    0x92  Code  Gb  khci_dev.o [9]
usb_dci_khci_deinit_endpoint
                        0x00028785    0x8e  Code  Gb  khci_dev.o [9]
usb_dci_khci_free_xd    0x00027d61    0x30  Code  Gb  khci_dev.o [9]
usb_dci_khci_get_endpoint_status
                        0x00028c29    0x1c  Code  Gb  khci_dev.o [9]
usb_dci_khci_get_status
                        0x00028d19    0x5a  Code  Gb  khci_dev.o [9]
usb_dci_khci_get_xd     0x00027d91    0x48  Code  Gb  khci_dev.o [9]
usb_dci_khci_init       0x000285fb    0x62  Code  Gb  khci_dev.o [9]
usb_dci_khci_init_endpoint
                        0x00028683   0x102  Code  Gb  khci_dev.o [9]
usb_dci_khci_init_xd    0x00027dd9    0x3e  Code  Gb  khci_dev.o [9]
usb_dci_khci_postinit   0x0002865d    0x26  Code  Gb  khci_dev.o [9]
usb_dci_khci_preinit    0x000285d1    0x2a  Code  Gb  khci_dev.o [9]
usb_dci_khci_recv       0x00028869    0xc2  Code  Gb  khci_dev.o [9]
usb_dci_khci_reset      0x00028d73    0x3e  Code  Gb  khci_dev.o [9]
usb_dci_khci_send       0x00028813    0x56  Code  Gb  khci_dev.o [9]
usb_dci_khci_set_addr   0x00028bcb    0x1e  Code  Gb  khci_dev.o [9]
usb_dci_khci_set_endpoint_status
                        0x00028c45    0x7e  Code  Gb  khci_dev.o [9]
usb_dci_khci_set_status
                        0x00028cc3    0x56  Code  Gb  khci_dev.o [9]
usb_dci_khci_shutdown   0x00028be9    0x40  Code  Gb  khci_dev.o [9]
usb_dci_khci_stall_endpoint
                        0x0002892b    0xc4  Code  Gb  khci_dev.o [9]
usb_dci_khci_unstall_endpoint
                        0x000289ef   0x124  Code  Gb  khci_dev.o [9]
usb_dec_class           0x200006a8    0x18  Data  Lc  usb_descriptor.o [1]
usb_device_get_status   0x000269f9    0x6a  Code  Gb  usb_dev.o [9]
usb_device_init         0x00026ab1   0x116  Code  Gb  usb_dev.o [9]
usb_device_init_endpoint
                        0x00026c05    0x62  Code  Gb  usb_dev.o [9]
usb_device_postinit     0x00026be1    0x24  Code  Gb  usb_dev.o [9]
usb_device_recv_data    0x00026cfd    0xa2  Code  Gb  usb_dev.o [9]
usb_device_register_application_notify
                        0x00026ecf    0x1a  Code  Gb  usb_dev.o [9]
usb_device_register_desc_request_notify
                        0x00026f03    0x1a  Code  Gb  usb_dev.o [9]
usb_device_register_service
                        0x00026c67    0x96  Code  Gb  usb_dev.o [9]
usb_device_register_vendor_class_request_notify
                        0x00026ee9    0x1a  Code  Gb  usb_dev.o [9]
usb_device_reset        0x00026f1d    0x2a  Code  Gb  usb_dev.o [9]
usb_device_send_data    0x00026d9f    0x9e  Code  Gb  usb_dev.o [9]
usb_device_set_status   0x00026a63    0x4e  Code  Gb  usb_dev.o [9]
usb_device_stall_endpoint
                        0x00026e8d    0x42  Code  Gb  usb_dev.o [9]
usb_device_unstall_endpoint
                        0x00026e3d    0x50  Code  Gb  usb_dev.o [9]
usb_hal_khci_clear_control_register
                        0x00027c57     0xc  Code  Lc  khci_dev.o [9]
usb_hal_khci_clr_all_error_interrupts
                        0x00027c17     0x8  Code  Lc  khci_dev.o [9]
usb_hal_khci_clr_all_interrupts
                        0x00027bf3     0x8  Code  Lc  khci_dev.o [9]
usb_hal_khci_clr_interrupt
                        0x00027bed     0x6  Code  Lc  khci_dev.o [9]
usb_hal_khci_clr_oddrst
                        0x00027c3b     0xe  Code  Lc  khci_dev.o [9]
usb_hal_khci_clr_suspend
                        0x00027d4f    0x12  Code  Lc  khci_dev.o [9]
usb_hal_khci_clr_token_busy
                        0x00027c1f     0xe  Code  Lc  khci_dev.o [9]
usb_hal_khci_disable_dp_pull_up
                        0x00027d33     0xa  Code  Lc  khci_dev.o [9]
usb_hal_khci_disable_interrupts
                        0x00027be1     0xc  Code  Lc  khci_dev.o [9]
usb_hal_khci_enable_all_error_interrupts
                        0x00027c0f     0x8  Code  Lc  khci_dev.o [9]
usb_hal_khci_enable_dp_pull_up
                        0x00027d29     0xa  Code  Lc  khci_dev.o [9]
usb_hal_khci_enable_interrupts
                        0x00027bd5     0xc  Code  Lc  khci_dev.o [9]
usb_hal_khci_enable_pull_down
                        0x00027d17    0x12  Code  Lc  khci_dev.o [9]
usb_hal_khci_enable_sof
                        0x00027c49     0xe  Code  Lc  khci_dev.o [9]
usb_hal_khci_endpoint_clr_stall
                        0x00027d01    0x16  Code  Lc  khci_dev.o [9]
usb_hal_khci_endpoint_enable_handshake
                        0x00027cbb    0x22  Code  Lc  khci_dev.o [9]
usb_hal_khci_endpoint_set_direction
                        0x00027cdd    0x24  Code  Lc  khci_dev.o [9]
usb_hal_khci_endpoint_shut_down
                        0x00027caf     0xc  Code  Lc  khci_dev.o [9]
usb_hal_khci_get_frame_number
                        0x00027c8b    0x10  Code  Lc  khci_dev.o [9]
usb_hal_khci_get_transfer_done_direction
                        0x00027c73     0xc  Code  Lc  khci_dev.o [9]
usb_hal_khci_get_transfer_done_ep_number
                        0x00027c69     0xa  Code  Lc  khci_dev.o [9]
usb_hal_khci_get_transfer_done_odd
                        0x00027c7f     0xc  Code  Lc  khci_dev.o [9]
usb_hal_khci_get_transfer_status
                        0x00027c63     0x6  Code  Lc  khci_dev.o [9]
usb_hal_khci_is_interrupt_issued
                        0x00027bfb    0x14  Code  Lc  khci_dev.o [9]
usb_hal_khci_set_buffer_descriptor_table_addr
                        0x00027bc1    0x14  Code  Lc  khci_dev.o [9]
usb_hal_khci_set_device_addr
                        0x00027c9b    0x14  Code  Lc  khci_dev.o [9]
usb_hal_khci_set_oddrst
                        0x00027c2d     0xe  Code  Lc  khci_dev.o [9]
usb_hal_khci_set_suspend
                        0x00027d3d    0x12  Code  Lc  khci_dev.o [9]
usb_if                  0x20000690    0x18  Data  Lc  usb_descriptor.o [1]
usb_lang                0x20000740     0xc  Data  Gb  usb_descriptor.o [1]
vsnprintf               0x00024b05    0x3c  Code  Gb  vsnprint.o [4]
wait_timeout_msec_to_tick
                        0x0000402f    0x2c  Code  Lc  fsl_os_abstraction_mqx.o [8]


[1] = C:\Users\smachin\projects\personal\FSL_Thread_Stack_0.6.0\Thread\app\thread\thread_router\iar\usbkw24d512\mqxlite_debug\Obj
[2] = command line
[3] = Freescale_802.15.4_MAC_06_M4_IAR.a
[4] = dl7M_tln.a
[5] = lib_crypto_IAR_M4.a
[6] = lib_mmcau.a
[7] = lib_mqx.a
[8] = libksdk_platform_mqx.a
[9] = libusbd_mqx.a
[10] = m7M_tl.a
[11] = rt7M_tl.a
[12] = shb_l.a
[13] = thread_m4.a

  172 999 bytes of readonly  code memory
   12 607 bytes of readonly  data memory
   55 264 bytes of readwrite data memory

Errors: none
Warnings: none
